Archive member included because of file (symbol)

/usr/local/gcc-arm-none-eabi-4_9-2015q3/bin/../lib/gcc/arm-none-eabi/4.9.3/../../../../arm-none-eabi/lib/armv6-m/libc_nano.a(lib_a-exit.o)
                              /usr/local/gcc-arm-none-eabi-4_9-2015q3/bin/../lib/gcc/arm-none-eabi/4.9.3/../../../../arm-none-eabi/lib/armv6-m/crt0.o (exit)
/usr/local/gcc-arm-none-eabi-4_9-2015q3/bin/../lib/gcc/arm-none-eabi/4.9.3/../../../../arm-none-eabi/lib/armv6-m/libc_nano.a(lib_a-impure.o)
                              /usr/local/gcc-arm-none-eabi-4_9-2015q3/bin/../lib/gcc/arm-none-eabi/4.9.3/../../../../arm-none-eabi/lib/armv6-m/libc_nano.a(lib_a-exit.o) (_global_impure_ptr)
/usr/local/gcc-arm-none-eabi-4_9-2015q3/bin/../lib/gcc/arm-none-eabi/4.9.3/../../../../arm-none-eabi/lib/armv6-m/libc_nano.a(lib_a-init.o)
                              /usr/local/gcc-arm-none-eabi-4_9-2015q3/bin/../lib/gcc/arm-none-eabi/4.9.3/../../../../arm-none-eabi/lib/armv6-m/crt0.o (__libc_init_array)
/usr/local/gcc-arm-none-eabi-4_9-2015q3/bin/../lib/gcc/arm-none-eabi/4.9.3/../../../../arm-none-eabi/lib/armv6-m/libc_nano.a(lib_a-memset.o)
                              /usr/local/gcc-arm-none-eabi-4_9-2015q3/bin/../lib/gcc/arm-none-eabi/4.9.3/../../../../arm-none-eabi/lib/armv6-m/crt0.o (memset)
/usr/local/gcc-arm-none-eabi-4_9-2015q3/bin/../lib/gcc/arm-none-eabi/4.9.3/../../../../arm-none-eabi/lib/armv6-m/libnosys.a(_exit.o)
                              /usr/local/gcc-arm-none-eabi-4_9-2015q3/bin/../lib/gcc/arm-none-eabi/4.9.3/../../../../arm-none-eabi/lib/armv6-m/libc_nano.a(lib_a-exit.o) (_exit)
/usr/local/gcc-arm-none-eabi-4_9-2015q3/bin/../lib/gcc/arm-none-eabi/4.9.3/armv6-m/libgcc.a(_udivsi3.o)
                              _build/pstorage.o (__aeabi_uidiv)
/usr/local/gcc-arm-none-eabi-4_9-2015q3/bin/../lib/gcc/arm-none-eabi/4.9.3/armv6-m/libgcc.a(_divsi3.o)
                              _build/pstorage.o (__aeabi_idiv)
/usr/local/gcc-arm-none-eabi-4_9-2015q3/bin/../lib/gcc/arm-none-eabi/4.9.3/armv6-m/libgcc.a(_dvmd_tls.o)
                              /usr/local/gcc-arm-none-eabi-4_9-2015q3/bin/../lib/gcc/arm-none-eabi/4.9.3/armv6-m/libgcc.a(_udivsi3.o) (__aeabi_idiv0)
/usr/local/gcc-arm-none-eabi-4_9-2015q3/bin/../lib/gcc/arm-none-eabi/4.9.3/../../../../arm-none-eabi/lib/armv6-m/libc_nano.a(lib_a-ctype_.o)
                              _build/main.o (__ctype_ptr__)
/usr/local/gcc-arm-none-eabi-4_9-2015q3/bin/../lib/gcc/arm-none-eabi/4.9.3/../../../../arm-none-eabi/lib/armv6-m/libc_nano.a(lib_a-memcmp.o)
                              _build/device_manager_central.o (memcmp)
/usr/local/gcc-arm-none-eabi-4_9-2015q3/bin/../lib/gcc/arm-none-eabi/4.9.3/../../../../arm-none-eabi/lib/armv6-m/libc_nano.a(lib_a-memcpy.o)
                              _build/pstorage.o (memcpy)
/usr/local/gcc-arm-none-eabi-4_9-2015q3/bin/../lib/gcc/arm-none-eabi/4.9.3/../../../../arm-none-eabi/lib/armv6-m/libc_nano.a(lib_a-sprintf.o)
                              _build/main.o (sprintf)
/usr/local/gcc-arm-none-eabi-4_9-2015q3/bin/../lib/gcc/arm-none-eabi/4.9.3/../../../../arm-none-eabi/lib/armv6-m/libc_nano.a(lib_a-sscanf.o)
                              _build/main.o (sscanf)
/usr/local/gcc-arm-none-eabi-4_9-2015q3/bin/../lib/gcc/arm-none-eabi/4.9.3/../../../../arm-none-eabi/lib/armv6-m/libc_nano.a(lib_a-stdio.o)
                              /usr/local/gcc-arm-none-eabi-4_9-2015q3/bin/../lib/gcc/arm-none-eabi/4.9.3/../../../../arm-none-eabi/lib/armv6-m/libc_nano.a(lib_a-sscanf.o) (__seofread)
/usr/local/gcc-arm-none-eabi-4_9-2015q3/bin/../lib/gcc/arm-none-eabi/4.9.3/../../../../arm-none-eabi/lib/armv6-m/libc_nano.a(lib_a-strcat.o)
                              _build/main.o (strcat)
/usr/local/gcc-arm-none-eabi-4_9-2015q3/bin/../lib/gcc/arm-none-eabi/4.9.3/../../../../arm-none-eabi/lib/armv6-m/libc_nano.a(lib_a-strcmp.o)
                              _build/main.o (strcmp)
/usr/local/gcc-arm-none-eabi-4_9-2015q3/bin/../lib/gcc/arm-none-eabi/4.9.3/../../../../arm-none-eabi/lib/armv6-m/libc_nano.a(lib_a-strcpy.o)
                              _build/SEGGER_RTT.o (strcpy)
/usr/local/gcc-arm-none-eabi-4_9-2015q3/bin/../lib/gcc/arm-none-eabi/4.9.3/../../../../arm-none-eabi/lib/armv6-m/libc_nano.a(lib_a-strlen.o)
                              _build/main.o (strlen)
/usr/local/gcc-arm-none-eabi-4_9-2015q3/bin/../lib/gcc/arm-none-eabi/4.9.3/../../../../arm-none-eabi/lib/armv6-m/libc_nano.a(lib_a-strncmp.o)
                              _build/main.o (strncmp)
/usr/local/gcc-arm-none-eabi-4_9-2015q3/bin/../lib/gcc/arm-none-eabi/4.9.3/../../../../arm-none-eabi/lib/armv6-m/libc_nano.a(lib_a-writer.o)
                              /usr/local/gcc-arm-none-eabi-4_9-2015q3/bin/../lib/gcc/arm-none-eabi/4.9.3/../../../../arm-none-eabi/lib/armv6-m/libc_nano.a(lib_a-stdio.o) (_write_r)
/usr/local/gcc-arm-none-eabi-4_9-2015q3/bin/../lib/gcc/arm-none-eabi/4.9.3/../../../../arm-none-eabi/lib/armv6-m/libc_nano.a(lib_a-closer.o)
[...]
Memory Configuration

Name             Origin             Length             Attributes
FLASH            0x000000000001b000 0x0000000000025000 xr
RAM              0x0000000020001eb0 0x0000000000002150 xrw
*default*        0x0000000000000000 0xffffffffffffffff

Linker script and memory map


.text           0x000000000001b000     0xba90
 *(.isr_vector)
 .isr_vector    0x000000000001b000       0xc0 _build/gcc_startup_nrf51.o
                0x000000000001b000                __isr_vector
 *(.text*)
 .text          0x000000000001b0c0       0x60 /usr/local/gcc-arm-none-eabi-4_9-2015q3/bin/../lib/gcc/arm-none-eabi/4.9.3/armv6-m/crtbegin.o
 .text          0x000000000001b120       0x78 /usr/local/gcc-arm-none-eabi-4_9-2015q3/bin/../lib/gcc/arm-none-eabi/4.9.3/../../../../arm-none-eabi/lib/armv6-m/crt0.o
                0x000000000001b120                _mainCRTStartup
                0x000000000001b120                _start
 .text.exit     0x000000000001b198       0x2c /usr/local/gcc-arm-none-eabi-4_9-2015q3/bin/../lib/gcc/arm-none-eabi/4.9.3/../../../../arm-none-eabi/lib/armv6-m/libc_nano.a(lib_a-exit.o)
                0x000000000001b198                exit
 .text.__libc_init_array
                0x000000000001b1c4       0x4c /usr/local/gcc-arm-none-eabi-4_9-2015q3/bin/../lib/gcc/arm-none-eabi/4.9.3/../../../../arm-none-eabi/lib/armv6-m/libc_nano.a(lib_a-init.o)
                0x000000000001b1c4                __libc_init_array
 .text.memset   0x000000000001b210       0x10 /usr/local/gcc-arm-none-eabi-4_9-2015q3/bin/../lib/gcc/arm-none-eabi/4.9.3/../../../../arm-none-eabi/lib/armv6-m/libc_nano.a(lib_a-memset.o)
                0x000000000001b210                memset
 .text._exit    0x000000000001b220        0x4 /usr/local/gcc-arm-none-eabi-4_9-2015q3/bin/../lib/gcc/arm-none-eabi/4.9.3/../../../../arm-none-eabi/lib/armv6-m/libnosys.a(_exit.o)
                0x000000000001b220                _exit
 .text.app_error_handler_bare
                0x000000000001b224       0x3c _build/app_error.o
                0x000000000001b224                app_error_handler_bare
 .text.NVIC_SystemReset
                0x000000000001b260       0x20 _build/app_error_weak.o
 .text.app_error_fault_handler
                0x000000000001b280       0x18 _build/app_error_weak.o
                0x000000000001b280                app_error_fault_handler
 .text.fifo_length
                0x000000000001b298       0x20 _build/app_fifo.o
 .text.fifo_put
                0x000000000001b2b8       0x34 _build/app_fifo.o
 .text.fifo_peek
                0x000000000001b2ec       0x38 _build/app_fifo.o
 .text.fifo_get
                0x000000000001b324       0x28 _build/app_fifo.o
 .text.app_fifo_init
                0x000000000001b34c       0x5c _build/app_fifo.o
                0x000000000001b34c                app_fifo_init
 .text.app_fifo_put
                0x000000000001b3a8       0x3c _build/app_fifo.o
                0x000000000001b3a8                app_fifo_put
 .text.app_fifo_get
                0x000000000001b3e4       0x30 _build/app_fifo.o
                0x000000000001b3e4                app_fifo_get
 .text.app_fifo_peek
                0x000000000001b414       0x48 _build/app_fifo.o
                0x000000000001b414                app_fifo_peek
 .text.app_fifo_flush
                0x000000000001b45c       0x1c _build/app_fifo.o
                0x000000000001b45c                app_fifo_flush
 .text.app_fifo_read
                0x000000000001b478       0x8c _build/app_fifo.o
                0x000000000001b478                app_fifo_read
 .text.app_fifo_write
                0x000000000001b504       0x98 _build/app_fifo.o
                0x000000000001b504                app_fifo_write
 .text.NVIC_EnableIRQ
                0x000000000001b59c       0x2c _build/app_timer.o
 .text.NVIC_DisableIRQ
                0x000000000001b5c8       0x2c _build/app_timer.o
 .text.NVIC_SetPendingIRQ
                0x000000000001b5f4       0x2c _build/app_timer.o
 .text.NVIC_ClearPendingIRQ
                0x000000000001b620       0x2c _build/app_timer.o
 .text.NVIC_SetPriority
                0x000000000001b64c       0xd4 _build/app_timer.o
 .text.NVIC_GetPriority
                0x000000000001b720       0x78 _build/app_timer.o
 .text.is_word_aligned
                0x000000000001b798       0x1c _build/app_timer.o
 .text.current_int_priority_get
                0x000000000001b7b4       0x3c _build/app_timer.o
 .text.rtc1_init
                0x000000000001b7f0       0x24 _build/app_timer.o
 .text.rtc1_start
                0x000000000001b814       0x68 _build/app_timer.o
 .text.rtc1_stop
                0x000000000001b87c       0x98 _build/app_timer.o
 .text.rtc1_counter_get
                0x000000000001b914       0x18 _build/app_timer.o
 .text.ticks_diff_get
                0x000000000001b92c       0x1c _build/app_timer.o
 .text.rtc1_compare0_set
                0x000000000001b948       0x1c _build/app_timer.o
 .text.timer_list_insert
                0x000000000001b964       0xb0 _build/app_timer.o
 .text.timer_list_remove
                0x000000000001ba14       0xa0 _build/app_timer.o
 .text.timer_timeouts_check_sched
                0x000000000001bab4       0x10 _build/app_timer.o
 .text.timer_list_handler_sched
                0x000000000001bac4       0x10 _build/app_timer.o
 .text.timeout_handler_exec
                0x000000000001bad4       0x54 _build/app_timer.o
 .text.timer_timeouts_check
                0x000000000001bb28       0xc8 _build/app_timer.o
 .text.elapsed_ticks_acquire
                0x000000000001bbf0       0x7c _build/app_timer.o
 .text.list_deletions_handler
                0x000000000001bc6c       0xec _build/app_timer.o
 .text.expired_timers_handler
                0x000000000001bd58       0x98 _build/app_timer.o
 .text.list_insertions_handler
                0x000000000001bdf0      0x194 _build/app_timer.o
 .text.compare_reg_update
                0x000000000001bf84       0xe4 _build/app_timer.o
 .text.timer_list_handler
                0x000000000001c068       0x94 _build/app_timer.o
 .text.user_op_enque
                0x000000000001c0fc       0x1c _build/app_timer.o
 .text.user_op_alloc
                0x000000000001c118       0x68 _build/app_timer.o
 .text.timer_start_op_schedule
                0x000000000001c180       0x84 _build/app_timer.o
 .text.RTC1_IRQHandler
                0x000000000001c204       0x4c _build/app_timer.o
                0x000000000001c204                RTC1_IRQHandler
 .text.SWI0_IRQHandler
                0x000000000001c250        0xc _build/app_timer.o
                0x000000000001c250                SWI0_IRQHandler
 .text.app_timer_init
                0x000000000001c25c      0x108 _build/app_timer.o
                0x000000000001c25c                app_timer_init
 .text.app_timer_create
                0x000000000001c364       0x6c _build/app_timer.o
                0x000000000001c364                app_timer_create
 .text.user_id_get
                0x000000000001c3d0       0x34 _build/app_timer.o
 .text.app_timer_start
                0x000000000001c404       0x70 _build/app_timer.o
                0x000000000001c404                app_timer_start
 .text.fifo_length
                0x000000000001c474       0x20 _build/app_uart_fifo.o
 .text.uart_event_handler
                0x000000000001c494      0x11c _build/app_uart_fifo.o
 .text.app_uart_init
                0x000000000001c5b0      0x134 _build/app_uart_fifo.o
                0x000000000001c5b0                app_uart_init
 .text.app_uart_flush
                0x000000000001c6e4       0x44 _build/app_uart_fifo.o
                0x000000000001c6e4                app_uart_flush
 .text.app_uart_get
                0x000000000001c728       0x50 _build/app_uart_fifo.o
                0x000000000001c728                app_uart_get
 .text.app_uart_put
                0x000000000001c778       0x68 _build/app_uart_fifo.o
                0x000000000001c778                app_uart_put
 .text.NVIC_EnableIRQ
                0x000000000001c7e0       0x2c _build/nrf_drv_common.o
 .text.NVIC_ClearPendingIRQ
                0x000000000001c80c       0x2c _build/nrf_drv_common.o
 .text.NVIC_SetPriority
                0x000000000001c838       0xd4 _build/nrf_drv_common.o
 .text.nrf_drv_common_irq_enable
                0x000000000001c90c       0x44 _build/nrf_drv_common.o
                0x000000000001c90c                nrf_drv_common_irq_enable
 .text.nrf_gpiote_event_is_set
                0x000000000001c950       0x2c _build/nrf_drv_gpiote.o
 .text.nrf_gpiote_event_clear
                0x000000000001c97c       0x24 _build/nrf_drv_gpiote.o
 .text.nrf_gpiote_event_addr_get
                0x000000000001c9a0       0x24 _build/nrf_drv_gpiote.o
 .text.nrf_gpiote_int_is_enabled
                0x000000000001c9c4       0x20 _build/nrf_drv_gpiote.o
 .text.nrf_gpiote_event_pin_get
                0x000000000001c9e4       0x28 _build/nrf_drv_gpiote.o
 .text.nrf_gpiote_event_polarity_get
                0x000000000001ca0c       0x2c _build/nrf_drv_gpiote.o
 .text.nrf_gpio_cfg_sense_set
                0x000000000001ca38       0x5c _build/nrf_drv_gpiote.o
 .text.nrf_gpio_pins_read
                0x000000000001ca94       0x14 _build/nrf_drv_gpiote.o
 .text.nrf_gpio_pin_sense_get
                0x000000000001caa8       0x28 _build/nrf_drv_gpiote.o
 .text.channel_port_get
                0x000000000001cad0       0x24 _build/nrf_drv_gpiote.o
 .text.channel_handler_get
                0x000000000001caf4       0x1c _build/nrf_drv_gpiote.o
 .text.GPIOTE_IRQHandler
                0x000000000001cb10      0x290 _build/nrf_drv_gpiote.o
                0x000000000001cb10                GPIOTE_IRQHandler
 .text.nrf_uart_event_clear
                0x000000000001cda0       0x20 _build/nrf_drv_uart.o
 .text.nrf_uart_event_check
                0x000000000001cdc0       0x28 _build/nrf_drv_uart.o
 .text.nrf_uart_int_enable
                0x000000000001cde8       0x1c _build/nrf_drv_uart.o
 .text.nrf_uart_int_enable_check
                0x000000000001ce04       0x24 _build/nrf_drv_uart.o
 .text.nrf_uart_int_disable
                0x000000000001ce28       0x1c _build/nrf_drv_uart.o
 .text.nrf_uart_errorsrc_get_and_clear
                0x000000000001ce44       0x28 _build/nrf_drv_uart.o
 .text.nrf_uart_enable
                0x000000000001ce6c       0x18 _build/nrf_drv_uart.o
 .text.nrf_uart_txrx_pins_set
                0x000000000001ce84       0x2c _build/nrf_drv_uart.o
 .text.nrf_uart_hwfc_pins_set
                0x000000000001ceb0       0x28 _build/nrf_drv_uart.o
 .text.nrf_uart_rxd_get
                0x000000000001ced8       0x1c _build/nrf_drv_uart.o
 .text.nrf_uart_txd_set
                0x000000000001cef4       0x24 _build/nrf_drv_uart.o
 .text.nrf_uart_task_trigger
                0x000000000001cf18       0x20 _build/nrf_drv_uart.o
 .text.nrf_uart_configure
                0x000000000001cf38       0x38 _build/nrf_drv_uart.o
 .text.nrf_uart_baudrate_set
                0x000000000001cf70       0x1c _build/nrf_drv_uart.o
 .text.nrf_gpio_cfg
                0x000000000001cf8c       0x5c _build/nrf_drv_uart.o
 .text.nrf_gpio_cfg_output
                0x000000000001cfe8       0x24 _build/nrf_drv_uart.o
 .text.nrf_gpio_cfg_input
                0x000000000001d00c       0x30 _build/nrf_drv_uart.o
 .text.nrf_gpio_pin_set
                0x000000000001d03c       0x20 _build/nrf_drv_uart.o
 .text.apply_config
                0x000000000001d05c       0xa4 _build/nrf_drv_uart.o
 .text.interrupts_enable
                0x000000000001d100       0x50 _build/nrf_drv_uart.o
 .text.uart_enable
                0x000000000001d150       0x14 _build/nrf_drv_uart.o
 .text.nrf_drv_uart_init
                0x000000000001d164       0x7c _build/nrf_drv_uart.o
                0x000000000001d164                nrf_drv_uart_init
 .text.tx_byte  0x000000000001d1e0       0x50 _build/nrf_drv_uart.o
 .text.nrf_drv_uart_tx_for_uart
                0x000000000001d230       0xd4 _build/nrf_drv_uart.o
 .text.nrf_drv_uart_tx
                0x000000000001d304       0x40 _build/nrf_drv_uart.o
                0x000000000001d304                nrf_drv_uart_tx
 .text.nrf_drv_uart_tx_in_progress
                0x000000000001d344       0x18 _build/nrf_drv_uart.o
                0x000000000001d344                nrf_drv_uart_tx_in_progress
 .text.rx_enable
                0x000000000001d35c       0x34 _build/nrf_drv_uart.o
 .text.rx_byte  0x000000000001d390       0x64 _build/nrf_drv_uart.o
 .text.nrf_drv_uart_rx_for_uart
                0x000000000001d3f4      0x14c _build/nrf_drv_uart.o
 .text.nrf_drv_uart_rx
                0x000000000001d540       0xc0 _build/nrf_drv_uart.o
                0x000000000001d540                nrf_drv_uart_rx
 .text.nrf_drv_uart_rx_enable
                0x000000000001d600       0x24 _build/nrf_drv_uart.o
                0x000000000001d600                nrf_drv_uart_rx_enable
 .text.rx_done_event
                0x000000000001d624       0x44 _build/nrf_drv_uart.o
 .text.tx_done_event
                0x000000000001d668       0x4c _build/nrf_drv_uart.o
 .text.uart_irq_handler
                0x000000000001d6b4      0x200 _build/nrf_drv_uart.o
 .text.UART0_IRQHandler
                0x000000000001d8b4        0xc _build/nrf_drv_uart.o
                0x000000000001d8b4                UART0_IRQHandler
 .text.nrf_spis_task_trigger
                0x000000000001d8c0       0x20 _build/nrf_drv_spis.o
 .text.nrf_spis_event_clear
                0x000000000001d8e0       0x20 _build/nrf_drv_spis.o
 .text.nrf_spis_event_check
                0x000000000001d900       0x28 _build/nrf_drv_spis.o
 .text.nrf_spis_shorts_enable
                0x000000000001d928       0x28 _build/nrf_drv_spis.o
 .text.nrf_spis_int_enable
                0x000000000001d950       0x1c _build/nrf_drv_spis.o
 .text.nrf_spis_enable
                0x000000000001d96c       0x18 _build/nrf_drv_spis.o
 .text.nrf_spis_pins_set
                0x000000000001d984       0x40 _build/nrf_drv_spis.o
 .text.nrf_spis_tx_buffer_set
                0x000000000001d9c4       0x2c _build/nrf_drv_spis.o
 .text.nrf_spis_rx_buffer_set
                0x000000000001d9f0       0x2c _build/nrf_drv_spis.o
 .text.nrf_spis_tx_amount_get
                0x000000000001da1c       0x1c _build/nrf_drv_spis.o
 .text.nrf_spis_rx_amount_get
                0x000000000001da38       0x1c _build/nrf_drv_spis.o
 .text.nrf_spis_configure
                0x000000000001da54       0x68 _build/nrf_drv_spis.o
 .text.nrf_spis_orc_set
                0x000000000001dabc       0x20 _build/nrf_drv_spis.o
 .text.nrf_spis_def_set
                0x000000000001dadc       0x24 _build/nrf_drv_spis.o
 .text.nrf_gpio_cfg
                0x000000000001db00       0x5c _build/nrf_drv_spis.o
 .text.nrf_drv_is_in_RAM
                0x000000000001db5c       0x24 _build/nrf_drv_spis.o
 .text.nrf_drv_spis_init
                0x000000000001db80      0x1ec _build/nrf_drv_spis.o
                0x000000000001db80                nrf_drv_spis_init
 .text.spis_state_entry_action_execute
                0x000000000001dd6c       0xc8 _build/nrf_drv_spis.o
 .text.spis_state_change
                0x000000000001de34       0x28 _build/nrf_drv_spis.o
 .text.nrf_drv_spis_buffers_set
                0x000000000001de5c       0xd8 _build/nrf_drv_spis.o
                0x000000000001de5c                nrf_drv_spis_buffers_set
 .text.spis_irq_handler
                0x000000000001df34       0xc0 _build/nrf_drv_spis.o
 .text.SPI1_TWI1_IRQHandler
                0x000000000001dff4       0x1c _build/nrf_drv_spis.o
                0x000000000001dff4                SPI1_TWI1_IRQHandler
 .text.pstorage_flash_page_size
                0x000000000001e010       0x14 _build/pstorage.o
 .text.pstorage_flash_page_end
                0x000000000001e024       0x38 _build/pstorage.o
 .text.is_word_aligned
                0x000000000001e05c       0x1c _build/pstorage.o
 .text.sd_flash_write
                0x000000000001e078        0x8 _build/pstorage.o
 .text.sd_flash_page_erase
                0x000000000001e080        0x8 _build/pstorage.o
 .text.command_queue_element_consume
                0x000000000001e088       0x3c _build/pstorage.o
 .text.command_end_procedure_run
                0x000000000001e0c4       0x34 _build/pstorage.o
 .text.state_idle_entry_run
                0x000000000001e0f8       0x20 _build/pstorage.o
 .text.app_notify_error_state_transit
                0x000000000001e118       0x38 _build/pstorage.o
 .text.flash_api_err_code_process
                0x000000000001e150       0x38 _build/pstorage.o
 .text.flash_write
                0x000000000001e188       0x2c _build/pstorage.o
 .text.store_cmd_flash_write_execute
                0x000000000001e1b4       0xb0 _build/pstorage.o
 .text.state_store_entry_run
                0x000000000001e264        0xc _build/pstorage.o
 .text.state_data_erase_swap_entry_run
                0x000000000001e270       0xc0 _build/pstorage.o
 .text.flash_page_erase
                0x000000000001e330       0x20 _build/pstorage.o
 .text.state_data_erase_entry_run
                0x000000000001e350       0x18 _build/pstorage.o
 .text.state_entry_action_run
                0x000000000001e368       0x40 _build/pstorage.o
 .text.sm_state_change
                0x000000000001e3a8       0x24 _build/pstorage.o
 .text.state_swap_erase_entry_run
                0x000000000001e3cc       0x30 _build/pstorage.o
 .text.state_write_data_swap_entry_run
                0x000000000001e3fc       0x44 _build/pstorage.o
 .text.state_erase_data_page_entry_run
                0x000000000001e440       0x18 _build/pstorage.o
 .text.state_restore_tail_entry_run
                0x000000000001e458       0x8c _build/pstorage.o
 .text.state_restore_head_entry_run
                0x000000000001e4e4       0x40 _build/pstorage.o
 .text.swap_sub_state_entry_action_run
                0x000000000001e524       0x20 _build/pstorage.o
 .text.swap_sub_state_state_change
                0x000000000001e544       0x24 _build/pstorage.o
 .text.cmd_queue_element_init
                0x000000000001e568       0x84 _build/pstorage.o
 .text.cmd_queue_init
                0x000000000001e5ec       0x38 _build/pstorage.o
 .text.cmd_queue_enqueue
                0x000000000001e624       0xe4 _build/pstorage.o
 .text.cmd_queue_dequeue
                0x000000000001e708       0x18 _build/pstorage.o
 .text.app_notify
                0x000000000001e720       0x54 _build/pstorage.o
 .text.is_tail_data_page_swap_required
                0x000000000001e774       0x84 _build/pstorage.o
 .text.clear_post_processing_run
                0x000000000001e7f8       0x38 _build/pstorage.o
 .text.swap_sub_sm_exit_action_run
                0x000000000001e830        0xc _build/pstorage.o
 .text.is_page_erase_required
                0x000000000001e83c       0x90 _build/pstorage.o
 .text.swap_sub_state_err_busy_process
                0x000000000001e8cc       0x28 _build/pstorage.o
 .text.head_restore_state_run
                0x000000000001e8f4       0x70 _build/pstorage.o
 .text.tail_restore_state_run
                0x000000000001e964       0x20 _build/pstorage.o
 .text.data_page_erase_state_run
                0x000000000001e984       0x84 _build/pstorage.o
 .text.data_to_swap_write_state_run
                0x000000000001ea08       0x38 _build/pstorage.o
 .text.swap_erase_state_run
                0x000000000001ea40       0x24 _build/pstorage.o
 .text.swap_sub_state_sm_run
                0x000000000001ea64       0x20 _build/pstorage.o
 .text.main_state_err_busy_process
                0x000000000001ea84       0x28 _build/pstorage.o
 .text.erase_sub_state_sm_run
                0x000000000001eaac       0x50 _build/pstorage.o
 .text.store_sub_state_sm_run
                0x000000000001eafc       0x64 _build/pstorage.o
 .text.flash_operation_success_run
                0x000000000001eb60       0x30 _build/pstorage.o
 .text.flash_operation_failure_run
                0x000000000001eb90       0x4c _build/pstorage.o
 .text.pstorage_sys_event_handler
                0x000000000001ebdc       0x50 _build/pstorage.o
                0x000000000001ebdc                pstorage_sys_event_handler
 .text.tail_word_size_calculate
                0x000000000001ec2c       0x94 _build/pstorage.o
 .text.clear_operation_execute
                0x000000000001ecc0      0x194 _build/pstorage.o
 .text.store_operation_execute
                0x000000000001ee54       0x10 _build/pstorage.o
 .text.update_operation_execute
                0x000000000001ee64        0xc _build/pstorage.o
 .text.cmd_process
                0x000000000001ee70       0x58 _build/pstorage.o
 .text.pstorage_init
                0x000000000001eec8       0xc4 _build/pstorage.o
                0x000000000001eec8                pstorage_init
 .text.pstorage_register
                0x000000000001ef8c      0x184 _build/pstorage.o
                0x000000000001ef8c                pstorage_register
 .text.pstorage_block_identifier_get
                0x000000000001f110       0xf8 _build/pstorage.o
                0x000000000001f110                pstorage_block_identifier_get
 .text.pstorage_store
                0x000000000001f208      0x164 _build/pstorage.o
                0x000000000001f208                pstorage_store
 .text.pstorage_update
                0x000000000001f36c      0x164 _build/pstorage.o
                0x000000000001f36c                pstorage_update
 .text.pstorage_load
                0x000000000001f4d0      0x18c _build/pstorage.o
                0x000000000001f4d0                pstorage_load
 .text.pstorage_clear
                0x000000000001f65c      0x1a4 _build/pstorage.o
                0x000000000001f65c                pstorage_clear
 .text.pstorage_access_status_get
                0x000000000001f800       0x3c _build/pstorage.o
                0x000000000001f800                pstorage_access_status_get
 .text.sd_app_evt_wait
                0x000000000001f83c        0x8 _build/main.o
 .text.sd_ble_gap_conn_param_update
                0x000000000001f844        0x8 _build/main.o
 .text.sd_ble_gap_auth_key_reply
                0x000000000001f84c        0x8 _build/main.o
 .text.sd_ble_gap_scan_start
                0x000000000001f854        0x8 _build/main.o
 .text.sd_ble_gap_scan_stop
                0x000000000001f85c        0x8 _build/main.o
 .text.sd_ble_gap_connect
                0x000000000001f864        0x8 _build/main.o
 .text.nrf_gpio_cfg
                0x000000000001f86c       0x5c _build/main.o
 .text.nrf_gpio_cfg_output
                0x000000000001f8c8       0x24 _build/main.o
 .text.nrf_gpio_pin_set
                0x000000000001f8ec       0x20 _build/main.o
 .text.nrf_gpio_pin_clear
                0x000000000001f90c       0x24 _build/main.o
 .text.nrf_gpio_pin_read
                0x000000000001f930       0x24 _build/main.o
 .text.db_disc_handler
                0x000000000001f954       0x30 _build/main.o
 .text.device_manager_event_handler
                0x000000000001f984      0x154 _build/main.o
 .text.adv_report_parse
                0x000000000001fad8       0x90 _build/main.o
 .text.tx_buffer_write
                0x000000000001fb68      0x258 _build/main.o
 .text.on_ble_evt
                0x000000000001fdc0      0x2f0 _build/main.o
 .text.on_sys_evt
                0x00000000000200b0       0x34 _build/main.o
 .text.ble_evt_dispatch
                0x00000000000200e4       0x50 _build/main.o
 .text.sys_evt_dispatch
                0x0000000000020134       0x20 _build/main.o
 .text.ble_stack_init
                0x0000000000020154       0xfc _build/main.o
 .text.device_manager_init
                0x0000000000020250      0x118 _build/main.o
 .text.bas_c_evt_handler
                0x0000000000020368       0x68 _build/main.o
 .text.bas_c_init
                0x00000000000203d0       0x3c _build/main.o
 .text.db_discovery_init
                0x000000000002040c       0x30 _build/main.o
 .text.scan_set_default_params
                0x000000000002043c       0x38 _build/main.o
 .text.scan_set_params
                0x0000000000020474       0xd4 _build/main.o
 .text.scan_start
                0x0000000000020548       0x54 _build/main.o
 .text.scan_stop
                0x000000000002059c       0x18 _build/main.o
 .text.gpio_init
                0x00000000000205b4       0x1c _build/main.o
 .text.timer_timeout_handler
                0x00000000000205d0       0x10 _build/main.o
 .text.timer_init
                0x00000000000205e0       0x8c _build/main.o
 .text.nrf_log_init
                0x000000000002066c       0x24 _build/main.o
 .text.uart_write_str
                0x0000000000020690       0x48 _build/main.o
 .text.add_device_to_list
                0x00000000000206d8       0xb4 _build/main.o
 .text.list_device
                0x000000000002078c      0x25c _build/main.o
 .text.send_adv_data
                0x00000000000209e8      0x1a8 _build/main.o
 .text.uart_rx_command_handler
                0x0000000000020b90      0x670 _build/main.o
 .text.uart_event_handler
                0x0000000000021200       0xb8 _build/main.o
 .text.uart_init
                0x00000000000212b8       0x6c _build/main.o
 .text.spi_slave_handler
                0x0000000000021324       0x14 _build/main.o
 .text.hw_if_init
                0x0000000000021338       0x8c _build/main.o
 .text.radio_notification_blink
                0x00000000000213c4       0x28 _build/main.o
 .text.radio_notification_init
                0x00000000000213ec       0x34 _build/main.o
 .text.power_manage
                0x0000000000021420       0x28 _build/main.o
 .text.main     0x0000000000021448       0x80 _build/main.o
                0x0000000000021448                main
 .text.sd_ble_gattc_read
                0x00000000000214c8        0x8 _build/ble_bas_c.o
 .text.sd_ble_gattc_write
                0x00000000000214d0        0x8 _build/ble_bas_c.o
 .text.tx_buffer_process
                0x00000000000214d8       0xb4 _build/ble_bas_c.o
 .text.on_write_rsp
                0x000000000002158c       0x24 _build/ble_bas_c.o
 .text.on_read_rsp
                0x00000000000215b0       0x60 _build/ble_bas_c.o
 .text.on_hvx   0x0000000000021610       0x60 _build/ble_bas_c.o
 .text.ble_bas_on_db_disc_evt
                0x0000000000021670      0x10c _build/ble_bas_c.o
                0x0000000000021670                ble_bas_on_db_disc_evt
 .text.cccd_configure
                0x000000000002177c       0xb0 _build/ble_bas_c.o
 .text.ble_bas_c_init
                0x000000000002182c       0x64 _build/ble_bas_c.o
                0x000000000002182c                ble_bas_c_init
 .text.on_disconnected
                0x0000000000021890       0x30 _build/ble_bas_c.o
 .text.ble_bas_c_on_ble_evt
                0x00000000000218c0       0x70 _build/ble_bas_c.o
                0x00000000000218c0                ble_bas_c_on_ble_evt
 .text.ble_bas_c_bl_notif_enable
                0x0000000000021930       0x40 _build/ble_bas_c.o
                0x0000000000021930                ble_bas_c_bl_notif_enable
 .text.ble_bas_c_bl_read
                0x0000000000021970       0x74 _build/ble_bas_c.o
                0x0000000000021970                ble_bas_c_bl_read
 .text.ble_bas_c_handles_assign
                0x00000000000219e4       0x48 _build/ble_bas_c.o
                0x00000000000219e4                ble_bas_c_handles_assign
 .text.sd_ble_gattc_primary_services_discover
                0x0000000000021a2c        0x8 _build/ble_db_discovery.o
 .text.sd_ble_gattc_characteristics_discover
                0x0000000000021a34        0x8 _build/ble_db_discovery.o
 .text.sd_ble_gattc_descriptors_discover
                0x0000000000021a3c        0x8 _build/ble_db_discovery.o
 .text.registered_handler_get
                0x0000000000021a44       0x5c _build/ble_db_discovery.o
 .text.registered_handler_set
                0x0000000000021aa0       0x58 _build/ble_db_discovery.o
 .text.pending_user_evts_send
                0x0000000000021af8       0x5c _build/ble_db_discovery.o
 .text.discovery_error_evt_trigger
                0x0000000000021b54       0x60 _build/ble_db_discovery.o
 .text.discovery_complete_evt_trigger
                0x0000000000021bb4       0xf4 _build/ble_db_discovery.o
 .text.on_srv_disc_completion
                0x0000000000021ca8       0xf8 _build/ble_db_discovery.o
 .text.is_char_discovery_reqd
                0x0000000000021da0       0x34 _build/ble_db_discovery.o
 .text.is_desc_discovery_reqd
                0x0000000000021dd4       0x90 _build/ble_db_discovery.o
 .text.characteristics_discover
                0x0000000000021e64       0xa8 _build/ble_db_discovery.o
 .text.descriptors_discover
                0x0000000000021f0c      0x140 _build/ble_db_discovery.o
 .text.on_primary_srv_discovery_rsp
                0x000000000002204c       0xd8 _build/ble_db_discovery.o
 .text.on_characteristic_discovery_rsp
                0x0000000000022124      0x220 _build/ble_db_discovery.o
 .text.on_descriptor_discovery_rsp
                0x0000000000022344      0x158 _build/ble_db_discovery.o
 .text.ble_db_discovery_init
                0x000000000002249c       0x48 _build/ble_db_discovery.o
                0x000000000002249c                ble_db_discovery_init
 .text.ble_db_discovery_evt_register
                0x00000000000224e4       0x44 _build/ble_db_discovery.o
                0x00000000000224e4                ble_db_discovery_evt_register
 .text.ble_db_discovery_start
                0x0000000000022528       0xdc _build/ble_db_discovery.o
                0x0000000000022528                ble_db_discovery_start
 .text.on_disconnected
                0x0000000000022604       0x2c _build/ble_db_discovery.o
 .text.ble_db_discovery_on_ble_evt
                0x0000000000022630       0x90 _build/ble_db_discovery.o
                0x0000000000022630                ble_db_discovery_on_ble_evt
 .text.sd_ble_gattc_read
                0x00000000000226c0        0x8 _build/ble_hrs_c.o
 .text.sd_ble_gattc_write
                0x00000000000226c8        0x8 _build/ble_hrs_c.o
 .text.uint16_decode
                0x00000000000226d0       0x28 _build/ble_hrs_c.o
 .text.tx_buffer_process
                0x00000000000226f8       0xb4 _build/ble_hrs_c.o
 .text.on_write_rsp
                0x00000000000227ac       0x24 _build/ble_hrs_c.o
 .text.on_hvx   0x00000000000227d0       0x94 _build/ble_hrs_c.o
 .text.on_disconnected
                0x0000000000022864       0x30 _build/ble_hrs_c.o
 .text.ble_hrs_on_db_disc_evt
                0x0000000000022894       0xec _build/ble_hrs_c.o
                0x0000000000022894                ble_hrs_on_db_disc_evt
 .text.ble_hrs_c_on_ble_evt
                0x0000000000022980       0x5c _build/ble_hrs_c.o
                0x0000000000022980                ble_hrs_c_on_ble_evt
 .text.ble_hrs_c_handles_assign
                0x00000000000229dc       0x48 _build/ble_hrs_c.o
                0x00000000000229dc                ble_hrs_c_handles_assign
 .text.sd_ble_gap_authenticate
                0x0000000000022a24        0x8 _build/device_manager_central.o
 .text.sd_ble_gap_sec_params_reply
                0x0000000000022a2c        0x8 _build/device_manager_central.o
 .text.sd_ble_gap_encrypt
                0x0000000000022a34        0x8 _build/device_manager_central.o
 .text.sd_ble_gatts_sys_attr_set
                0x0000000000022a3c        0x8 _build/device_manager_central.o
 .text.sd_ble_gatts_sys_attr_get
                0x0000000000022a44        0x8 _build/device_manager_central.o
 .text.update_status_bit_reset
                0x0000000000022a4c       0x28 _build/device_manager_central.o
 .text.update_status_bit_is_set
                0x0000000000022a74       0x2c _build/device_manager_central.o
 .text.application_instance_init
                0x0000000000022aa0       0x4c _build/device_manager_central.o
 .text.connection_instance_init
                0x0000000000022aec       0x68 _build/device_manager_central.o
 .text.peer_instance_init
                0x0000000000022b54       0x88 _build/device_manager_central.o
 .text.connection_instance_find
                0x0000000000022bdc       0x90 _build/device_manager_central.o
 .text.device_instance_allocate
                0x0000000000022c6c       0xdc _build/device_manager_central.o
 .text.device_instance_find
                0x0000000000022d48       0x5c _build/device_manager_central.o
 .text.app_evt_notify
                0x0000000000022da4       0x28 _build/device_manager_central.o
 .text.connection_instance_allocate
                0x0000000000022dcc       0x50 _build/device_manager_central.o
 .text.connection_instance_free
                0x0000000000022e1c       0x34 _build/device_manager_central.o
 .text.storage_operation_dummy_handler
                0x0000000000022e50       0x20 _build/device_manager_central.o
 .text.device_context_store
                0x0000000000022e70      0x15c _build/device_manager_central.o
 .text.no_service_context_store
                0x0000000000022fcc       0x14 _build/device_manager_central.o
 .text.gatts_context_store
                0x0000000000022fe0      0x154 _build/device_manager_central.o
 .text.gattc_context_store
                0x0000000000023134       0x14 _build/device_manager_central.o
 .text.gattsc_context_store
                0x0000000000023148       0x3c _build/device_manager_central.o
 .text.no_service_context_load
                0x0000000000023184       0x14 _build/device_manager_central.o
 .text.gatts_context_load
                0x0000000000023198       0x6c _build/device_manager_central.o
 .text.gattc_context_load
                0x0000000000023204       0x14 _build/device_manager_central.o
 .text.gattsc_context_load
                0x0000000000023218       0x3c _build/device_manager_central.o
 .text.no_service_context_apply
                0x0000000000023254       0x14 _build/device_manager_central.o
 .text.gatts_context_apply
                0x0000000000023268       0xe4 _build/device_manager_central.o
 .text.gattc_context_apply
                0x000000000002334c       0x14 _build/device_manager_central.o
 .text.gattsc_context_apply
                0x0000000000023360       0x30 _build/device_manager_central.o
 .text.initiate_security_request
                0x0000000000023390       0xf4 _build/device_manager_central.o
                0x0000000000023390                initiate_security_request
 .text.dm_pstorage_cb_handler
                0x0000000000023484      0x36c _build/device_manager_central.o
 .text.dm_init  0x00000000000237f0      0x15c _build/device_manager_central.o
                0x00000000000237f0                dm_init
 .text.dm_register
                0x000000000002394c       0x98 _build/device_manager_central.o
                0x000000000002394c                dm_register
 .text.dm_security_setup_req
                0x00000000000239e4      0x228 _build/device_manager_central.o
                0x00000000000239e4                dm_security_setup_req
 .text.dm_handle_initialize
                0x0000000000023c0c       0x38 _build/device_manager_central.o
                0x0000000000023c0c                dm_handle_initialize
 .text.dm_ble_evt_handler
                0x0000000000023c44      0x7b0 _build/device_manager_central.o
                0x0000000000023c44                dm_ble_evt_handler
 .text.NVIC_EnableIRQ
                0x00000000000243f4       0x2c _build/ble_radio_notification.o
 .text.NVIC_ClearPendingIRQ
                0x0000000000024420       0x2c _build/ble_radio_notification.o
 .text.NVIC_SetPriority
                0x000000000002444c       0xd4 _build/ble_radio_notification.o
 .text.NVIC_GetPriority
                0x0000000000024520       0x78 _build/ble_radio_notification.o
 .text.sd_radio_notification_cfg_set
                0x0000000000024598        0x8 _build/ble_radio_notification.o
 .text.__sd_nvic_app_accessible_irq
                0x00000000000245a0       0x3c _build/ble_radio_notification.o
 .text.__sd_nvic_is_app_accessible_priority
                0x00000000000245dc       0x2c _build/ble_radio_notification.o
 .text.sd_nvic_EnableIRQ
                0x0000000000024608       0x98 _build/ble_radio_notification.o
 .text.sd_nvic_ClearPendingIRQ
                0x00000000000246a0       0x3c _build/ble_radio_notification.o
 .text.sd_nvic_SetPriority
                0x00000000000246dc       0x54 _build/ble_radio_notification.o
 .text.SWI1_IRQHandler
                0x0000000000024730       0x40 _build/ble_radio_notification.o
                0x0000000000024730                SWI1_IRQHandler
 .text.ble_radio_notification_init
                0x0000000000024770       0x74 _build/ble_radio_notification.o
                0x0000000000024770                ble_radio_notification_init
 .text.SystemInit
                0x00000000000247e4       0x70 _build/system_nrf51.o
                0x00000000000247e4                SystemInit
 .text.is_manual_peripheral_setup_needed
                0x0000000000024854       0x80 _build/system_nrf51.o
 .text.is_disabled_in_debug_needed
                0x00000000000248d4       0x4c _build/system_nrf51.o
 .text.is_peripheral_domain_setup_needed
                0x0000000000024920       0x68 _build/system_nrf51.o
 .text.NVIC_EnableIRQ
                0x0000000000024988       0x2c _build/softdevice_handler.o
 .text.NVIC_GetPriority
                0x00000000000249b4       0x78 _build/softdevice_handler.o
 .text.sd_evt_get
                0x0000000000024a2c        0x8 _build/softdevice_handler.o
 .text.sd_softdevice_enable
                0x0000000000024a34        0x8 _build/softdevice_handler.o
 .text.is_word_aligned
                0x0000000000024a3c       0x1c _build/softdevice_handler.o
 .text.sd_ble_enable
                0x0000000000024a58        0x8 _build/softdevice_handler.o
 .text.sd_ble_evt_get
                0x0000000000024a60        0x8 _build/softdevice_handler.o
 .text.__sd_nvic_app_accessible_irq
                0x0000000000024a68       0x3c _build/softdevice_handler.o
 .text.__sd_nvic_is_app_accessible_priority
                0x0000000000024aa4       0x2c _build/softdevice_handler.o
 .text.sd_nvic_EnableIRQ
                0x0000000000024ad0       0x98 _build/softdevice_handler.o
 .text.softdevice_fault_handler
                0x0000000000024b68       0x24 _build/softdevice_handler.o
                0x0000000000024b68                softdevice_fault_handler
 .text.intern_softdevice_events_execute
                0x0000000000024b8c      0x104 _build/softdevice_handler.o
                0x0000000000024b8c                intern_softdevice_events_execute
 .text.softdevice_handler_init
                0x0000000000024c90       0x8c _build/softdevice_handler.o
                0x0000000000024c90                softdevice_handler_init
 .text.softdevice_ble_evt_handler_set
                0x0000000000024d1c       0x28 _build/softdevice_handler.o
                0x0000000000024d1c                softdevice_ble_evt_handler_set
 .text.softdevice_sys_evt_handler_set
                0x0000000000024d44       0x28 _build/softdevice_handler.o
                0x0000000000024d44                softdevice_sys_evt_handler_set
 .text.SWI2_IRQHandler
                0x0000000000024d6c       0x3c _build/softdevice_handler.o
                0x0000000000024d6c                SWI2_IRQHandler
 .text.softdevice_enable_get_default_config
                0x0000000000024da8       0x60 _build/softdevice_handler.o
                0x0000000000024da8                softdevice_enable_get_default_config
 .text.sd_check_ram_start
                0x0000000000024e08       0x28 _build/softdevice_handler.o
                0x0000000000024e08                sd_check_ram_start
 .text.softdevice_enable
                0x0000000000024e30       0x30 _build/softdevice_handler.o
                0x0000000000024e30                softdevice_enable
 .text          0x0000000000024e60       0x4c _build/gcc_startup_nrf51.o
                0x0000000000024e60                Reset_Handler
                0x0000000000024ea0                NMI_Handler
                0x0000000000024ea2                HardFault_Handler
                0x0000000000024ea4                SVC_Handler
                0x0000000000024ea6                PendSV_Handler
                0x0000000000024ea8                SysTick_Handler
                0x0000000000024eaa                SWI4_IRQHandler
                0x0000000000024eaa                TEMP_IRQHandler
                0x0000000000024eaa                QDEC_IRQHandler
                0x0000000000024eaa                SWI5_IRQHandler
                0x0000000000024eaa                TIMER0_IRQHandler
                0x0000000000024eaa                TIMER1_IRQHandler
                0x0000000000024eaa                ECB_IRQHandler
                0x0000000000024eaa                Default_Handler
                0x0000000000024eaa                ADC_IRQHandler
                0x0000000000024eaa                SWI3_IRQHandler
                0x0000000000024eaa                CCM_AAR_IRQHandler
                0x0000000000024eaa                WDT_IRQHandler
                0x0000000000024eaa                TIMER2_IRQHandler
                0x0000000000024eaa                RNG_IRQHandler
                0x0000000000024eaa                SPI0_TWI0_IRQHandler
                0x0000000000024eaa                RTC0_IRQHandler
                0x0000000000024eaa                POWER_CLOCK_IRQHandler
                0x0000000000024eaa                RADIO_IRQHandler
                0x0000000000024eaa                LPCOMP_IRQHandler
 .text          0x0000000000024eac      0x120 /usr/local/gcc-arm-none-eabi-4_9-2015q3/bin/../lib/gcc/arm-none-eabi/4.9.3/armv6-m/libgcc.a(_udivsi3.o)
                0x0000000000024eac                __udivsi3
                0x0000000000024eac                __aeabi_uidiv
                0x0000000000024fb8                __aeabi_uidivmod
 .text          0x0000000000024fcc      0x1e0 /usr/local/gcc-arm-none-eabi-4_9-2015q3/bin/../lib/gcc/arm-none-eabi/4.9.3/armv6-m/libgcc.a(_divsi3.o)
                0x0000000000024fcc                __aeabi_idiv
                0x0000000000024fcc                __divsi3
                0x0000000000025198                __aeabi_idivmod
 .text          0x00000000000251ac        0x4 /usr/local/gcc-arm-none-eabi-4_9-2015q3/bin/../lib/gcc/arm-none-eabi/4.9.3/armv6-m/libgcc.a(_dvmd_tls.o)
                0x00000000000251ac                __aeabi_ldiv0
                0x00000000000251ac                __aeabi_idiv0
 .text.memcmp   0x00000000000251b0       0x1e /usr/local/gcc-arm-none-eabi-4_9-2015q3/bin/../lib/gcc/arm-none-eabi/4.9.3/../../../../arm-none-eabi/lib/armv6-m/libc_nano.a(lib_a-memcmp.o)
                0x00000000000251b0                memcmp
 .text.memcpy   0x00000000000251ce       0x12 /usr/local/gcc-arm-none-eabi-4_9-2015q3/bin/../lib/gcc/arm-none-eabi/4.9.3/../../../../arm-none-eabi/lib/armv6-m/libc_nano.a(lib_a-memcpy.o)
                0x00000000000251ce                memcpy
 .text.sprintf  0x00000000000251e0       0x44 /usr/local/gcc-arm-none-eabi-4_9-2015q3/bin/../lib/gcc/arm-none-eabi/4.9.3/../../../../arm-none-eabi/lib/armv6-m/libc_nano.a(lib_a-sprintf.o)
                0x00000000000251e0                sprintf
                0x00000000000251e0                siprintf
 .text.sscanf   0x0000000000025224       0x50 /usr/local/gcc-arm-none-eabi-4_9-2015q3/bin/../lib/gcc/arm-none-eabi/4.9.3/../../../../arm-none-eabi/lib/armv6-m/libc_nano.a(lib_a-sscanf.o)
                0x0000000000025224                sscanf
                0x0000000000025224                siscanf
 .text.__seofread
                0x0000000000025274        0x4 /usr/local/gcc-arm-none-eabi-4_9-2015q3/bin/../lib/gcc/arm-none-eabi/4.9.3/../../../../arm-none-eabi/lib/armv6-m/libc_nano.a(lib_a-stdio.o)
                0x0000000000025274                __seofread
 .text.strcat   0x0000000000025278       0x1a /usr/local/gcc-arm-none-eabi-4_9-2015q3/bin/../lib/gcc/arm-none-eabi/4.9.3/../../../../arm-none-eabi/lib/armv6-m/libc_nano.a(lib_a-strcat.o)
                0x0000000000025278                strcat
 .text          0x0000000000025292       0x14 /usr/local/gcc-arm-none-eabi-4_9-2015q3/bin/../lib/gcc/arm-none-eabi/4.9.3/../../../../arm-none-eabi/lib/armv6-m/libc_nano.a(lib_a-strcmp.o)
                0x0000000000025292                strcmp
 .text.strlen   0x00000000000252a6        0xe /usr/local/gcc-arm-none-eabi-4_9-2015q3/bin/../lib/gcc/arm-none-eabi/4.9.3/../../../../arm-none-eabi/lib/armv6-m/libc_nano.a(lib_a-strlen.o)
                0x00000000000252a6                strlen
 .text.strncmp  0x00000000000252b4       0x28 /usr/local/gcc-arm-none-eabi-4_9-2015q3/bin/../lib/gcc/arm-none-eabi/4.9.3/../../../../arm-none-eabi/lib/armv6-m/libc_nano.a(lib_a-strncmp.o)
                0x00000000000252b4                strncmp
 .text.__ssputs_r
                0x00000000000252dc       0xc0 /usr/local/gcc-arm-none-eabi-4_9-2015q3/bin/../lib/gcc/arm-none-eabi/4.9.3/../../../../arm-none-eabi/lib/armv6-m/libc_nano.a(lib_a-nano-svfprintf.o)
                0x00000000000252dc                __ssputs_r
 .text._svfprintf_r
                0x000000000002539c      0x1ec /usr/local/gcc-arm-none-eabi-4_9-2015q3/bin/../lib/gcc/arm-none-eabi/4.9.3/../../../../arm-none-eabi/lib/armv6-m/libc_nano.a(lib_a-nano-svfprintf.o)
                0x000000000002539c                _svfprintf_r
                0x000000000002539c                _svfiprintf_r
 .text._sungetc_r
                0x0000000000025588       0x7a /usr/local/gcc-arm-none-eabi-4_9-2015q3/bin/../lib/gcc/arm-none-eabi/4.9.3/../../../../arm-none-eabi/lib/armv6-m/libc_nano.a(lib_a-nano-svfscanf.o)
                0x0000000000025588                _sungetc_r
 .text.__ssrefill_r
                0x0000000000025602       0x3e /usr/local/gcc-arm-none-eabi-4_9-2015q3/bin/../lib/gcc/arm-none-eabi/4.9.3/../../../../arm-none-eabi/lib/armv6-m/libc_nano.a(lib_a-nano-svfscanf.o)
                0x0000000000025602                __ssrefill_r
 .text.__ssvfscanf_r
                0x0000000000025640      0x2f0 /usr/local/gcc-arm-none-eabi-4_9-2015q3/bin/../lib/gcc/arm-none-eabi/4.9.3/../../../../arm-none-eabi/lib/armv6-m/libc_nano.a(lib_a-nano-svfscanf.o)
                0x0000000000025640                __ssvfscanf_r
                0x0000000000025640                __ssvfiscanf_r
 .text._printf_common
                0x0000000000025930       0xdc /usr/local/gcc-arm-none-eabi-4_9-2015q3/bin/../lib/gcc/arm-none-eabi/4.9.3/../../../../arm-none-eabi/lib/armv6-m/libc_nano.a(lib_a-nano-vfprintf_i.o)
                0x0000000000025930                _printf_common
 .text._printf_i
                0x0000000000025a0c      0x230 /usr/local/gcc-arm-none-eabi-4_9-2015q3/bin/../lib/gcc/arm-none-eabi/4.9.3/../../../../arm-none-eabi/lib/armv6-m/libc_nano.a(lib_a-nano-vfprintf_i.o)
                0x0000000000025a0c                _printf_i
 .text._scanf_chars
                0x0000000000025c3c       0xbc /usr/local/gcc-arm-none-eabi-4_9-2015q3/bin/../lib/gcc/arm-none-eabi/4.9.3/../../../../arm-none-eabi/lib/armv6-m/libc_nano.a(lib_a-nano-vfscanf_i.o)
                0x0000000000025c3c                _scanf_chars
 .text._scanf_i
                0x0000000000025cf8      0x1f4 /usr/local/gcc-arm-none-eabi-4_9-2015q3/bin/../lib/gcc/arm-none-eabi/4.9.3/../../../../arm-none-eabi/lib/armv6-m/libc_nano.a(lib_a-nano-vfscanf_i.o)
                0x0000000000025cf8                _scanf_i
 .text.__sccl   0x0000000000025eec       0x66 /usr/local/gcc-arm-none-eabi-4_9-2015q3/bin/../lib/gcc/arm-none-eabi/4.9.3/../../../../arm-none-eabi/lib/armv6-m/libc_nano.a(lib_a-sccl.o)
                0x0000000000025eec                __sccl
 *fill*         0x0000000000025f52        0x2 
 .text._strtol_r
                0x0000000000025f54      0x120 /usr/local/gcc-arm-none-eabi-4_9-2015q3/bin/../lib/gcc/arm-none-eabi/4.9.3/../../../../arm-none-eabi/lib/armv6-m/libc_nano.a(lib_a-strtol.o)
                0x0000000000025f54                _strtol_r
 .text._strtoul_r
                0x0000000000026074      0x104 /usr/local/gcc-arm-none-eabi-4_9-2015q3/bin/../lib/gcc/arm-none-eabi/4.9.3/../../../../arm-none-eabi/lib/armv6-m/libc_nano.a(lib_a-strtoul.o)
                0x0000000000026074                _strtoul_r
 .text.__submore
                0x0000000000026178       0x7c /usr/local/gcc-arm-none-eabi-4_9-2015q3/bin/../lib/gcc/arm-none-eabi/4.9.3/../../../../arm-none-eabi/lib/armv6-m/libc_nano.a(lib_a-ungetc.o)
                0x0000000000026178                __submore
 .text.memchr   0x00000000000261f4       0x16 /usr/local/gcc-arm-none-eabi-4_9-2015q3/bin/../lib/gcc/arm-none-eabi/4.9.3/../../../../arm-none-eabi/lib/armv6-m/libc_nano.a(lib_a-memchr.o)
                0x00000000000261f4                memchr
 .text.memmove  0x000000000002620a       0x28 /usr/local/gcc-arm-none-eabi-4_9-2015q3/bin/../lib/gcc/arm-none-eabi/4.9.3/../../../../arm-none-eabi/lib/armv6-m/libc_nano.a(lib_a-memmove.o)
                0x000000000002620a                memmove
 *fill*         0x0000000000026232        0x2 
 .text._free_r  0x0000000000026234       0x8c /usr/local/gcc-arm-none-eabi-4_9-2015q3/bin/../lib/gcc/arm-none-eabi/4.9.3/../../../../arm-none-eabi/lib/armv6-m/libc_nano.a(lib_a-nano-freer.o)
                0x0000000000026234                _free_r
 .text._malloc_r
                0x00000000000262c0       0xb0 /usr/local/gcc-arm-none-eabi-4_9-2015q3/bin/../lib/gcc/arm-none-eabi/4.9.3/../../../../arm-none-eabi/lib/armv6-m/libc_nano.a(lib_a-nano-mallocr.o)
                0x00000000000262c0                _malloc_r
 .text._realloc_r
                0x0000000000026370       0x4c /usr/local/gcc-arm-none-eabi-4_9-2015q3/bin/../lib/gcc/arm-none-eabi/4.9.3/../../../../arm-none-eabi/lib/armv6-m/libc_nano.a(lib_a-nano-reallocr.o)
                0x0000000000026370                _realloc_r
 .text._sbrk_r  0x00000000000263bc       0x24 /usr/local/gcc-arm-none-eabi-4_9-2015q3/bin/../lib/gcc/arm-none-eabi/4.9.3/../../../../arm-none-eabi/lib/armv6-m/libc_nano.a(lib_a-sbrkr.o)
                0x00000000000263bc                _sbrk_r
 .text._malloc_usable_size_r
                0x00000000000263e0       0x16 /usr/local/gcc-arm-none-eabi-4_9-2015q3/bin/../lib/gcc/arm-none-eabi/4.9.3/../../../../arm-none-eabi/lib/armv6-m/libc_nano.a(lib_a-nano-msizer.o)
                0x00000000000263e0                _malloc_usable_size_r
 *fill*         0x00000000000263f6        0x2 
 .text._sbrk    0x00000000000263f8       0x1c /usr/local/gcc-arm-none-eabi-4_9-2015q3/bin/../lib/gcc/arm-none-eabi/4.9.3/../../../../arm-none-eabi/lib/armv6-m/libnosys.a(sbrk.o)
                0x00000000000263f8                _sbrk
 *(.init)
 .init          0x0000000000026414        0x4 /usr/local/gcc-arm-none-eabi-4_9-2015q3/bin/../lib/gcc/arm-none-eabi/4.9.3/armv6-m/crti.o
                0x0000000000026414                _init
 .init          0x0000000000026418        0x8 /usr/local/gcc-arm-none-eabi-4_9-2015q3/bin/../lib/gcc/arm-none-eabi/4.9.3/armv6-m/crtn.o
 *(.fini)
 .fini          0x0000000000026420        0x4 /usr/local/gcc-arm-none-eabi-4_9-2015q3/bin/../lib/gcc/arm-none-eabi/4.9.3/armv6-m/crti.o
                0x0000000000026420                _fini
 .fini          0x0000000000026424        0x8 /usr/local/gcc-arm-none-eabi-4_9-2015q3/bin/../lib/gcc/arm-none-eabi/4.9.3/armv6-m/crtn.o
 *crtbegin.o(.ctors)
 *crtbegin?.o(.ctors)
 *(EXCLUDE_FILE(*crtend.o *crtend?.o) .ctors)
 *(SORT(.ctors.*))
 *(.ctors)
 *crtbegin.o(.dtors)
 *crtbegin?.o(.dtors)
 *(EXCLUDE_FILE(*crtend.o *crtend?.o) .dtors)
 *(SORT(.dtors.*))
 *(.dtors)
 *(.rodata*)
 .rodata.str1.1
                0x000000000002642c        0x2 /usr/local/gcc-arm-none-eabi-4_9-2015q3/bin/../lib/gcc/arm-none-eabi/4.9.3/../../../../arm-none-eabi/lib/armv6-m/libc_nano.a(lib_a-impure.o)
 *fill*         0x000000000002642e        0x2 
 .rodata._global_impure_ptr
                0x0000000000026430        0x4 /usr/local/gcc-arm-none-eabi-4_9-2015q3/bin/../lib/gcc/arm-none-eabi/4.9.3/../../../../arm-none-eabi/lib/armv6-m/libc_nano.a(lib_a-impure.o)
                0x0000000000026430                _global_impure_ptr
 .rodata        0x0000000000026434       0x20 _build/app_uart_fifo.o
 .rodata.m_default_config
                0x0000000000026454       0x20 _build/nrf_drv_uart.o
 .rodata.m_default_config
                0x0000000000026474       0x18 _build/nrf_drv_spis.o
 .rodata.swap_sub_state_sm_lut.6712
                0x000000000002648c       0x14 _build/pstorage.o
 .rodata.swap_sub_state_sm_lut.6787
                0x00000000000264a0       0x14 _build/pstorage.o
 .rodata.m_spi_slave_1
                0x00000000000264b4        0x8 _build/main.o
 .rodata.m_timer_id
                0x00000000000264bc        0x4 _build/main.o
 .rodata.m_connection_param
                0x00000000000264c0        0x8 _build/main.o
 .rodata.device_manager_event_handler
                0x00000000000264c8       0x4c _build/main.o
 .rodata        0x0000000000026514      0x200 _build/main.o
 .rodata.on_ble_evt
                0x0000000000026714       0x40 _build/main.o
 .rodata.uart_event_handler
                0x0000000000026754       0x14 _build/main.o
 .rodata.m_service_context_store
                0x0000000000026768       0x10 _build/device_manager_central.o
                0x0000000000026768                m_service_context_store
 .rodata.m_service_context_load
                0x0000000000026778       0x10 _build/device_manager_central.o
                0x0000000000026778                m_service_context_load
 .rodata.m_service_context_apply
                0x0000000000026788       0x10 _build/device_manager_central.o
                0x0000000000026788                m_service_context_apply
 .rodata.m_context_init_len
                0x0000000000026798        0x4 _build/device_manager_central.o
                0x0000000000026798                m_context_init_len
 .rodata.dm_ble_evt_handler
                0x000000000002679c      0x10c _build/device_manager_central.o
 .rodata._ctype_
                0x00000000000268a8      0x101 /usr/local/gcc-arm-none-eabi-4_9-2015q3/bin/../lib/gcc/arm-none-eabi/4.9.3/../../../../arm-none-eabi/lib/armv6-m/libc_nano.a(lib_a-ctype_.o)
                0x00000000000268a8                _ctype_
 .rodata.str1.1
                0x00000000000269a9       0x11 /usr/local/gcc-arm-none-eabi-4_9-2015q3/bin/../lib/gcc/arm-none-eabi/4.9.3/../../../../arm-none-eabi/lib/armv6-m/libc_nano.a(lib_a-nano-svfprintf.o)
 .rodata.str1.1
                0x0000000000000000        0x4 /usr/local/gcc-arm-none-eabi-4_9-2015q3/bin/../lib/gcc/arm-none-eabi/4.9.3/../../../../arm-none-eabi/lib/armv6-m/libc_nano.a(lib_a-nano-svfscanf.o)
 .rodata.str1.1
                0x00000000000269ba       0x22 /usr/local/gcc-arm-none-eabi-4_9-2015q3/bin/../lib/gcc/arm-none-eabi/4.9.3/../../../../arm-none-eabi/lib/armv6-m/libc_nano.a(lib_a-nano-vfprintf_i.o)
 .rodata        0x00000000000269dc        0xc /usr/local/gcc-arm-none-eabi-4_9-2015q3/bin/../lib/gcc/arm-none-eabi/4.9.3/../../../../arm-none-eabi/lib/armv6-m/libc_nano.a(lib_a-nano-vfscanf_i.o)
 .rodata.str1.1
                0x00000000000269e8       0x1b /usr/local/gcc-arm-none-eabi-4_9-2015q3/bin/../lib/gcc/arm-none-eabi/4.9.3/../../../../arm-none-eabi/lib/armv6-m/libc_nano.a(lib_a-nano-vfscanf_i.o)
 *fill*         0x0000000000026a03        0x1 
 .rodata.__sf_fake_stdin
                0x0000000000026a04       0x20 /usr/local/gcc-arm-none-eabi-4_9-2015q3/bin/../lib/gcc/arm-none-eabi/4.9.3/../../../../arm-none-eabi/lib/armv6-m/libc_nano.a(lib_a-findfp.o)
                0x0000000000026a04                __sf_fake_stdin
 .rodata.__sf_fake_stdout
                0x0000000000026a24       0x20 /usr/local/gcc-arm-none-eabi-4_9-2015q3/bin/../lib/gcc/arm-none-eabi/4.9.3/../../../../arm-none-eabi/lib/armv6-m/libc_nano.a(lib_a-findfp.o)
                0x0000000000026a24                __sf_fake_stdout
 .rodata.__sf_fake_stderr
                0x0000000000026a44       0x20 /usr/local/gcc-arm-none-eabi-4_9-2015q3/bin/../lib/gcc/arm-none-eabi/4.9.3/../../../../arm-none-eabi/lib/armv6-m/libc_nano.a(lib_a-findfp.o)
                0x0000000000026a44                __sf_fake_stderr
 *(.eh_frame*)
 .eh_frame      0x0000000000026a64        0x0 /usr/local/gcc-arm-none-eabi-4_9-2015q3/bin/../lib/gcc/arm-none-eabi/4.9.3/armv6-m/crtbegin.o
 .eh_frame      0x0000000000026a64       0x28 /usr/local/gcc-arm-none-eabi-4_9-2015q3/bin/../lib/gcc/arm-none-eabi/4.9.3/../../../../arm-none-eabi/lib/armv6-m/libc_nano.a(lib_a-strcmp.o)
 .eh_frame      0x0000000000026a8c        0x4 /usr/local/gcc-arm-none-eabi-4_9-2015q3/bin/../lib/gcc/arm-none-eabi/4.9.3/armv6-m/crtend.o

.glue_7         0x0000000000026a90        0x0
 .glue_7        0x0000000000000000        0x0 linker stubs

.glue_7t        0x0000000000026a90        0x0
 .glue_7t       0x0000000000000000        0x0 linker stubs

.vfp11_veneer   0x0000000000026a90        0x0
 .vfp11_veneer  0x0000000000000000        0x0 linker stubs

.v4_bx          0x0000000000026a90        0x0
 .v4_bx         0x0000000000000000        0x0 linker stubs

.iplt           0x0000000000026a90        0x0
 .iplt          0x0000000000000000        0x0 /usr/local/gcc-arm-none-eabi-4_9-2015q3/bin/../lib/gcc/arm-none-eabi/4.9.3/armv6-m/crtbegin.o

.ARM.extab
 *(.ARM.extab* .gnu.linkonce.armextab.*)
                0x0000000000026a90                __exidx_start = .

.ARM.exidx      0x0000000000026a90        0x8
 *(.ARM.exidx* .gnu.linkonce.armexidx.*)
 .ARM.exidx     0x0000000000026a90        0x8 /usr/local/gcc-arm-none-eabi-4_9-2015q3/bin/../lib/gcc/arm-none-eabi/4.9.3/../../../../arm-none-eabi/lib/armv6-m/crt0.o
                0x0000000000026a98                __exidx_end = .
                0x0000000000026a98                __etext = .

.rel.dyn        0x0000000000026a98        0x0
 .rel.iplt      0x0000000000000000        0x0 /usr/local/gcc-arm-none-eabi-4_9-2015q3/bin/../lib/gcc/arm-none-eabi/4.9.3/armv6-m/crtbegin.o

.data           0x0000000020001eb0       0x7c load address 0x0000000000026a98
                0x0000000020001eb0                __data_start__ = .
 *(vtable)
 *(.data*)
 .data.impure_data
                0x0000000020001eb0       0x60 /usr/local/gcc-arm-none-eabi-4_9-2015q3/bin/../lib/gcc/arm-none-eabi/4.9.3/../../../../arm-none-eabi/lib/armv6-m/libc_nano.a(lib_a-impure.o)
 .data._impure_ptr
                0x0000000020001f10        0x4 /usr/local/gcc-arm-none-eabi-4_9-2015q3/bin/../lib/gcc/arm-none-eabi/4.9.3/../../../../arm-none-eabi/lib/armv6-m/libc_nano.a(lib_a-impure.o)
                0x0000000020001f10                _impure_ptr
 .data.passkey  0x0000000020001f14        0x7 _build/main.o
 *fill*         0x0000000020001f1b        0x1 
 .data.__ctype_ptr__
                0x0000000020001f1c        0x4 /usr/local/gcc-arm-none-eabi-4_9-2015q3/bin/../lib/gcc/arm-none-eabi/4.9.3/../../../../arm-none-eabi/lib/armv6-m/libc_nano.a(lib_a-ctype_.o)
                0x0000000020001f1c                __ctype_ptr__
                0x0000000020001f20                . = ALIGN (0x4)
                0x0000000020001f20                PROVIDE (__preinit_array_start, .)
 *(.preinit_array)
                0x0000000020001f20                PROVIDE (__preinit_array_end, .)
                0x0000000020001f20                . = ALIGN (0x4)
                0x0000000020001f20                PROVIDE (__init_array_start, .)
 *(SORT(.init_array.*))
 *(.init_array)
 .init_array    0x0000000020001f20        0x4 /usr/local/gcc-arm-none-eabi-4_9-2015q3/bin/../lib/gcc/arm-none-eabi/4.9.3/armv6-m/crtbegin.o
                0x0000000020001f24                PROVIDE (__init_array_end, .)
                0x0000000020001f24                . = ALIGN (0x4)
                0x0000000020001f24                PROVIDE (__fini_array_start, .)
 *(SORT(.fini_array.*))
 *(.fini_array)
 .fini_array    0x0000000020001f24        0x4 /usr/local/gcc-arm-none-eabi-4_9-2015q3/bin/../lib/gcc/arm-none-eabi/4.9.3/armv6-m/crtbegin.o
                0x0000000020001f28                PROVIDE (__fini_array_end, .)
 *(.jcr*)
 .jcr           0x0000000020001f28        0x0 /usr/local/gcc-arm-none-eabi-4_9-2015q3/bin/../lib/gcc/arm-none-eabi/4.9.3/armv6-m/crtbegin.o
 .jcr           0x0000000020001f28        0x4 /usr/local/gcc-arm-none-eabi-4_9-2015q3/bin/../lib/gcc/arm-none-eabi/4.9.3/armv6-m/crtend.o
                0x0000000020001f2c                . = ALIGN (0x4)
                0x0000000020001f2c                __data_end__ = .
LOAD /usr/local/gcc-arm-none-eabi-4_9-2015q3/bin/../lib/gcc/arm-none-eabi/4.9.3/armv6-m/crti.o
LOAD /usr/local/gcc-arm-none-eabi-4_9-2015q3/bin/../lib/gcc/arm-none-eabi/4.9.3/armv6-m/crtbegin.o
LOAD /usr/local/gcc-arm-none-eabi-4_9-2015q3/bin/../lib/gcc/arm-none-eabi/4.9.3/../../../../arm-none-eabi/lib/armv6-m/crt0.o
LOAD /usr/local/gcc-arm-none-eabi-4_9-2015q3/bin/../lib/gcc/arm-none-eabi/4.9.3/../../../../arm-none-eabi/lib/armv6-m/libc_nano.a
LOAD /usr/local/gcc-arm-none-eabi-4_9-2015q3/bin/../lib/gcc/arm-none-eabi/4.9.3/../../../../arm-none-eabi/lib/armv6-m/libnosys.a
LOAD _build/app_button.o
LOAD _build/app_error.o
LOAD _build/app_error_weak.o
LOAD _build/app_fifo.o
LOAD _build/app_timer.o
LOAD _build/app_trace.o
LOAD _build/app_util_platform.o
LOAD _build/nrf_assert.o
LOAD _build/nrf_log.o
LOAD _build/retarget.o
LOAD _build/app_uart_fifo.o
LOAD _build/nrf_delay.o
LOAD _build/nrf_drv_common.o
LOAD _build/nrf_drv_gpiote.o
LOAD _build/nrf_drv_uart.o
LOAD _build/nrf_drv_spis.o
LOAD _build/pstorage.o
LOAD _build/bsp.o
LOAD _build/bsp_btn_ble.o
LOAD _build/main.o
LOAD _build/RTT_Syscalls_GCC.o
LOAD _build/SEGGER_RTT.o
LOAD _build/SEGGER_RTT_printf.o
LOAD _build/ble_advdata.o
LOAD _build/ble_bas_c.o
LOAD _build/ble_conn_params.o
LOAD _build/ble_db_discovery.o
LOAD _build/ble_hrs_c.o
LOAD _build/ble_srv_common.o
LOAD _build/device_manager_central.o
LOAD _build/ble_radio_notification.o
LOAD _build/system_nrf51.o
LOAD _build/softdevice_handler.o
LOAD _build/gcc_startup_nrf51.o
LOAD /usr/local/gcc-arm-none-eabi-4_9-2015q3/bin/../lib/gcc/arm-none-eabi/4.9.3/../../../../arm-none-eabi/lib/armv6-m/libm.a
START GROUP
LOAD /usr/local/gcc-arm-none-eabi-4_9-2015q3/bin/../lib/gcc/arm-none-eabi/4.9.3/armv6-m/libgcc.a
LOAD /usr/local/gcc-arm-none-eabi-4_9-2015q3/bin/../lib/gcc/arm-none-eabi/4.9.3/../../../../arm-none-eabi/lib/armv6-m/libc_nano.a
END GROUP
START GROUP
LOAD /usr/local/gcc-arm-none-eabi-4_9-2015q3/bin/../lib/gcc/arm-none-eabi/4.9.3/armv6-m/libgcc.a
LOAD /usr/local/gcc-arm-none-eabi-4_9-2015q3/bin/../lib/gcc/arm-none-eabi/4.9.3/../../../../arm-none-eabi/lib/armv6-m/libc_nano.a
END GROUP
LOAD /usr/local/gcc-arm-none-eabi-4_9-2015q3/bin/../lib/gcc/arm-none-eabi/4.9.3/armv6-m/crtend.o
LOAD /usr/local/gcc-arm-none-eabi-4_9-2015q3/bin/../lib/gcc/arm-none-eabi/4.9.3/armv6-m/crtn.o
START GROUP
LOAD /usr/local/gcc-arm-none-eabi-4_9-2015q3/bin/../lib/gcc/arm-none-eabi/4.9.3/armv6-m/libgcc.a
LOAD /usr/local/gcc-arm-none-eabi-4_9-2015q3/bin/../lib/gcc/arm-none-eabi/4.9.3/../../../../arm-none-eabi/lib/armv6-m/libc.a
LOAD /usr/local/gcc-arm-none-eabi-4_9-2015q3/bin/../lib/gcc/arm-none-eabi/4.9.3/../../../../arm-none-eabi/lib/armv6-m/libnosys.a
END GROUP

.igot.plt       0x0000000020001f2c        0x0 load address 0x0000000000026b14
 .igot.plt      0x0000000000000000        0x0 /usr/local/gcc-arm-none-eabi-4_9-2015q3/bin/../lib/gcc/arm-none-eabi/4.9.3/armv6-m/crtbegin.o

.fs_data        0x0000000020001f2c        0x0
                0x0000000020001f2c                PROVIDE (__start_fs_data, .)
 *(.fs_data)
                0x0000000020001f2c                PROVIDE (__stop_fs_data, .)

.bss            0x0000000020001f2c     0x13f4 load address 0x0000000000026b14
                0x0000000020001f2c                . = ALIGN (0x4)
                0x0000000020001f2c                __bss_start__ = .
 *(.bss*)
 .bss           0x0000000020001f2c       0x1c /usr/local/gcc-arm-none-eabi-4_9-2015q3/bin/../lib/gcc/arm-none-eabi/4.9.3/armv6-m/crtbegin.o
 .bss.m_user_array_size
                0x0000000020001f48        0x1 _build/app_timer.o
 *fill*         0x0000000020001f49        0x3 
 .bss.mp_users  0x0000000020001f4c        0x4 _build/app_timer.o
 .bss.mp_timer_id_head
                0x0000000020001f50        0x4 _build/app_timer.o
 .bss.m_ticks_latest
                0x0000000020001f54        0x4 _build/app_timer.o
 .bss.m_ticks_elapsed
                0x0000000020001f58        0x8 _build/app_timer.o
 .bss.m_ticks_elapsed_q_read_ind
                0x0000000020001f60        0x1 _build/app_timer.o
 .bss.m_ticks_elapsed_q_write_ind
                0x0000000020001f61        0x1 _build/app_timer.o
 *fill*         0x0000000020001f62        0x2 
 .bss.m_evt_schedule_func
                0x0000000020001f64        0x4 _build/app_timer.o
 .bss.m_rtc1_running
                0x0000000020001f68        0x1 _build/app_timer.o
 .bss.m_rtc1_reset
                0x0000000020001f69        0x1 _build/app_timer.o
 *fill*         0x0000000020001f6a        0x2 
 .bss.m_event_handler
                0x0000000020001f6c        0x4 _build/app_uart_fifo.o
 .bss.tx_buffer
                0x0000000020001f70        0x1 _build/app_uart_fifo.o
 *fill*         0x0000000020001f71        0x3 
 .bss.rx_buffer
                0x0000000020001f74        0x1 _build/app_uart_fifo.o
 *fill*         0x0000000020001f75        0x3 
 .bss.m_rx_fifo
                0x0000000020001f78       0x10 _build/app_uart_fifo.o
 .bss.m_tx_fifo
                0x0000000020001f88       0x10 _build/app_uart_fifo.o
 .bss.m_cb      0x0000000020001f98       0x48 _build/nrf_drv_gpiote.o
 .bss.m_cb      0x0000000020001fe0       0x1c _build/nrf_drv_uart.o
 .bss.m_cb      0x0000000020001ffc       0x18 _build/nrf_drv_spis.o
 .bss.m_cmd_queue
                0x0000000020002014       0xcc _build/pstorage.o
 .bss.m_next_app_instance
                0x00000000200020e0        0x2 _build/pstorage.o
 *fill*         0x00000000200020e2        0x2 
 .bss.m_next_page_addr
                0x00000000200020e4        0x4 _build/pstorage.o
 .bss.m_state   0x00000000200020e8        0x1 _build/pstorage.o
 .bss.m_swap_sub_state
                0x00000000200020e9        0x1 _build/pstorage.o
 *fill*         0x00000000200020ea        0x2 
 .bss.m_head_word_size
                0x00000000200020ec        0x4 _build/pstorage.o
 .bss.m_tail_word_size
                0x00000000200020f0        0x4 _build/pstorage.o
 .bss.m_current_page_id
                0x00000000200020f4        0x4 _build/pstorage.o
 .bss.m_num_of_command_retries
                0x00000000200020f8        0x4 _build/pstorage.o
 .bss.m_app_table
                0x00000000200020fc        0xc _build/pstorage.o
 .bss.m_num_of_bytes_written
                0x0000000020002108        0x4 _build/pstorage.o
 .bss.m_app_data_size
                0x000000002000210c        0x4 _build/pstorage.o
 .bss.m_flags   0x0000000020002110        0x4 _build/pstorage.o
 .bss.m_ble_db_discovery
                0x0000000020002114      0x1ac _build/main.o
 .bss.m_ble_hrs_c
                0x00000000200022c0        0xc _build/main.o
 .bss.m_ble_bas_c
                0x00000000200022cc        0xc _build/main.o
 .bss.m_scan_param
                0x00000000200022d8       0x10 _build/main.o
 .bss.m_dm_app_id
                0x00000000200022e8        0x1 _build/main.o
 *fill*         0x00000000200022e9        0x3 
 .bss.m_dm_device_handle
                0x00000000200022ec        0x4 _build/main.o
 .bss.m_peer_count
                0x00000000200022f0        0x1 _build/main.o
 *fill*         0x00000000200022f1        0x1 
 .bss.m_conn_handle
                0x00000000200022f2        0x2 _build/main.o
 .bss.m_memory_access_in_progress
                0x00000000200022f4        0x1 _build/main.o
 .bss.m_hw_if   0x00000000200022f5        0x1 _build/main.o
 *fill*         0x00000000200022f6        0x2 
 .bss.m_device_list
                0x00000000200022f8      0x320 _build/main.o
 .bss.m_slave_tx_buffer
                0x0000000020002618       0x32 _build/main.o
 *fill*         0x000000002000264a        0x2 
 .bss.m_slave_rx_buffer
                0x000000002000264c       0x32 _build/main.o
 *fill*         0x000000002000267e        0x2 
 .bss.m_tx_buffer
                0x0000000020002680      0x400 _build/main.o
 .bss.m_fifo    0x0000000020002a80       0x10 _build/main.o
 .bss.m_timer_id_data
                0x0000000020002a90       0x20 _build/main.o
 .bss.BLE_EVT_BUFFER.8904
                0x0000000020002ab0       0x48 _build/main.o
 .bss.APP_TIMER_BUF.8976
                0x0000000020002af8      0x138 _build/main.o
 .bss.index.9069
                0x0000000020002c30        0x1 _build/main.o
 *fill*         0x0000000020002c31        0x3 
 .bss.rx_data.9068
                0x0000000020002c34       0x32 _build/main.o
 *fill*         0x0000000020002c66        0x2 
 .bss.rx_buf.9082
                0x0000000020002c68      0x100 _build/main.o
 .bss.tx_buf.9083
                0x0000000020002d68      0x100 _build/main.o
 .bss.m_tx_buffer
                0x0000000020002e68       0xa0 _build/ble_bas_c.o
 .bss.m_tx_insert_index
                0x0000000020002f08        0x4 _build/ble_bas_c.o
 .bss.m_tx_index
                0x0000000020002f0c        0x4 _build/ble_bas_c.o
 .bss.m_registered_handlers
                0x0000000020002f10       0x18 _build/ble_db_discovery.o
 .bss.m_pending_user_evts
                0x0000000020002f28      0x1e0 _build/ble_db_discovery.o
 .bss.m_evt_handler
                0x0000000020003108        0x4 _build/ble_db_discovery.o
 .bss.m_pending_usr_evt_index
                0x000000002000310c        0x4 _build/ble_db_discovery.o
 .bss.m_num_of_handlers_reg
                0x0000000020003110        0x4 _build/ble_db_discovery.o
 .bss.m_initialized
                0x0000000020003114        0x1 _build/ble_db_discovery.o
 *fill*         0x0000000020003115        0x3 
 .bss.m_tx_buffer
                0x0000000020003118       0xa0 _build/ble_hrs_c.o
 .bss.m_tx_insert_index
                0x00000000200031b8        0x4 _build/ble_hrs_c.o
 .bss.m_tx_index
                0x00000000200031bc        0x4 _build/ble_hrs_c.o
 .bss.m_app_context_table
                0x00000000200031c0       0x1c _build/device_manager_central.o
 .bss.m_peer_table
                0x00000000200031dc       0xa8 _build/device_manager_central.o
 .bss.m_bond_table
                0x0000000020003284       0x1c _build/device_manager_central.o
 .bss.m_gatts_table
                0x00000000200032a0        0xc _build/device_manager_central.o
 .bss.m_connection_table
                0x00000000200032ac        0xc _build/device_manager_central.o
 .bss.m_application_table
                0x00000000200032b8        0xc _build/device_manager_central.o
 .bss.m_storage_handle
                0x00000000200032c4        0x8 _build/device_manager_central.o
 .bss.m_peer_addr_update
                0x00000000200032cc        0x4 _build/device_manager_central.o
 .bss.m_local_id_info
                0x00000000200032d0       0x17 _build/device_manager_central.o
 .bss.m_module_initialized
                0x00000000200032e7        0x1 _build/device_manager_central.o
 .bss.m_radio_active
                0x00000000200032e8        0x1 _build/ble_radio_notification.o
 *fill*         0x00000000200032e9        0x3 
 .bss.m_evt_handler
                0x00000000200032ec        0x4 _build/ble_radio_notification.o
 .bss.m_evt_schedule_func
                0x00000000200032f0        0x4 _build/softdevice_handler.o
 .bss.m_softdevice_enabled
                0x00000000200032f4        0x1 _build/softdevice_handler.o
 *fill*         0x00000000200032f5        0x3 
 .bss.mp_ble_evt_buffer
                0x00000000200032f8        0x4 _build/softdevice_handler.o
 .bss.m_ble_evt_buffer_size
                0x00000000200032fc        0x2 _build/softdevice_handler.o
 *fill*         0x00000000200032fe        0x2 
 .bss.m_ble_evt_handler
                0x0000000020003300        0x4 _build/softdevice_handler.o
 .bss.m_sys_evt_handler
                0x0000000020003304        0x4 _build/softdevice_handler.o
 .bss.__malloc_sbrk_start
                0x0000000020003308        0x4 /usr/local/gcc-arm-none-eabi-4_9-2015q3/bin/../lib/gcc/arm-none-eabi/4.9.3/../../../../arm-none-eabi/lib/armv6-m/libc_nano.a(lib_a-nano-mallocr.o)
                0x0000000020003308                __malloc_sbrk_start
 .bss.__malloc_free_list
                0x000000002000330c        0x4 /usr/local/gcc-arm-none-eabi-4_9-2015q3/bin/../lib/gcc/arm-none-eabi/4.9.3/../../../../arm-none-eabi/lib/armv6-m/libc_nano.a(lib_a-nano-mallocr.o)
                0x000000002000330c                __malloc_free_list
 .bss.heap_end.4079
                0x0000000020003310        0x4 /usr/local/gcc-arm-none-eabi-4_9-2015q3/bin/../lib/gcc/arm-none-eabi/4.9.3/../../../../arm-none-eabi/lib/armv6-m/libnosys.a(sbrk.o)
 *(COMMON)
 COMMON         0x0000000020003314        0x8 _build/softdevice_handler.o
                0x0000000020003314                nrf_nvic_state
 COMMON         0x000000002000331c        0x4 /usr/local/gcc-arm-none-eabi-4_9-2015q3/bin/../lib/gcc/arm-none-eabi/4.9.3/../../../../arm-none-eabi/lib/armv6-m/libc_nano.a(lib_a-reent.o)
                0x000000002000331c                errno
                0x0000000020003320                . = ALIGN (0x4)
                0x0000000020003320                __bss_end__ = .

.heap           0x0000000020003320        0x0
                0x0000000020003320                __end__ = .
                0x0000000020003320                PROVIDE (end, .)
 *(.heap*)
 .heap          0x0000000020003320        0x0 _build/gcc_startup_nrf51.o
                0x0000000020003320                __HeapLimit = .

.stack_dummy    0x0000000020003320      0x800
 *(.stack*)
 .stack         0x0000000020003320      0x800 _build/gcc_startup_nrf51.o
                0x0000000020004000                __StackTop = (ORIGIN (RAM) + 0x2150)
                0x0000000020003800                __StackLimit = (__StackTop - SIZEOF (.stack_dummy))
                0x0000000020004000                PROVIDE (__stack, __StackTop)
                0x0000000000000001                ASSERT ((__StackLimit >= __HeapLimit), region RAM overflowed with stack)
OUTPUT(_build/nrf51422_xxac_s130.out elf32-littlearm)

.ARM.attributes
                0x0000000000000000       0x28
 .ARM.attributes
                0x0000000000000000       0x1e /usr/local/gcc-arm-none-eabi-4_9-2015q3/bin/../lib/gcc/arm-none-eabi/4.9.3/armv6-m/crti.o
 .ARM.attributes
                0x000000000000001e       0x2c /usr/local/gcc-arm-none-eabi-4_9-2015q3/bin/../lib/gcc/arm-none-eabi/4.9.3/armv6-m/crtbegin.o
 .ARM.attributes
                0x000000000000004a       0x1b /usr/local/gcc-arm-none-eabi-4_9-2015q3/bin/../lib/gcc/arm-none-eabi/4.9.3/../../../../arm-none-eabi/lib/armv6-m/crt0.o
 .ARM.attributes
                0x0000000000000065       0x2c /usr/local/gcc-arm-none-eabi-4_9-2015q3/bin/../lib/gcc/arm-none-eabi/4.9.3/../../../../arm-none-eabi/lib/armv6-m/libc_nano.a(lib_a-exit.o)
 .ARM.attributes
                0x0000000000000091       0x2c /usr/local/gcc-arm-none-eabi-4_9-2015q3/bin/../lib/gcc/arm-none-eabi/4.9.3/../../../../arm-none-eabi/lib/armv6-m/libc_nano.a(lib_a-impure.o)
 .ARM.attributes
                0x00000000000000bd       0x2c /usr/local/gcc-arm-none-eabi-4_9-2015q3/bin/../lib/gcc/arm-none-eabi/4.9.3/../../../../arm-none-eabi/lib/armv6-m/libc_nano.a(lib_a-init.o)
 .ARM.attributes
                0x00000000000000e9       0x2c /usr/local/gcc-arm-none-eabi-4_9-2015q3/bin/../lib/gcc/arm-none-eabi/4.9.3/../../../../arm-none-eabi/lib/armv6-m/libc_nano.a(lib_a-memset.o)
 .ARM.attributes
                0x0000000000000115       0x2c /usr/local/gcc-arm-none-eabi-4_9-2015q3/bin/../lib/gcc/arm-none-eabi/4.9.3/../../../../arm-none-eabi/lib/armv6-m/libnosys.a(_exit.o)
 .ARM.attributes
                0x0000000000000141       0x31 _build/app_error.o
 .ARM.attributes
                0x0000000000000172       0x31 _build/app_error_weak.o
 .ARM.attributes
                0x00000000000001a3       0x31 _build/app_fifo.o
 .ARM.attributes
                0x00000000000001d4       0x31 _build/app_timer.o
 .ARM.attributes
                0x0000000000000205       0x31 _build/app_uart_fifo.o
 .ARM.attributes
                0x0000000000000236       0x31 _build/nrf_drv_common.o
 .ARM.attributes
                0x0000000000000267       0x31 _build/nrf_drv_gpiote.o
 .ARM.attributes
                0x0000000000000298       0x31 _build/nrf_drv_uart.o
 .ARM.attributes
                0x00000000000002c9       0x31 _build/nrf_drv_spis.o
 .ARM.attributes
                0x00000000000002fa       0x31 _build/pstorage.o
 .ARM.attributes
                0x000000000000032b       0x31 _build/main.o
 .ARM.attributes
                0x000000000000035c       0x31 _build/ble_bas_c.o
 .ARM.attributes
                0x000000000000038d       0x31 _build/ble_db_discovery.o
 .ARM.attributes
                0x00000000000003be       0x31 _build/ble_hrs_c.o
 .ARM.attributes
                0x00000000000003ef       0x31 _build/device_manager_central.o
 .ARM.attributes
                0x0000000000000420       0x31 _build/ble_radio_notification.o
 .ARM.attributes
                0x0000000000000451       0x31 _build/system_nrf51.o
 .ARM.attributes
                0x0000000000000482       0x31 _build/softdevice_handler.o
 .ARM.attributes
                0x00000000000004b3       0x1b _build/gcc_startup_nrf51.o
 .ARM.attributes
                0x00000000000004ce       0x1e /usr/local/gcc-arm-none-eabi-4_9-2015q3/bin/../lib/gcc/arm-none-eabi/4.9.3/armv6-m/libgcc.a(_udivsi3.o)
 .ARM.attributes
                0x00000000000004ec       0x1e /usr/local/gcc-arm-none-eabi-4_9-2015q3/bin/../lib/gcc/arm-none-eabi/4.9.3/armv6-m/libgcc.a(_divsi3.o)
 .ARM.attributes
                0x000000000000050a       0x1e /usr/local/gcc-arm-none-eabi-4_9-2015q3/bin/../lib/gcc/arm-none-eabi/4.9.3/armv6-m/libgcc.a(_dvmd_tls.o)
 .ARM.attributes
                0x0000000000000528       0x2c /usr/local/gcc-arm-none-eabi-4_9-2015q3/bin/../lib/gcc/arm-none-eabi/4.9.3/../../../../arm-none-eabi/lib/armv6-m/libc_nano.a(lib_a-ctype_.o)
 .ARM.attributes
                0x0000000000000554       0x2c /usr/local/gcc-arm-none-eabi-4_9-2015q3/bin/../lib/gcc/arm-none-eabi/4.9.3/../../../../arm-none-eabi/lib/armv6-m/libc_nano.a(lib_a-memcmp.o)
 .ARM.attributes
                0x0000000000000580       0x2c /usr/local/gcc-arm-none-eabi-4_9-2015q3/bin/../lib/gcc/arm-none-eabi/4.9.3/../../../../arm-none-eabi/lib/armv6-m/libc_nano.a(lib_a-memcpy.o)
 .ARM.attributes
                0x00000000000005ac       0x2c /usr/local/gcc-arm-none-eabi-4_9-2015q3/bin/../lib/gcc/arm-none-eabi/4.9.3/../../../../arm-none-eabi/lib/armv6-m/libc_nano.a(lib_a-sprintf.o)
 .ARM.attributes
                0x00000000000005d8       0x2c /usr/local/gcc-arm-none-eabi-4_9-2015q3/bin/../lib/gcc/arm-none-eabi/4.9.3/../../../../arm-none-eabi/lib/armv6-m/libc_nano.a(lib_a-sscanf.o)
 .ARM.attributes
                0x0000000000000604       0x2c /usr/local/gcc-arm-none-eabi-4_9-2015q3/bin/../lib/gcc/arm-none-eabi/4.9.3/../../../../arm-none-eabi/lib/armv6-m/libc_nano.a(lib_a-stdio.o)
 .ARM.attributes
                0x0000000000000630       0x2c /usr/local/gcc-arm-none-eabi-4_9-2015q3/bin/../lib/gcc/arm-none-eabi/4.9.3/../../../../arm-none-eabi/lib/armv6-m/libc_nano.a(lib_a-strcat.o)
 .ARM.attributes
                0x000000000000065c       0x1c /usr/local/gcc-arm-none-eabi-4_9-2015q3/bin/../lib/gcc/arm-none-eabi/4.9.3/../../../../arm-none-eabi/lib/armv6-m/libc_nano.a(lib_a-strcmp.o)
 .ARM.attributes
                0x0000000000000678       0x2c /usr/local/gcc-arm-none-eabi-4_9-2015q3/bin/../lib/gcc/arm-none-eabi/4.9.3/../../../../arm-none-eabi/lib/armv6-m/libc_nano.a(lib_a-strlen.o)
 .ARM.attributes
                0x00000000000006a4       0x2c /usr/local/gcc-arm-none-eabi-4_9-2015q3/bin/../lib/gcc/arm-none-eabi/4.9.3/../../../../arm-none-eabi/lib/armv6-m/libc_nano.a(lib_a-strncmp.o)
 .ARM.attributes
                0x00000000000006d0       0x2c /usr/local/gcc-arm-none-eabi-4_9-2015q3/bin/../lib/gcc/arm-none-eabi/4.9.3/../../../../arm-none-eabi/lib/armv6-m/libc_nano.a(lib_a-nano-svfprintf.o)
 .ARM.attributes
                0x00000000000006fc       0x2c /usr/local/gcc-arm-none-eabi-4_9-2015q3/bin/../lib/gcc/arm-none-eabi/4.9.3/../../../../arm-none-eabi/lib/armv6-m/libc_nano.a(lib_a-nano-svfscanf.o)
 .ARM.attributes
                0x0000000000000728       0x2c /usr/local/gcc-arm-none-eabi-4_9-2015q3/bin/../lib/gcc/arm-none-eabi/4.9.3/../../../../arm-none-eabi/lib/armv6-m/libc_nano.a(lib_a-nano-vfprintf_i.o)
 .ARM.attributes
                0x0000000000000754       0x2c /usr/local/gcc-arm-none-eabi-4_9-2015q3/bin/../lib/gcc/arm-none-eabi/4.9.3/../../../../arm-none-eabi/lib/armv6-m/libc_nano.a(lib_a-nano-vfscanf_i.o)
 .ARM.attributes
                0x0000000000000780       0x2c /usr/local/gcc-arm-none-eabi-4_9-2015q3/bin/../lib/gcc/arm-none-eabi/4.9.3/../../../../arm-none-eabi/lib/armv6-m/libc_nano.a(lib_a-reent.o)
 .ARM.attributes
                0x00000000000007ac       0x2c /usr/local/gcc-arm-none-eabi-4_9-2015q3/bin/../lib/gcc/arm-none-eabi/4.9.3/../../../../arm-none-eabi/lib/armv6-m/libc_nano.a(lib_a-sccl.o)
 .ARM.attributes
                0x00000000000007d8       0x2c /usr/local/gcc-arm-none-eabi-4_9-2015q3/bin/../lib/gcc/arm-none-eabi/4.9.3/../../../../arm-none-eabi/lib/armv6-m/libc_nano.a(lib_a-strtol.o)
 .ARM.attributes
                0x0000000000000804       0x2c /usr/local/gcc-arm-none-eabi-4_9-2015q3/bin/../lib/gcc/arm-none-eabi/4.9.3/../../../../arm-none-eabi/lib/armv6-m/libc_nano.a(lib_a-strtoul.o)
 .ARM.attributes
                0x0000000000000830       0x2c /usr/local/gcc-arm-none-eabi-4_9-2015q3/bin/../lib/gcc/arm-none-eabi/4.9.3/../../../../arm-none-eabi/lib/armv6-m/libc_nano.a(lib_a-ungetc.o)
 .ARM.attributes
                0x000000000000085c       0x2c /usr/local/gcc-arm-none-eabi-4_9-2015q3/bin/../lib/gcc/arm-none-eabi/4.9.3/../../../../arm-none-eabi/lib/armv6-m/libc_nano.a(lib_a-findfp.o)
 .ARM.attributes
                0x0000000000000888       0x2c /usr/local/gcc-arm-none-eabi-4_9-2015q3/bin/../lib/gcc/arm-none-eabi/4.9.3/../../../../arm-none-eabi/lib/armv6-m/libc_nano.a(lib_a-memchr.o)
 .ARM.attributes
                0x00000000000008b4       0x2c /usr/local/gcc-arm-none-eabi-4_9-2015q3/bin/../lib/gcc/arm-none-eabi/4.9.3/../../../../arm-none-eabi/lib/armv6-m/libc_nano.a(lib_a-memmove.o)
 .ARM.attributes
                0x00000000000008e0       0x2c /usr/local/gcc-arm-none-eabi-4_9-2015q3/bin/../lib/gcc/arm-none-eabi/4.9.3/../../../../arm-none-eabi/lib/armv6-m/libc_nano.a(lib_a-nano-freer.o)
 .ARM.attributes
                0x000000000000090c       0x2c /usr/local/gcc-arm-none-eabi-4_9-2015q3/bin/../lib/gcc/arm-none-eabi/4.9.3/../../../../arm-none-eabi/lib/armv6-m/libc_nano.a(lib_a-nano-mallocr.o)
 .ARM.attributes
                0x0000000000000938       0x2c /usr/local/gcc-arm-none-eabi-4_9-2015q3/bin/../lib/gcc/arm-none-eabi/4.9.3/../../../../arm-none-eabi/lib/armv6-m/libc_nano.a(lib_a-nano-reallocr.o)
 .ARM.attributes
                0x0000000000000964       0x2c /usr/local/gcc-arm-none-eabi-4_9-2015q3/bin/../lib/gcc/arm-none-eabi/4.9.3/../../../../arm-none-eabi/lib/armv6-m/libc_nano.a(lib_a-sbrkr.o)
 .ARM.attributes
                0x0000000000000990       0x2c /usr/local/gcc-arm-none-eabi-4_9-2015q3/bin/../lib/gcc/arm-none-eabi/4.9.3/../../../../arm-none-eabi/lib/armv6-m/libc_nano.a(lib_a-nano-msizer.o)
 .ARM.attributes
                0x00000000000009bc       0x2c /usr/local/gcc-arm-none-eabi-4_9-2015q3/bin/../lib/gcc/arm-none-eabi/4.9.3/armv6-m/crtend.o
 .ARM.attributes
                0x00000000000009e8       0x1e /usr/local/gcc-arm-none-eabi-4_9-2015q3/bin/../lib/gcc/arm-none-eabi/4.9.3/armv6-m/crtn.o
 .ARM.attributes
                0x0000000000000a06       0x2c /usr/local/gcc-arm-none-eabi-4_9-2015q3/bin/../lib/gcc/arm-none-eabi/4.9.3/../../../../arm-none-eabi/lib/armv6-m/libnosys.a(sbrk.o)

.comment        0x0000000000000000       0x70
 .comment       0x0000000000000000       0x70 _build/app_error.o
                                         0x71 (size before relaxing)
 .comment       0x0000000000000000       0x71 _build/app_error_weak.o
 .comment       0x0000000000000000       0x71 _build/app_fifo.o
 .comment       0x0000000000000000       0x71 _build/app_timer.o
 .comment       0x0000000000000000       0x71 _build/app_uart_fifo.o
 .comment       0x0000000000000000       0x71 _build/nrf_drv_common.o
 .comment       0x0000000000000000       0x71 _build/nrf_drv_gpiote.o
 .comment       0x0000000000000000       0x71 _build/nrf_drv_uart.o
 .comment       0x0000000000000000       0x71 _build/nrf_drv_spis.o
 .comment       0x0000000000000000       0x71 _build/pstorage.o
 .comment       0x0000000000000000       0x71 _build/main.o
 .comment       0x0000000000000000       0x71 _build/ble_bas_c.o
 .comment       0x0000000000000000       0x71 _build/ble_db_discovery.o
 .comment       0x0000000000000000       0x71 _build/ble_hrs_c.o
 .comment       0x0000000000000000       0x71 _build/device_manager_central.o
 .comment       0x0000000000000000       0x71 _build/ble_radio_notification.o
 .comment       0x0000000000000000       0x71 _build/system_nrf51.o
 .comment       0x0000000000000000       0x71 _build/softdevice_handler.o

.debug_frame    0x0000000000000000     0x7324
 .debug_frame   0x0000000000000000       0x28 /usr/local/gcc-arm-none-eabi-4_9-2015q3/bin/../lib/gcc/arm-none-eabi/4.9.3/../../../../arm-none-eabi/lib/armv6-m/libc_nano.a(lib_a-exit.o)
 .debug_frame   0x0000000000000028       0x2c /usr/local/gcc-arm-none-eabi-4_9-2015q3/bin/../lib/gcc/arm-none-eabi/4.9.3/../../../../arm-none-eabi/lib/armv6-m/libc_nano.a(lib_a-init.o)
 .debug_frame   0x0000000000000054       0x20 /usr/local/gcc-arm-none-eabi-4_9-2015q3/bin/../lib/gcc/arm-none-eabi/4.9.3/../../../../arm-none-eabi/lib/armv6-m/libc_nano.a(lib_a-memset.o)
 .debug_frame   0x0000000000000074       0x20 /usr/local/gcc-arm-none-eabi-4_9-2015q3/bin/../lib/gcc/arm-none-eabi/4.9.3/../../../../arm-none-eabi/lib/armv6-m/libnosys.a(_exit.o)
 .debug_frame   0x0000000000000094       0x70 _build/app_error.o
 .debug_frame   0x0000000000000104       0x4c _build/app_error_weak.o
 .debug_frame   0x0000000000000150      0x170 _build/app_fifo.o
 .debug_frame   0x00000000000002c0      0x7bc _build/app_timer.o
 .debug_frame   0x0000000000000a7c      0x38c _build/app_uart_fifo.o
 .debug_frame   0x0000000000000e08      0x334 _build/nrf_drv_common.o
 .debug_frame   0x000000000000113c      0xa88 _build/nrf_drv_gpiote.o
 .debug_frame   0x0000000000001bc4      0x924 _build/nrf_drv_uart.o
 .debug_frame   0x00000000000024e8      0x60c _build/nrf_drv_spis.o
 .debug_frame   0x0000000000002af4      0x9b4 _build/pstorage.o
 .debug_frame   0x00000000000034a8      0xc7c _build/main.o
 .debug_frame   0x0000000000004124      0x5c0 _build/ble_bas_c.o
 .debug_frame   0x00000000000046e4      0x69c _build/ble_db_discovery.o
 .debug_frame   0x0000000000004d80      0x5a0 _build/ble_hrs_c.o
 .debug_frame   0x0000000000005320      0xa60 _build/device_manager_central.o
 .debug_frame   0x0000000000005d80      0x410 _build/ble_radio_notification.o
 .debug_frame   0x0000000000006190       0x9c _build/system_nrf51.o
 .debug_frame   0x000000000000622c      0x93c _build/softdevice_handler.o
 .debug_frame   0x0000000000006b68       0x20 /usr/local/gcc-arm-none-eabi-4_9-2015q3/bin/../lib/gcc/arm-none-eabi/4.9.3/armv6-m/libgcc.a(_udivsi3.o)
 .debug_frame   0x0000000000006b88       0x20 /usr/local/gcc-arm-none-eabi-4_9-2015q3/bin/../lib/gcc/arm-none-eabi/4.9.3/armv6-m/libgcc.a(_divsi3.o)
 .debug_frame   0x0000000000006ba8       0x2c /usr/local/gcc-arm-none-eabi-4_9-2015q3/bin/../lib/gcc/arm-none-eabi/4.9.3/../../../../arm-none-eabi/lib/armv6-m/libc_nano.a(lib_a-memcmp.o)
 .debug_frame   0x0000000000006bd4       0x28 /usr/local/gcc-arm-none-eabi-4_9-2015q3/bin/../lib/gcc/arm-none-eabi/4.9.3/../../../../arm-none-eabi/lib/armv6-m/libc_nano.a(lib_a-memcpy.o)
 .debug_frame   0x0000000000006bfc       0x50 /usr/local/gcc-arm-none-eabi-4_9-2015q3/bin/../lib/gcc/arm-none-eabi/4.9.3/../../../../arm-none-eabi/lib/armv6-m/libc_nano.a(lib_a-sprintf.o)
 .debug_frame   0x0000000000006c4c       0x58 /usr/local/gcc-arm-none-eabi-4_9-2015q3/bin/../lib/gcc/arm-none-eabi/4.9.3/../../../../arm-none-eabi/lib/armv6-m/libc_nano.a(lib_a-sscanf.o)
 .debug_frame   0x0000000000006ca4       0x90 /usr/local/gcc-arm-none-eabi-4_9-2015q3/bin/../lib/gcc/arm-none-eabi/4.9.3/../../../../arm-none-eabi/lib/armv6-m/libc_nano.a(lib_a-stdio.o)
 .debug_frame   0x0000000000006d34       0x28 /usr/local/gcc-arm-none-eabi-4_9-2015q3/bin/../lib/gcc/arm-none-eabi/4.9.3/../../../../arm-none-eabi/lib/armv6-m/libc_nano.a(lib_a-strcat.o)
 .debug_frame   0x0000000000006d5c       0x20 /usr/local/gcc-arm-none-eabi-4_9-2015q3/bin/../lib/gcc/arm-none-eabi/4.9.3/../../../../arm-none-eabi/lib/armv6-m/libc_nano.a(lib_a-strlen.o)
 .debug_frame   0x0000000000006d7c       0x2c /usr/local/gcc-arm-none-eabi-4_9-2015q3/bin/../lib/gcc/arm-none-eabi/4.9.3/../../../../arm-none-eabi/lib/armv6-m/libc_nano.a(lib_a-strncmp.o)
 .debug_frame   0x0000000000006da8       0x74 /usr/local/gcc-arm-none-eabi-4_9-2015q3/bin/../lib/gcc/arm-none-eabi/4.9.3/../../../../arm-none-eabi/lib/armv6-m/libc_nano.a(lib_a-nano-svfprintf.o)
 .debug_frame   0x0000000000006e1c       0x68 /usr/local/gcc-arm-none-eabi-4_9-2015q3/bin/../lib/gcc/arm-none-eabi/4.9.3/../../../../arm-none-eabi/lib/armv6-m/libc_nano.a(lib_a-nano-svfscanf.o)
 .debug_frame   0x0000000000006e84       0x54 /usr/local/gcc-arm-none-eabi-4_9-2015q3/bin/../lib/gcc/arm-none-eabi/4.9.3/../../../../arm-none-eabi/lib/armv6-m/libc_nano.a(lib_a-nano-vfprintf_i.o)
 .debug_frame   0x0000000000006ed8       0x54 /usr/local/gcc-arm-none-eabi-4_9-2015q3/bin/../lib/gcc/arm-none-eabi/4.9.3/../../../../arm-none-eabi/lib/armv6-m/libc_nano.a(lib_a-nano-vfscanf_i.o)
 .debug_frame   0x0000000000006f2c       0x48 /usr/local/gcc-arm-none-eabi-4_9-2015q3/bin/../lib/gcc/arm-none-eabi/4.9.3/../../../../arm-none-eabi/lib/armv6-m/libc_nano.a(lib_a-reent.o)
 .debug_frame   0x0000000000006f74       0x30 /usr/local/gcc-arm-none-eabi-4_9-2015q3/bin/../lib/gcc/arm-none-eabi/4.9.3/../../../../arm-none-eabi/lib/armv6-m/libc_nano.a(lib_a-sccl.o)
 .debug_frame   0x0000000000006fa4       0x4c /usr/local/gcc-arm-none-eabi-4_9-2015q3/bin/../lib/gcc/arm-none-eabi/4.9.3/../../../../arm-none-eabi/lib/armv6-m/libc_nano.a(lib_a-strtol.o)
 .debug_frame   0x0000000000006ff0       0x4c /usr/local/gcc-arm-none-eabi-4_9-2015q3/bin/../lib/gcc/arm-none-eabi/4.9.3/../../../../arm-none-eabi/lib/armv6-m/libc_nano.a(lib_a-strtoul.o)
 .debug_frame   0x000000000000703c       0x6c /usr/local/gcc-arm-none-eabi-4_9-2015q3/bin/../lib/gcc/arm-none-eabi/4.9.3/../../../../arm-none-eabi/lib/armv6-m/libc_nano.a(lib_a-ungetc.o)
 .debug_frame   0x00000000000070a8      0x140 /usr/local/gcc-arm-none-eabi-4_9-2015q3/bin/../lib/gcc/arm-none-eabi/4.9.3/../../../../arm-none-eabi/lib/armv6-m/libc_nano.a(lib_a-findfp.o)
 .debug_frame   0x00000000000071e8       0x20 /usr/local/gcc-arm-none-eabi-4_9-2015q3/bin/../lib/gcc/arm-none-eabi/4.9.3/../../../../arm-none-eabi/lib/armv6-m/libc_nano.a(lib_a-memchr.o)
 .debug_frame   0x0000000000007208       0x28 /usr/local/gcc-arm-none-eabi-4_9-2015q3/bin/../lib/gcc/arm-none-eabi/4.9.3/../../../../arm-none-eabi/lib/armv6-m/libc_nano.a(lib_a-memmove.o)
 .debug_frame   0x0000000000007230       0x2c /usr/local/gcc-arm-none-eabi-4_9-2015q3/bin/../lib/gcc/arm-none-eabi/4.9.3/../../../../arm-none-eabi/lib/armv6-m/libc_nano.a(lib_a-nano-freer.o)
 .debug_frame   0x000000000000725c       0x2c /usr/local/gcc-arm-none-eabi-4_9-2015q3/bin/../lib/gcc/arm-none-eabi/4.9.3/../../../../arm-none-eabi/lib/armv6-m/libc_nano.a(lib_a-nano-mallocr.o)
 .debug_frame   0x0000000000007288       0x30 /usr/local/gcc-arm-none-eabi-4_9-2015q3/bin/../lib/gcc/arm-none-eabi/4.9.3/../../../../arm-none-eabi/lib/armv6-m/libc_nano.a(lib_a-nano-reallocr.o)
 .debug_frame   0x00000000000072b8       0x2c /usr/local/gcc-arm-none-eabi-4_9-2015q3/bin/../lib/gcc/arm-none-eabi/4.9.3/../../../../arm-none-eabi/lib/armv6-m/libc_nano.a(lib_a-sbrkr.o)
 .debug_frame   0x00000000000072e4       0x20 /usr/local/gcc-arm-none-eabi-4_9-2015q3/bin/../lib/gcc/arm-none-eabi/4.9.3/../../../../arm-none-eabi/lib/armv6-m/libc_nano.a(lib_a-nano-msizer.o)
 .debug_frame   0x0000000000007304       0x20 /usr/local/gcc-arm-none-eabi-4_9-2015q3/bin/../lib/gcc/arm-none-eabi/4.9.3/../../../../arm-none-eabi/lib/armv6-m/libnosys.a(sbrk.o)

.debug_info     0x0000000000000000    0x27516
 .debug_info    0x0000000000000000      0x2e0 _build/app_error.o
 .debug_info    0x00000000000002e0      0x1eb _build/app_error_weak.o
 .debug_info    0x00000000000004cb      0x42b _build/app_fifo.o
 .debug_info    0x00000000000008f6     0x1f63 _build/app_timer.o
 .debug_info    0x0000000000002859     0x12af _build/app_uart_fifo.o
 .debug_info    0x0000000000003b08      0xf46 _build/nrf_drv_common.o
 .debug_info    0x0000000000004a4e     0x2079 _build/nrf_drv_gpiote.o
 .debug_info    0x0000000000006ac7     0x2089 _build/nrf_drv_uart.o
 .debug_info    0x0000000000008b50     0x1dd3 _build/nrf_drv_spis.o
 .debug_info    0x000000000000a923     0x1ca6 _build/pstorage.o
 .debug_info    0x000000000000c5c9     0x65e1 _build/main.o
 .debug_info    0x0000000000012baa     0x37c0 _build/ble_bas_c.o
 .debug_info    0x000000000001636a     0x3aba _build/ble_db_discovery.o
 .debug_info    0x0000000000019e24     0x377a _build/ble_hrs_c.o
 .debug_info    0x000000000001d59e     0x4893 _build/device_manager_central.o
 .debug_info    0x0000000000021e31     0x10d7 _build/ble_radio_notification.o
 .debug_info    0x0000000000022f08      0x1c2 _build/system_nrf51.o
 .debug_info    0x00000000000230ca     0x444c _build/softdevice_handler.o

.debug_abbrev   0x0000000000000000     0x2f67
 .debug_abbrev  0x0000000000000000      0x10c _build/app_error.o
 .debug_abbrev  0x000000000000010c      0x111 _build/app_error_weak.o
 .debug_abbrev  0x000000000000021d      0x12b _build/app_fifo.o
 .debug_abbrev  0x0000000000000348      0x3f5 _build/app_timer.o
 .debug_abbrev  0x000000000000073d      0x227 _build/app_uart_fifo.o
 .debug_abbrev  0x0000000000000964      0x1cb _build/nrf_drv_common.o
 .debug_abbrev  0x0000000000000b2f      0x353 _build/nrf_drv_gpiote.o
 .debug_abbrev  0x0000000000000e82      0x369 _build/nrf_drv_uart.o
 .debug_abbrev  0x00000000000011eb      0x2db _build/nrf_drv_spis.o
 .debug_abbrev  0x00000000000014c6      0x2e3 _build/pstorage.o
 .debug_abbrev  0x00000000000017a9      0x425 _build/main.o
 .debug_abbrev  0x0000000000001bce      0x324 _build/ble_bas_c.o