Archive member included because of file (symbol)

/usr/local/gcc-arm-none-eabi-4_9-2015q3/bin/../lib/gcc/arm-none-eabi/4.9.3/../../../../arm-none-eabi/lib/armv6-m/libc_nano.a(lib_a-exit.o)
                              /usr/local/gcc-arm-none-eabi-4_9-2015q3/bin/../lib/gcc/arm-none-eabi/4.9.3/../../../../arm-none-eabi/lib/armv6-m/crt0.o (exit)
/usr/local/gcc-arm-none-eabi-4_9-2015q3/bin/../lib/gcc/arm-none-eabi/4.9.3/../../../../arm-none-eabi/lib/armv6-m/libc_nano.a(lib_a-impure.o)
                              /usr/local/gcc-arm-none-eabi-4_9-2015q3/bin/../lib/gcc/arm-none-eabi/4.9.3/../../../../arm-none-eabi/lib/armv6-m/libc_nano.a(lib_a-exit.o) (_global_impure_ptr)
/usr/local/gcc-arm-none-eabi-4_9-2015q3/bin/../lib/gcc/arm-none-eabi/4.9.3/../../../../arm-none-eabi/lib/armv6-m/libc_nano.a(lib_a-init.o)
                              /usr/local/gcc-arm-none-eabi-4_9-2015q3/bin/../lib/gcc/arm-none-eabi/4.9.3/../../../../arm-none-eabi/lib/armv6-m/crt0.o (__libc_init_array)
/usr/local/gcc-arm-none-eabi-4_9-2015q3/bin/../lib/gcc/arm-none-eabi/4.9.3/../../../../arm-none-eabi/lib/armv6-m/libc_nano.a(lib_a-memset.o)
                              /usr/local/gcc-arm-none-eabi-4_9-2015q3/bin/../lib/gcc/arm-none-eabi/4.9.3/../../../../arm-none-eabi/lib/armv6-m/crt0.o (memset)
/usr/local/gcc-arm-none-eabi-4_9-2015q3/bin/../lib/gcc/arm-none-eabi/4.9.3/../../../../arm-none-eabi/lib/armv6-m/libnosys.a(_exit.o)
                              /usr/local/gcc-arm-none-eabi-4_9-2015q3/bin/../lib/gcc/arm-none-eabi/4.9.3/../../../../arm-none-eabi/lib/armv6-m/libc_nano.a(lib_a-exit.o) (_exit)
/usr/local/gcc-arm-none-eabi-4_9-2015q3/bin/../lib/gcc/arm-none-eabi/4.9.3/armv6-m/libgcc.a(_udivsi3.o)
                              _build/pstorage.o (__aeabi_uidiv)
/usr/local/gcc-arm-none-eabi-4_9-2015q3/bin/../lib/gcc/arm-none-eabi/4.9.3/armv6-m/libgcc.a(_divsi3.o)
                              _build/pstorage.o (__aeabi_idiv)
/usr/local/gcc-arm-none-eabi-4_9-2015q3/bin/../lib/gcc/arm-none-eabi/4.9.3/armv6-m/libgcc.a(_dvmd_tls.o)
                              /usr/local/gcc-arm-none-eabi-4_9-2015q3/bin/../lib/gcc/arm-none-eabi/4.9.3/armv6-m/libgcc.a(_udivsi3.o) (__aeabi_idiv0)
/usr/local/gcc-arm-none-eabi-4_9-2015q3/bin/../lib/gcc/arm-none-eabi/4.9.3/../../../../arm-none-eabi/lib/armv6-m/libc_nano.a(lib_a-ctype_.o)
                              _build/main.o (__ctype_ptr__)
/usr/local/gcc-arm-none-eabi-4_9-2015q3/bin/../lib/gcc/arm-none-eabi/4.9.3/../../../../arm-none-eabi/lib/armv6-m/libc_nano.a(lib_a-memcmp.o)
                              _build/device_manager_central.o (memcmp)
/usr/local/gcc-arm-none-eabi-4_9-2015q3/bin/../lib/gcc/arm-none-eabi/4.9.3/../../../../arm-none-eabi/lib/armv6-m/libc_nano.a(lib_a-memcpy.o)
                              _build/pstorage.o (memcpy)
/usr/local/gcc-arm-none-eabi-4_9-2015q3/bin/../lib/gcc/arm-none-eabi/4.9.3/../../../../arm-none-eabi/lib/armv6-m/libc_nano.a(lib_a-sprintf.o)
                              _build/main.o (sprintf)
/usr/local/gcc-arm-none-eabi-4_9-2015q3/bin/../lib/gcc/arm-none-eabi/4.9.3/../../../../arm-none-eabi/lib/armv6-m/libc_nano.a(lib_a-sscanf.o)
                              _build/main.o (sscanf)
/usr/local/gcc-arm-none-eabi-4_9-2015q3/bin/../lib/gcc/arm-none-eabi/4.9.3/../../../../arm-none-eabi/lib/armv6-m/libc_nano.a(lib_a-stdio.o)
                              /usr/local/gcc-arm-none-eabi-4_9-2015q3/bin/../lib/gcc/arm-none-eabi/4.9.3/../../../../arm-none-eabi/lib/armv6-m/libc_nano.a(lib_a-sscanf.o) (__seofread)
/usr/local/gcc-arm-none-eabi-4_9-2015q3/bin/../lib/gcc/arm-none-eabi/4.9.3/../../../../arm-none-eabi/lib/armv6-m/libc_nano.a(lib_a-strcat.o)
                              _build/main.o (strcat)
/usr/local/gcc-arm-none-eabi-4_9-2015q3/bin/../lib/gcc/arm-none-eabi/4.9.3/../../../../arm-none-eabi/lib/armv6-m/libc_nano.a(lib_a-strcmp.o)
                              _build/main.o (strcmp)
/usr/local/gcc-arm-none-eabi-4_9-2015q3/bin/../lib/gcc/arm-none-eabi/4.9.3/../../../../arm-none-eabi/lib/armv6-m/libc_nano.a(lib_a-strcpy.o)
                              _build/SEGGER_RTT.o (strcpy)
/usr/local/gcc-arm-none-eabi-4_9-2015q3/bin/../lib/gcc/arm-none-eabi/4.9.3/../../../../arm-none-eabi/lib/armv6-m/libc_nano.a(lib_a-strlen.o)
                              _build/main.o (strlen)
/usr/local/gcc-arm-none-eabi-4_9-2015q3/bin/../lib/gcc/arm-none-eabi/4.9.3/../../../../arm-none-eabi/lib/armv6-m/libc_nano.a(lib_a-strncmp.o)
                              _build/main.o (strncmp)
/usr/local/gcc-arm-none-eabi-4_9-2015q3/bin/../lib/gcc/arm-none-eabi/4.9.3/../../../../arm-none-eabi/lib/armv6-m/libc_nano.a(lib_a-closer.o)
                              /usr/local/gcc-arm-none-eabi-4_9-2015q3/bin/../lib/gcc/arm-none-eabi/4.9.3/../../../../arm-none-eabi/lib/armv6-m/libc_nano.a(lib_a-stdio.o) (_close_r)
/usr/local/gcc-arm-none-eabi-4_9-2015q3/bin/../lib/gcc/arm-none-eabi/4.9.3/../../../../arm-none-eabi/lib/armv6-m/libc_nano.a(lib_a-lseekr.o)
[...]
Memory Configuration

Name             Origin             Length             Attributes
FLASH            0x000000000001b000 0x0000000000025000 xr
RAM              0x0000000020001eb0 0x0000000000006150 xrw
*default*        0x0000000000000000 0xffffffffffffffff

Linker script and memory map


.text           0x000000000001b000     0xf8cc
 *(.isr_vector)
 .isr_vector    0x000000000001b000       0xc0 _build/gcc_startup_nrf51.o
                0x000000000001b000                __isr_vector
 *(.text*)
 .text          0x000000000001b0c0       0x60 /usr/local/gcc-arm-none-eabi-4_9-2015q3/bin/../lib/gcc/arm-none-eabi/4.9.3/armv6-m/crtbegin.o
 .text          0x000000000001b120       0x78 /usr/local/gcc-arm-none-eabi-4_9-2015q3/bin/../lib/gcc/arm-none-eabi/4.9.3/../../../../arm-none-eabi/lib/armv6-m/crt0.o
                0x000000000001b120                _mainCRTStartup
                0x000000000001b120                _start
 .text.exit     0x000000000001b198       0x2c /usr/local/gcc-arm-none-eabi-4_9-2015q3/bin/../lib/gcc/arm-none-eabi/4.9.3/../../../../arm-none-eabi/lib/armv6-m/libc_nano.a(lib_a-exit.o)
                0x000000000001b198                exit
 .text.__libc_init_array
                0x000000000001b1c4       0x4c /usr/local/gcc-arm-none-eabi-4_9-2015q3/bin/../lib/gcc/arm-none-eabi/4.9.3/../../../../arm-none-eabi/lib/armv6-m/libc_nano.a(lib_a-init.o)
                0x000000000001b1c4                __libc_init_array
 .text.memset   0x000000000001b210       0x10 /usr/local/gcc-arm-none-eabi-4_9-2015q3/bin/../lib/gcc/arm-none-eabi/4.9.3/../../../../arm-none-eabi/lib/armv6-m/libc_nano.a(lib_a-memset.o)
                0x000000000001b210                memset
 .text._exit    0x000000000001b220        0x4 /usr/local/gcc-arm-none-eabi-4_9-2015q3/bin/../lib/gcc/arm-none-eabi/4.9.3/../../../../arm-none-eabi/lib/armv6-m/libnosys.a(_exit.o)
                0x000000000001b220                _exit
 .text.app_error_handler_bare
                0x000000000001b224       0x3c _build/app_error.o
                0x000000000001b224                app_error_handler_bare
 .text.NVIC_SystemReset
                0x000000000001b260       0x20 _build/app_error_weak.o
 .text.app_error_fault_handler
                0x000000000001b280       0x18 _build/app_error_weak.o
                0x000000000001b280                app_error_fault_handler
 .text.fifo_length
                0x000000000001b298       0x20 _build/app_fifo.o
 .text.fifo_put
                0x000000000001b2b8       0x34 _build/app_fifo.o
 .text.fifo_peek
                0x000000000001b2ec       0x38 _build/app_fifo.o
 .text.fifo_get
                0x000000000001b324       0x28 _build/app_fifo.o
 .text.app_fifo_init
                0x000000000001b34c       0x5c _build/app_fifo.o
                0x000000000001b34c                app_fifo_init
 .text.app_fifo_put
                0x000000000001b3a8       0x3c _build/app_fifo.o
                0x000000000001b3a8                app_fifo_put
 .text.app_fifo_get
                0x000000000001b3e4       0x30 _build/app_fifo.o
                0x000000000001b3e4                app_fifo_get
 .text.app_fifo_peek
                0x000000000001b414       0x48 _build/app_fifo.o
                0x000000000001b414                app_fifo_peek
 .text.app_fifo_flush
                0x000000000001b45c       0x1c _build/app_fifo.o
                0x000000000001b45c                app_fifo_flush
 .text.app_fifo_read
                0x000000000001b478       0x8c _build/app_fifo.o
                0x000000000001b478                app_fifo_read
 .text.app_fifo_write
                0x000000000001b504       0x98 _build/app_fifo.o
                0x000000000001b504                app_fifo_write
 .text.NVIC_EnableIRQ
                0x000000000001b59c       0x2c _build/app_timer.o
 .text.NVIC_DisableIRQ
                0x000000000001b5c8       0x2c _build/app_timer.o
 .text.NVIC_SetPendingIRQ
                0x000000000001b5f4       0x2c _build/app_timer.o
 .text.NVIC_ClearPendingIRQ
                0x000000000001b620       0x2c _build/app_timer.o
 .text.NVIC_SetPriority
                0x000000000001b64c       0xd4 _build/app_timer.o
 .text.NVIC_GetPriority
                0x000000000001b720       0x78 _build/app_timer.o
 .text.is_word_aligned
                0x000000000001b798       0x1c _build/app_timer.o
 .text.current_int_priority_get
                0x000000000001b7b4       0x3c _build/app_timer.o
 .text.rtc1_init
                0x000000000001b7f0       0x24 _build/app_timer.o
 .text.rtc1_start
                0x000000000001b814       0x68 _build/app_timer.o
 .text.rtc1_stop
                0x000000000001b87c       0x98 _build/app_timer.o
 .text.rtc1_counter_get
                0x000000000001b914       0x18 _build/app_timer.o
 .text.ticks_diff_get
                0x000000000001b92c       0x1c _build/app_timer.o
 .text.rtc1_compare0_set
                0x000000000001b948       0x1c _build/app_timer.o
 .text.timer_list_insert
                0x000000000001b964       0xb0 _build/app_timer.o
 .text.timer_list_remove
                0x000000000001ba14       0xa0 _build/app_timer.o
 .text.timer_timeouts_check_sched
                0x000000000001bab4       0x10 _build/app_timer.o
 .text.timer_list_handler_sched
                0x000000000001bac4       0x10 _build/app_timer.o
 .text.timeout_handler_exec
                0x000000000001bad4       0x54 _build/app_timer.o
 .text.timer_timeouts_check
                0x000000000001bb28       0xc8 _build/app_timer.o
 .text.elapsed_ticks_acquire
                0x000000000001bbf0       0x7c _build/app_timer.o
 .text.list_deletions_handler
                0x000000000001bc6c       0xec _build/app_timer.o
 .text.expired_timers_handler
                0x000000000001bd58       0x98 _build/app_timer.o
 .text.list_insertions_handler
                0x000000000001bdf0      0x194 _build/app_timer.o
 .text.compare_reg_update
                0x000000000001bf84       0xe4 _build/app_timer.o
 .text.timer_list_handler
                0x000000000001c068       0x94 _build/app_timer.o
 .text.user_op_enque
                0x000000000001c0fc       0x1c _build/app_timer.o
 .text.user_op_alloc
                0x000000000001c118       0x68 _build/app_timer.o
 .text.timer_start_op_schedule
                0x000000000001c180       0x84 _build/app_timer.o
 .text.RTC1_IRQHandler
                0x000000000001c204       0x4c _build/app_timer.o
                0x000000000001c204                RTC1_IRQHandler
 .text.SWI0_IRQHandler
                0x000000000001c250        0xc _build/app_timer.o
                0x000000000001c250                SWI0_IRQHandler
 .text.app_timer_init
                0x000000000001c25c      0x108 _build/app_timer.o
                0x000000000001c25c                app_timer_init
 .text.app_timer_create
                0x000000000001c364       0x6c _build/app_timer.o
                0x000000000001c364                app_timer_create
 .text.user_id_get
                0x000000000001c3d0       0x34 _build/app_timer.o
 .text.app_timer_start
                0x000000000001c404       0x70 _build/app_timer.o
                0x000000000001c404                app_timer_start
 .text.app_trace_dump
                0x000000000001c474       0x54 _build/app_trace.o
                0x000000000001c474                app_trace_dump
 .text.log_rtt_init
                0x000000000001c4c8       0x6c _build/nrf_log.o
                0x000000000001c4c8                log_rtt_init
 .text.log_rtt_printf
                0x000000000001c534       0x30 _build/nrf_log.o
                0x000000000001c534                log_rtt_printf
 .text.fifo_length
                0x000000000001c564       0x20 _build/app_uart_fifo.o
 .text.uart_event_handler
                0x000000000001c584      0x11c _build/app_uart_fifo.o
 .text.app_uart_init
                0x000000000001c6a0      0x134 _build/app_uart_fifo.o
                0x000000000001c6a0                app_uart_init
 .text.app_uart_flush
                0x000000000001c7d4       0x44 _build/app_uart_fifo.o
                0x000000000001c7d4                app_uart_flush
 .text.app_uart_get
                0x000000000001c818       0x50 _build/app_uart_fifo.o
                0x000000000001c818                app_uart_get
 .text.app_uart_put
                0x000000000001c868       0x68 _build/app_uart_fifo.o
                0x000000000001c868                app_uart_put
 .text.NVIC_EnableIRQ
                0x000000000001c8d0       0x2c _build/nrf_drv_common.o
 .text.NVIC_ClearPendingIRQ
                0x000000000001c8fc       0x2c _build/nrf_drv_common.o
 .text.NVIC_SetPriority
                0x000000000001c928       0xd4 _build/nrf_drv_common.o
 .text.nrf_drv_common_irq_enable
                0x000000000001c9fc       0x44 _build/nrf_drv_common.o
                0x000000000001c9fc                nrf_drv_common_irq_enable
 .text.nrf_gpiote_event_is_set
                0x000000000001ca40       0x2c _build/nrf_drv_gpiote.o
 .text.nrf_gpiote_event_clear
                0x000000000001ca6c       0x24 _build/nrf_drv_gpiote.o
 .text.nrf_gpiote_event_addr_get
                0x000000000001ca90       0x24 _build/nrf_drv_gpiote.o
 .text.nrf_gpiote_int_is_enabled
                0x000000000001cab4       0x20 _build/nrf_drv_gpiote.o
 .text.nrf_gpiote_event_pin_get
                0x000000000001cad4       0x28 _build/nrf_drv_gpiote.o
 .text.nrf_gpiote_event_polarity_get
                0x000000000001cafc       0x2c _build/nrf_drv_gpiote.o
 .text.nrf_gpio_cfg_sense_set
                0x000000000001cb28       0x5c _build/nrf_drv_gpiote.o
 .text.nrf_gpio_pins_read
                0x000000000001cb84       0x14 _build/nrf_drv_gpiote.o
 .text.nrf_gpio_pin_sense_get
                0x000000000001cb98       0x28 _build/nrf_drv_gpiote.o
 .text.channel_port_get
                0x000000000001cbc0       0x24 _build/nrf_drv_gpiote.o
 .text.channel_handler_get
                0x000000000001cbe4       0x1c _build/nrf_drv_gpiote.o
 .text.GPIOTE_IRQHandler
                0x000000000001cc00      0x290 _build/nrf_drv_gpiote.o
                0x000000000001cc00                GPIOTE_IRQHandler
 .text.nrf_uart_event_clear
                0x000000000001ce90       0x20 _build/nrf_drv_uart.o
 .text.nrf_uart_event_check
                0x000000000001ceb0       0x28 _build/nrf_drv_uart.o
 .text.nrf_uart_int_enable
                0x000000000001ced8       0x1c _build/nrf_drv_uart.o
 .text.nrf_uart_int_enable_check
                0x000000000001cef4       0x24 _build/nrf_drv_uart.o
 .text.nrf_uart_int_disable
                0x000000000001cf18       0x1c _build/nrf_drv_uart.o
 .text.nrf_uart_errorsrc_get_and_clear
                0x000000000001cf34       0x28 _build/nrf_drv_uart.o
 .text.nrf_uart_enable
                0x000000000001cf5c       0x18 _build/nrf_drv_uart.o
 .text.nrf_uart_txrx_pins_set
                0x000000000001cf74       0x2c _build/nrf_drv_uart.o
 .text.nrf_uart_hwfc_pins_set
                0x000000000001cfa0       0x28 _build/nrf_drv_uart.o
 .text.nrf_uart_rxd_get
                0x000000000001cfc8       0x1c _build/nrf_drv_uart.o
 .text.nrf_uart_txd_set
                0x000000000001cfe4       0x24 _build/nrf_drv_uart.o
 .text.nrf_uart_task_trigger
                0x000000000001d008       0x20 _build/nrf_drv_uart.o
 .text.nrf_uart_configure
                0x000000000001d028       0x38 _build/nrf_drv_uart.o
 .text.nrf_uart_baudrate_set
                0x000000000001d060       0x1c _build/nrf_drv_uart.o
 .text.nrf_gpio_cfg
                0x000000000001d07c       0x5c _build/nrf_drv_uart.o
 .text.nrf_gpio_cfg_output
                0x000000000001d0d8       0x24 _build/nrf_drv_uart.o
 .text.nrf_gpio_cfg_input
                0x000000000001d0fc       0x30 _build/nrf_drv_uart.o
 .text.nrf_gpio_pin_set
                0x000000000001d12c       0x20 _build/nrf_drv_uart.o
 .text.apply_config
                0x000000000001d14c       0xa4 _build/nrf_drv_uart.o
 .text.interrupts_enable
                0x000000000001d1f0       0x50 _build/nrf_drv_uart.o
 .text.uart_enable
                0x000000000001d240       0x14 _build/nrf_drv_uart.o
 .text.nrf_drv_uart_init
                0x000000000001d254       0x7c _build/nrf_drv_uart.o
                0x000000000001d254                nrf_drv_uart_init
 .text.tx_byte  0x000000000001d2d0       0x50 _build/nrf_drv_uart.o
 .text.nrf_drv_uart_tx_for_uart
                0x000000000001d320       0xd4 _build/nrf_drv_uart.o
 .text.nrf_drv_uart_tx
                0x000000000001d3f4       0x40 _build/nrf_drv_uart.o
                0x000000000001d3f4                nrf_drv_uart_tx
 .text.nrf_drv_uart_tx_in_progress
                0x000000000001d434       0x18 _build/nrf_drv_uart.o
                0x000000000001d434                nrf_drv_uart_tx_in_progress
 .text.rx_enable
                0x000000000001d44c       0x34 _build/nrf_drv_uart.o
 .text.rx_byte  0x000000000001d480       0x64 _build/nrf_drv_uart.o
 .text.nrf_drv_uart_rx_for_uart
                0x000000000001d4e4      0x14c _build/nrf_drv_uart.o
 .text.nrf_drv_uart_rx
                0x000000000001d630       0xc0 _build/nrf_drv_uart.o
                0x000000000001d630                nrf_drv_uart_rx
 .text.nrf_drv_uart_rx_enable
                0x000000000001d6f0       0x24 _build/nrf_drv_uart.o
                0x000000000001d6f0                nrf_drv_uart_rx_enable
 .text.rx_done_event
                0x000000000001d714       0x44 _build/nrf_drv_uart.o
 .text.tx_done_event
                0x000000000001d758       0x4c _build/nrf_drv_uart.o
 .text.uart_irq_handler
                0x000000000001d7a4      0x200 _build/nrf_drv_uart.o
 .text.UART0_IRQHandler
                0x000000000001d9a4        0xc _build/nrf_drv_uart.o
                0x000000000001d9a4                UART0_IRQHandler
 .text.nrf_spis_task_trigger
                0x000000000001d9b0       0x20 _build/nrf_drv_spis.o
 .text.nrf_spis_event_clear
                0x000000000001d9d0       0x20 _build/nrf_drv_spis.o
 .text.nrf_spis_event_check
                0x000000000001d9f0       0x28 _build/nrf_drv_spis.o
 .text.nrf_spis_shorts_enable
                0x000000000001da18       0x28 _build/nrf_drv_spis.o
 .text.nrf_spis_int_enable
                0x000000000001da40       0x1c _build/nrf_drv_spis.o
 .text.nrf_spis_enable
                0x000000000001da5c       0x18 _build/nrf_drv_spis.o
 .text.nrf_spis_pins_set
                0x000000000001da74       0x40 _build/nrf_drv_spis.o
 .text.nrf_spis_tx_buffer_set
                0x000000000001dab4       0x2c _build/nrf_drv_spis.o
 .text.nrf_spis_rx_buffer_set
                0x000000000001dae0       0x2c _build/nrf_drv_spis.o
 .text.nrf_spis_tx_amount_get
                0x000000000001db0c       0x1c _build/nrf_drv_spis.o
 .text.nrf_spis_rx_amount_get
                0x000000000001db28       0x1c _build/nrf_drv_spis.o
 .text.nrf_spis_configure
                0x000000000001db44       0x68 _build/nrf_drv_spis.o
 .text.nrf_spis_orc_set
                0x000000000001dbac       0x20 _build/nrf_drv_spis.o
 .text.nrf_spis_def_set
                0x000000000001dbcc       0x24 _build/nrf_drv_spis.o
 .text.nrf_gpio_cfg
                0x000000000001dbf0       0x5c _build/nrf_drv_spis.o
 .text.nrf_drv_is_in_RAM
                0x000000000001dc4c       0x24 _build/nrf_drv_spis.o
 .text.nrf_drv_spis_init
                0x000000000001dc70      0x1ec _build/nrf_drv_spis.o
                0x000000000001dc70                nrf_drv_spis_init
 .text.spis_state_entry_action_execute
                0x000000000001de5c       0xc8 _build/nrf_drv_spis.o
 .text.spis_state_change
                0x000000000001df24       0x28 _build/nrf_drv_spis.o
 .text.nrf_drv_spis_buffers_set
                0x000000000001df4c       0xd8 _build/nrf_drv_spis.o
                0x000000000001df4c                nrf_drv_spis_buffers_set
 .text.spis_irq_handler
                0x000000000001e024       0xc0 _build/nrf_drv_spis.o
 .text.SPI1_TWI1_IRQHandler
                0x000000000001e0e4       0x1c _build/nrf_drv_spis.o
                0x000000000001e0e4                SPI1_TWI1_IRQHandler
 .text.pstorage_flash_page_size
                0x000000000001e100       0x14 _build/pstorage.o
 .text.pstorage_flash_page_end
                0x000000000001e114       0x38 _build/pstorage.o
 .text.is_word_aligned
                0x000000000001e14c       0x1c _build/pstorage.o
 .text.sd_flash_write
                0x000000000001e168        0x8 _build/pstorage.o
 .text.sd_flash_page_erase
                0x000000000001e170        0x8 _build/pstorage.o
 .text.command_queue_element_consume
                0x000000000001e178       0x3c _build/pstorage.o
 .text.command_end_procedure_run
                0x000000000001e1b4       0x34 _build/pstorage.o
 .text.state_idle_entry_run
                0x000000000001e1e8       0x20 _build/pstorage.o
 .text.app_notify_error_state_transit
                0x000000000001e208       0x38 _build/pstorage.o
 .text.flash_api_err_code_process
                0x000000000001e240       0x38 _build/pstorage.o
 .text.flash_write
                0x000000000001e278       0x2c _build/pstorage.o
 .text.store_cmd_flash_write_execute
                0x000000000001e2a4       0xb0 _build/pstorage.o
 .text.state_store_entry_run
                0x000000000001e354        0xc _build/pstorage.o
 .text.state_data_erase_swap_entry_run
                0x000000000001e360       0xc0 _build/pstorage.o
 .text.flash_page_erase
                0x000000000001e420       0x20 _build/pstorage.o
 .text.state_data_erase_entry_run
                0x000000000001e440       0x18 _build/pstorage.o
 .text.state_entry_action_run
                0x000000000001e458       0x40 _build/pstorage.o
 .text.sm_state_change
                0x000000000001e498       0x24 _build/pstorage.o
 .text.state_swap_erase_entry_run
                0x000000000001e4bc       0x30 _build/pstorage.o
 .text.state_write_data_swap_entry_run
                0x000000000001e4ec       0x44 _build/pstorage.o
 .text.state_erase_data_page_entry_run
                0x000000000001e530       0x18 _build/pstorage.o
 .text.state_restore_tail_entry_run
                0x000000000001e548       0x8c _build/pstorage.o
 .text.state_restore_head_entry_run
                0x000000000001e5d4       0x40 _build/pstorage.o
 .text.swap_sub_state_entry_action_run
                0x000000000001e614       0x20 _build/pstorage.o
 .text.swap_sub_state_state_change
                0x000000000001e634       0x24 _build/pstorage.o
 .text.cmd_queue_element_init
                0x000000000001e658       0x84 _build/pstorage.o
 .text.cmd_queue_init
                0x000000000001e6dc       0x38 _build/pstorage.o
 .text.cmd_queue_enqueue
                0x000000000001e714       0xe4 _build/pstorage.o
 .text.cmd_queue_dequeue
                0x000000000001e7f8       0x18 _build/pstorage.o
 .text.app_notify
                0x000000000001e810       0x54 _build/pstorage.o
 .text.is_tail_data_page_swap_required
                0x000000000001e864       0x84 _build/pstorage.o
 .text.clear_post_processing_run
                0x000000000001e8e8       0x38 _build/pstorage.o
 .text.swap_sub_sm_exit_action_run
                0x000000000001e920        0xc _build/pstorage.o
 .text.is_page_erase_required
                0x000000000001e92c       0x90 _build/pstorage.o
 .text.swap_sub_state_err_busy_process
                0x000000000001e9bc       0x28 _build/pstorage.o
 .text.head_restore_state_run
                0x000000000001e9e4       0x70 _build/pstorage.o
 .text.tail_restore_state_run
                0x000000000001ea54       0x20 _build/pstorage.o
 .text.data_page_erase_state_run
                0x000000000001ea74       0x84 _build/pstorage.o
 .text.data_to_swap_write_state_run
                0x000000000001eaf8       0x38 _build/pstorage.o
 .text.swap_erase_state_run
                0x000000000001eb30       0x24 _build/pstorage.o
 .text.swap_sub_state_sm_run
                0x000000000001eb54       0x20 _build/pstorage.o
 .text.main_state_err_busy_process
                0x000000000001eb74       0x28 _build/pstorage.o
 .text.erase_sub_state_sm_run
                0x000000000001eb9c       0x50 _build/pstorage.o
 .text.store_sub_state_sm_run
                0x000000000001ebec       0x64 _build/pstorage.o
 .text.flash_operation_success_run
                0x000000000001ec50       0x30 _build/pstorage.o
 .text.flash_operation_failure_run
                0x000000000001ec80       0x4c _build/pstorage.o
 .text.pstorage_sys_event_handler
                0x000000000001eccc       0x50 _build/pstorage.o
                0x000000000001eccc                pstorage_sys_event_handler
 .text.tail_word_size_calculate
                0x000000000001ed1c       0x94 _build/pstorage.o
 .text.clear_operation_execute
                0x000000000001edb0      0x194 _build/pstorage.o
 .text.store_operation_execute
                0x000000000001ef44       0x10 _build/pstorage.o
 .text.update_operation_execute
                0x000000000001ef54        0xc _build/pstorage.o
 .text.cmd_process
                0x000000000001ef60       0x58 _build/pstorage.o
 .text.pstorage_init
                0x000000000001efb8       0xc4 _build/pstorage.o
                0x000000000001efb8                pstorage_init
 .text.pstorage_register
                0x000000000001f07c      0x184 _build/pstorage.o
                0x000000000001f07c                pstorage_register
 .text.pstorage_block_identifier_get
                0x000000000001f200       0xf8 _build/pstorage.o
                0x000000000001f200                pstorage_block_identifier_get
 .text.pstorage_store
                0x000000000001f2f8      0x164 _build/pstorage.o
                0x000000000001f2f8                pstorage_store
 .text.pstorage_update
                0x000000000001f45c      0x164 _build/pstorage.o
                0x000000000001f45c                pstorage_update
 .text.pstorage_load
                0x000000000001f5c0      0x18c _build/pstorage.o
                0x000000000001f5c0                pstorage_load
 .text.pstorage_clear
                0x000000000001f74c      0x1a4 _build/pstorage.o
                0x000000000001f74c                pstorage_clear
 .text.pstorage_access_status_get
                0x000000000001f8f0       0x3c _build/pstorage.o
                0x000000000001f8f0                pstorage_access_status_get
 .text.sd_app_evt_wait
                0x000000000001f92c        0x8 _build/main.o
 .text.sd_ble_gap_conn_param_update
                0x000000000001f934        0x8 _build/main.o
 .text.sd_ble_gap_auth_key_reply
                0x000000000001f93c        0x8 _build/main.o
 .text.sd_ble_gap_scan_start
                0x000000000001f944        0x8 _build/main.o
 .text.sd_ble_gap_scan_stop
                0x000000000001f94c        0x8 _build/main.o
 .text.sd_ble_gap_connect
                0x000000000001f954        0x8 _build/main.o
 .text.nrf_gpio_cfg
                0x000000000001f95c       0x5c _build/main.o
 .text.nrf_gpio_cfg_output
                0x000000000001f9b8       0x24 _build/main.o
 .text.nrf_gpio_pin_set
                0x000000000001f9dc       0x20 _build/main.o
 .text.nrf_gpio_pin_clear
                0x000000000001f9fc       0x24 _build/main.o
 .text.nrf_gpio_pin_read
                0x000000000001fa20       0x24 _build/main.o
 .text.db_disc_handler
                0x000000000001fa44       0x30 _build/main.o
 .text.device_manager_event_handler
                0x000000000001fa74      0x27c _build/main.o
 .text.adv_report_parse
                0x000000000001fcf0       0x90 _build/main.o
 .text.tx_buffer_write
                0x000000000001fd80      0x270 _build/main.o
 .text.on_ble_evt
                0x000000000001fff0      0x38c _build/main.o
 .text.on_sys_evt
                0x000000000002037c       0x34 _build/main.o
 .text.ble_evt_dispatch
                0x00000000000203b0       0x50 _build/main.o
 .text.sys_evt_dispatch
                0x0000000000020400       0x20 _build/main.o
 .text.ble_stack_init
                0x0000000000020420       0xfc _build/main.o
 .text.device_manager_init
                0x000000000002051c      0x118 _build/main.o
 .text.bas_c_evt_handler
                0x0000000000020634       0xdc _build/main.o
 .text.bas_c_init
                0x0000000000020710       0x3c _build/main.o
 .text.db_discovery_init
                0x000000000002074c       0x30 _build/main.o
 .text.scan_set_default_params
                0x000000000002077c       0x38 _build/main.o
 .text.scan_set_params
                0x00000000000207b4      0x144 _build/main.o
 .text.scan_start
                0x00000000000208f8       0x54 _build/main.o
 .text.scan_stop
                0x000000000002094c       0x18 _build/main.o
 .text.gpio_init
                0x0000000000020964       0x1c _build/main.o
 .text.timer_timeout_handler
                0x0000000000020980       0x10 _build/main.o
 .text.timer_init
                0x0000000000020990       0x8c _build/main.o
 .text.nrf_log_init
                0x0000000000020a1c       0x28 _build/main.o
 .text.uart_write_str
                0x0000000000020a44       0x48 _build/main.o
 .text.add_device_to_list
                0x0000000000020a8c       0xb4 _build/main.o
 .text.list_device
                0x0000000000020b40      0x25c _build/main.o
 .text.send_adv_data
                0x0000000000020d9c      0x1bc _build/main.o
 .text.uart_rx_command_handler
                0x0000000000020f58      0x728 _build/main.o
 .text.uart_event_handler
                0x0000000000021680       0xec _build/main.o
 .text.uart_init
                0x000000000002176c       0x6c _build/main.o
 .text.spi_slave_handler
                0x00000000000217d8       0x14 _build/main.o
 .text.hw_if_init
                0x00000000000217ec       0x9c _build/main.o
 .text.radio_notification_blink
                0x0000000000021888       0x28 _build/main.o
 .text.radio_notification_init
                0x00000000000218b0       0x34 _build/main.o
 .text.power_manage
                0x00000000000218e4       0x28 _build/main.o
 .text.main     0x000000000002190c       0xe8 _build/main.o
                0x000000000002190c                main
 .text._DoInit  0x00000000000219f4       0xa0 _build/SEGGER_RTT.o
 .text._WriteBlocking
                0x0000000000021a94       0xb8 _build/SEGGER_RTT.o
 .text._WriteNoCheck
                0x0000000000021b4c       0x8c _build/SEGGER_RTT.o
 .text._GetAvailWriteSpace
                0x0000000000021bd8       0x44 _build/SEGGER_RTT.o
 .text.SEGGER_RTT_WriteNoLock
                0x0000000000021c1c       0xb8 _build/SEGGER_RTT.o
                0x0000000000021c1c                SEGGER_RTT_WriteNoLock
 .text.SEGGER_RTT_Write
                0x0000000000021cd4       0x4c _build/SEGGER_RTT.o
                0x0000000000021cd4                SEGGER_RTT_Write
 .text.SEGGER_RTT_ConfigUpBuffer
                0x0000000000021d20       0xd0 _build/SEGGER_RTT.o
                0x0000000000021d20                SEGGER_RTT_ConfigUpBuffer
 .text.SEGGER_RTT_ConfigDownBuffer
                0x0000000000021df0       0xd0 _build/SEGGER_RTT.o
                0x0000000000021df0                SEGGER_RTT_ConfigDownBuffer
 .text._StoreChar
                0x0000000000021ec0       0x84 _build/SEGGER_RTT_printf.o
 .text._PrintUnsigned
                0x0000000000021f44      0x160 _build/SEGGER_RTT_printf.o
 .text._PrintInt
                0x00000000000220a4      0x14c _build/SEGGER_RTT_printf.o
 .text.SEGGER_RTT_vprintf
                0x00000000000221f0      0x37c _build/SEGGER_RTT_printf.o
                0x00000000000221f0                SEGGER_RTT_vprintf
 .text.sd_ble_gattc_read
                0x000000000002256c        0x8 _build/ble_bas_c.o
 .text.sd_ble_gattc_write
                0x0000000000022574        0x8 _build/ble_bas_c.o
 .text.tx_buffer_process
                0x000000000002257c       0xd4 _build/ble_bas_c.o
 .text.on_write_rsp
                0x0000000000022650       0x24 _build/ble_bas_c.o
 .text.on_read_rsp
                0x0000000000022674       0x60 _build/ble_bas_c.o
 .text.on_hvx   0x00000000000226d4       0x60 _build/ble_bas_c.o
 .text.ble_bas_on_db_disc_evt
                0x0000000000022734      0x12c _build/ble_bas_c.o
                0x0000000000022734                ble_bas_on_db_disc_evt
 .text.cccd_configure
                0x0000000000022860       0xc4 _build/ble_bas_c.o
 .text.ble_bas_c_init
                0x0000000000022924       0x64 _build/ble_bas_c.o
                0x0000000000022924                ble_bas_c_init
 .text.on_disconnected
                0x0000000000022988       0x30 _build/ble_bas_c.o
 .text.ble_bas_c_on_ble_evt
                0x00000000000229b8       0x70 _build/ble_bas_c.o
                0x00000000000229b8                ble_bas_c_on_ble_evt
 .text.ble_bas_c_bl_notif_enable
                0x0000000000022a28       0x40 _build/ble_bas_c.o
                0x0000000000022a28                ble_bas_c_bl_notif_enable
 .text.ble_bas_c_bl_read
                0x0000000000022a68       0x74 _build/ble_bas_c.o
                0x0000000000022a68                ble_bas_c_bl_read
 .text.ble_bas_c_handles_assign
                0x0000000000022adc       0x48 _build/ble_bas_c.o
                0x0000000000022adc                ble_bas_c_handles_assign
 .text.sd_ble_gattc_primary_services_discover
                0x0000000000022b24        0x8 _build/ble_db_discovery.o
 .text.sd_ble_gattc_characteristics_discover
                0x0000000000022b2c        0x8 _build/ble_db_discovery.o
 .text.sd_ble_gattc_descriptors_discover
                0x0000000000022b34        0x8 _build/ble_db_discovery.o
 .text.registered_handler_get
                0x0000000000022b3c       0x5c _build/ble_db_discovery.o
 .text.registered_handler_set
                0x0000000000022b98       0x58 _build/ble_db_discovery.o
 .text.pending_user_evts_send
                0x0000000000022bf0       0x5c _build/ble_db_discovery.o
 .text.discovery_error_evt_trigger
                0x0000000000022c4c       0x60 _build/ble_db_discovery.o
 .text.discovery_complete_evt_trigger
                0x0000000000022cac       0xf4 _build/ble_db_discovery.o
 .text.on_srv_disc_completion
                0x0000000000022da0      0x110 _build/ble_db_discovery.o
 .text.is_char_discovery_reqd
                0x0000000000022eb0       0x34 _build/ble_db_discovery.o
 .text.is_desc_discovery_reqd
                0x0000000000022ee4       0x90 _build/ble_db_discovery.o
 .text.characteristics_discover
                0x0000000000022f74       0xa8 _build/ble_db_discovery.o
 .text.descriptors_discover
                0x000000000002301c      0x140 _build/ble_db_discovery.o
 .text.on_primary_srv_discovery_rsp
                0x000000000002315c      0x100 _build/ble_db_discovery.o
 .text.on_characteristic_discovery_rsp
                0x000000000002325c      0x23c _build/ble_db_discovery.o
 .text.on_descriptor_discovery_rsp
                0x0000000000023498      0x174 _build/ble_db_discovery.o
 .text.ble_db_discovery_init
                0x000000000002360c       0x48 _build/ble_db_discovery.o
                0x000000000002360c                ble_db_discovery_init
 .text.ble_db_discovery_evt_register
                0x0000000000023654       0x44 _build/ble_db_discovery.o
                0x0000000000023654                ble_db_discovery_evt_register
 .text.ble_db_discovery_start
                0x0000000000023698       0xf4 _build/ble_db_discovery.o
                0x0000000000023698                ble_db_discovery_start
 .text.on_disconnected
                0x000000000002378c       0x2c _build/ble_db_discovery.o
 .text.ble_db_discovery_on_ble_evt
                0x00000000000237b8       0x90 _build/ble_db_discovery.o
                0x00000000000237b8                ble_db_discovery_on_ble_evt
 .text.sd_ble_gattc_read
                0x0000000000023848        0x8 _build/ble_hrs_c.o
 .text.sd_ble_gattc_write
                0x0000000000023850        0x8 _build/ble_hrs_c.o
 .text.uint16_decode
                0x0000000000023858       0x28 _build/ble_hrs_c.o
 .text.tx_buffer_process
                0x0000000000023880       0xd4 _build/ble_hrs_c.o
 .text.on_write_rsp
                0x0000000000023954       0x24 _build/ble_hrs_c.o
 .text.on_hvx   0x0000000000023978       0xc4 _build/ble_hrs_c.o
 .text.on_disconnected
                0x0000000000023a3c       0x30 _build/ble_hrs_c.o
 .text.ble_hrs_on_db_disc_evt
                0x0000000000023a6c       0xfc _build/ble_hrs_c.o
                0x0000000000023a6c                ble_hrs_on_db_disc_evt
 .text.ble_hrs_c_on_ble_evt
                0x0000000000023b68       0x5c _build/ble_hrs_c.o
                0x0000000000023b68                ble_hrs_c_on_ble_evt
 .text.ble_hrs_c_handles_assign
                0x0000000000023bc4       0x48 _build/ble_hrs_c.o
                0x0000000000023bc4                ble_hrs_c_handles_assign
 .text.sd_ble_gap_authenticate
                0x0000000000023c0c        0x8 _build/device_manager_central.o
 .text.sd_ble_gap_sec_params_reply
                0x0000000000023c14        0x8 _build/device_manager_central.o
 .text.sd_ble_gap_encrypt
                0x0000000000023c1c        0x8 _build/device_manager_central.o
 .text.sd_ble_gatts_sys_attr_set
                0x0000000000023c24        0x8 _build/device_manager_central.o
 .text.sd_ble_gatts_sys_attr_get
                0x0000000000023c2c        0x8 _build/device_manager_central.o
 .text.update_status_bit_reset
                0x0000000000023c34       0x28 _build/device_manager_central.o
 .text.update_status_bit_is_set
                0x0000000000023c5c       0x2c _build/device_manager_central.o
 .text.application_instance_init
                0x0000000000023c88       0x5c _build/device_manager_central.o
 .text.connection_instance_init
                0x0000000000023ce4       0x7c _build/device_manager_central.o
 .text.peer_instance_init
                0x0000000000023d60       0x98 _build/device_manager_central.o
 .text.connection_instance_find
                0x0000000000023df8       0x90 _build/device_manager_central.o
 .text.device_instance_allocate
                0x0000000000023e88      0x1ac _build/device_manager_central.o
 .text.device_instance_find
                0x0000000000024034      0x168 _build/device_manager_central.o
 .text.app_evt_notify
                0x000000000002419c       0x3c _build/device_manager_central.o
 .text.connection_instance_allocate
                0x00000000000241d8       0x80 _build/device_manager_central.o
 .text.connection_instance_free
                0x0000000000024258       0x5c _build/device_manager_central.o
 .text.storage_operation_dummy_handler
                0x00000000000242b4       0x20 _build/device_manager_central.o
 .text.device_context_store
                0x00000000000242d4      0x20c _build/device_manager_central.o
 .text.no_service_context_store
                0x00000000000244e0       0x24 _build/device_manager_central.o
 .text.gatts_context_store
                0x0000000000024504      0x224 _build/device_manager_central.o
 .text.gattc_context_store
                0x0000000000024728       0x24 _build/device_manager_central.o
 .text.gattsc_context_store
                0x000000000002474c       0x48 _build/device_manager_central.o
 .text.no_service_context_load
                0x0000000000024794       0x24 _build/device_manager_central.o
 .text.gatts_context_load
                0x00000000000247b8       0xec _build/device_manager_central.o
 .text.gattc_context_load
                0x00000000000248a4       0x24 _build/device_manager_central.o
 .text.gattsc_context_load
                0x00000000000248c8       0x48 _build/device_manager_central.o
 .text.no_service_context_apply
                0x0000000000024910       0x34 _build/device_manager_central.o
 .text.gatts_context_apply
                0x0000000000024944      0x154 _build/device_manager_central.o
 .text.gattc_context_apply
                0x0000000000024a98       0x20 _build/device_manager_central.o
 .text.gattsc_context_apply
                0x0000000000024ab8       0x40 _build/device_manager_central.o
 .text.initiate_security_request
                0x0000000000024af8      0x11c _build/device_manager_central.o
                0x0000000000024af8                initiate_security_request
 .text.dm_pstorage_cb_handler
                0x0000000000024c14      0x3fc _build/device_manager_central.o
 .text.dm_init  0x0000000000025010      0x2a8 _build/device_manager_central.o
                0x0000000000025010                dm_init
 .text.dm_register
                0x00000000000252b8       0xc4 _build/device_manager_central.o
                0x00000000000252b8                dm_register
 .text.dm_security_setup_req
                0x000000000002537c      0x254 _build/device_manager_central.o
                0x000000000002537c                dm_security_setup_req
 .text.dm_handle_initialize
                0x00000000000255d0       0x38 _build/device_manager_central.o
                0x00000000000255d0                dm_handle_initialize
 .text.dm_ble_evt_handler
                0x0000000000025608      0x9e8 _build/device_manager_central.o
                0x0000000000025608                dm_ble_evt_handler
 .text.NVIC_EnableIRQ
                0x0000000000025ff0       0x2c _build/ble_radio_notification.o
 .text.NVIC_ClearPendingIRQ
                0x000000000002601c       0x2c _build/ble_radio_notification.o
 .text.NVIC_SetPriority
                0x0000000000026048       0xd4 _build/ble_radio_notification.o
 .text.NVIC_GetPriority
                0x000000000002611c       0x78 _build/ble_radio_notification.o
 .text.sd_radio_notification_cfg_set
                0x0000000000026194        0x8 _build/ble_radio_notification.o
 .text.__sd_nvic_app_accessible_irq
                0x000000000002619c       0x3c _build/ble_radio_notification.o
 .text.__sd_nvic_is_app_accessible_priority
                0x00000000000261d8       0x2c _build/ble_radio_notification.o
 .text.sd_nvic_EnableIRQ
                0x0000000000026204       0x98 _build/ble_radio_notification.o
 .text.sd_nvic_ClearPendingIRQ
                0x000000000002629c       0x3c _build/ble_radio_notification.o
 .text.sd_nvic_SetPriority
                0x00000000000262d8       0x54 _build/ble_radio_notification.o
 .text.SWI1_IRQHandler
                0x000000000002632c       0x40 _build/ble_radio_notification.o
                0x000000000002632c                SWI1_IRQHandler
 .text.ble_radio_notification_init
                0x000000000002636c       0x74 _build/ble_radio_notification.o
                0x000000000002636c                ble_radio_notification_init
 .text.SystemInit
                0x00000000000263e0       0x70 _build/system_nrf51.o
                0x00000000000263e0                SystemInit
 .text.is_manual_peripheral_setup_needed
                0x0000000000026450       0x80 _build/system_nrf51.o
 .text.is_disabled_in_debug_needed
                0x00000000000264d0       0x4c _build/system_nrf51.o
 .text.is_peripheral_domain_setup_needed
                0x000000000002651c       0x68 _build/system_nrf51.o
 .text.NVIC_EnableIRQ
                0x0000000000026584       0x2c _build/softdevice_handler.o
 .text.NVIC_GetPriority
                0x00000000000265b0       0x78 _build/softdevice_handler.o
 .text.sd_evt_get
                0x0000000000026628        0x8 _build/softdevice_handler.o
 .text.sd_softdevice_enable
                0x0000000000026630        0x8 _build/softdevice_handler.o
 .text.is_word_aligned
                0x0000000000026638       0x1c _build/softdevice_handler.o
 .text.sd_ble_enable
                0x0000000000026654        0x8 _build/softdevice_handler.o
 .text.sd_ble_evt_get
                0x000000000002665c        0x8 _build/softdevice_handler.o
 .text.__sd_nvic_app_accessible_irq
                0x0000000000026664       0x3c _build/softdevice_handler.o
 .text.__sd_nvic_is_app_accessible_priority
                0x00000000000266a0       0x2c _build/softdevice_handler.o
 .text.sd_nvic_EnableIRQ
                0x00000000000266cc       0x98 _build/softdevice_handler.o
 .text.softdevice_fault_handler
                0x0000000000026764       0x24 _build/softdevice_handler.o
                0x0000000000026764                softdevice_fault_handler
 .text.intern_softdevice_events_execute
                0x0000000000026788      0x104 _build/softdevice_handler.o
                0x0000000000026788                intern_softdevice_events_execute
 .text.softdevice_handler_init
                0x000000000002688c       0x90 _build/softdevice_handler.o
                0x000000000002688c                softdevice_handler_init
 .text.softdevice_ble_evt_handler_set
                0x000000000002691c       0x28 _build/softdevice_handler.o
                0x000000000002691c                softdevice_ble_evt_handler_set
 .text.softdevice_sys_evt_handler_set
                0x0000000000026944       0x28 _build/softdevice_handler.o
                0x0000000000026944                softdevice_sys_evt_handler_set
 .text.SWI2_IRQHandler
                0x000000000002696c       0x3c _build/softdevice_handler.o
                0x000000000002696c                SWI2_IRQHandler
 .text.softdevice_enable_get_default_config
                0x00000000000269a8       0x60 _build/softdevice_handler.o
                0x00000000000269a8                softdevice_enable_get_default_config
 .text.ram_total_size_get
                0x0000000000026a08       0x28 _build/softdevice_handler.o
 .text.ram_end_address_get
                0x0000000000026a30       0x24 _build/softdevice_handler.o
 .text.sd_check_ram_start
                0x0000000000026a54       0x58 _build/softdevice_handler.o
                0x0000000000026a54                sd_check_ram_start
 .text.softdevice_enable
                0x0000000000026aac       0x9c _build/softdevice_handler.o
                0x0000000000026aac                softdevice_enable
 .text          0x0000000000026b48       0x4c _build/gcc_startup_nrf51.o
                0x0000000000026b48                Reset_Handler
                0x0000000000026b88                NMI_Handler
                0x0000000000026b8a                HardFault_Handler
                0x0000000000026b8c                SVC_Handler
                0x0000000000026b8e                PendSV_Handler
                0x0000000000026b90                SysTick_Handler
                0x0000000000026b92                SWI4_IRQHandler
                0x0000000000026b92                TEMP_IRQHandler
                0x0000000000026b92                QDEC_IRQHandler
                0x0000000000026b92                SWI5_IRQHandler
                0x0000000000026b92                TIMER0_IRQHandler
                0x0000000000026b92                TIMER1_IRQHandler
                0x0000000000026b92                ECB_IRQHandler
                0x0000000000026b92                Default_Handler
                0x0000000000026b92                ADC_IRQHandler
                0x0000000000026b92                SWI3_IRQHandler
                0x0000000000026b92                CCM_AAR_IRQHandler
                0x0000000000026b92                WDT_IRQHandler
                0x0000000000026b92                TIMER2_IRQHandler
                0x0000000000026b92                RNG_IRQHandler
                0x0000000000026b92                SPI0_TWI0_IRQHandler
                0x0000000000026b92                RTC0_IRQHandler
                0x0000000000026b92                POWER_CLOCK_IRQHandler
                0x0000000000026b92                RADIO_IRQHandler
                0x0000000000026b92                LPCOMP_IRQHandler
 .text          0x0000000000026b94      0x120 /usr/local/gcc-arm-none-eabi-4_9-2015q3/bin/../lib/gcc/arm-none-eabi/4.9.3/armv6-m/libgcc.a(_udivsi3.o)
                0x0000000000026b94                __udivsi3
                0x0000000000026b94                __aeabi_uidiv
                0x0000000000026ca0                __aeabi_uidivmod
 .text          0x0000000000026cb4      0x1e0 /usr/local/gcc-arm-none-eabi-4_9-2015q3/bin/../lib/gcc/arm-none-eabi/4.9.3/armv6-m/libgcc.a(_divsi3.o)
                0x0000000000026cb4                __aeabi_idiv
                0x0000000000026cb4                __divsi3
                0x0000000000026e80                __aeabi_idivmod
 .text          0x0000000000026e94        0x4 /usr/local/gcc-arm-none-eabi-4_9-2015q3/bin/../lib/gcc/arm-none-eabi/4.9.3/armv6-m/libgcc.a(_dvmd_tls.o)
                0x0000000000026e94                __aeabi_ldiv0
                0x0000000000026e94                __aeabi_idiv0
 .text.memcmp   0x0000000000026e98       0x1e /usr/local/gcc-arm-none-eabi-4_9-2015q3/bin/../lib/gcc/arm-none-eabi/4.9.3/../../../../arm-none-eabi/lib/armv6-m/libc_nano.a(lib_a-memcmp.o)
                0x0000000000026e98                memcmp
 .text.memcpy   0x0000000000026eb6       0x12 /usr/local/gcc-arm-none-eabi-4_9-2015q3/bin/../lib/gcc/arm-none-eabi/4.9.3/../../../../arm-none-eabi/lib/armv6-m/libc_nano.a(lib_a-memcpy.o)
                0x0000000000026eb6                memcpy
 .text.sprintf  0x0000000000026ec8       0x44 /usr/local/gcc-arm-none-eabi-4_9-2015q3/bin/../lib/gcc/arm-none-eabi/4.9.3/../../../../arm-none-eabi/lib/armv6-m/libc_nano.a(lib_a-sprintf.o)
                0x0000000000026ec8                sprintf
                0x0000000000026ec8                siprintf
 .text.sscanf   0x0000000000026f0c       0x50 /usr/local/gcc-arm-none-eabi-4_9-2015q3/bin/../lib/gcc/arm-none-eabi/4.9.3/../../../../arm-none-eabi/lib/armv6-m/libc_nano.a(lib_a-sscanf.o)
                0x0000000000026f0c                sscanf
                0x0000000000026f0c                siscanf
 .text.__seofread
                0x0000000000026f5c        0x4 /usr/local/gcc-arm-none-eabi-4_9-2015q3/bin/../lib/gcc/arm-none-eabi/4.9.3/../../../../arm-none-eabi/lib/armv6-m/libc_nano.a(lib_a-stdio.o)
                0x0000000000026f5c                __seofread
 .text.strcat   0x0000000000026f60       0x1a /usr/local/gcc-arm-none-eabi-4_9-2015q3/bin/../lib/gcc/arm-none-eabi/4.9.3/../../../../arm-none-eabi/lib/armv6-m/libc_nano.a(lib_a-strcat.o)
                0x0000000000026f60                strcat
 .text          0x0000000000026f7a       0x14 /usr/local/gcc-arm-none-eabi-4_9-2015q3/bin/../lib/gcc/arm-none-eabi/4.9.3/../../../../arm-none-eabi/lib/armv6-m/libc_nano.a(lib_a-strcmp.o)
                0x0000000000026f7a                strcmp
 .text.strcpy   0x0000000000026f8e       0x10 /usr/local/gcc-arm-none-eabi-4_9-2015q3/bin/../lib/gcc/arm-none-eabi/4.9.3/../../../../arm-none-eabi/lib/armv6-m/libc_nano.a(lib_a-strcpy.o)
                0x0000000000026f8e                strcpy
 .text.strlen   0x0000000000026f9e        0xe /usr/local/gcc-arm-none-eabi-4_9-2015q3/bin/../lib/gcc/arm-none-eabi/4.9.3/../../../../arm-none-eabi/lib/armv6-m/libc_nano.a(lib_a-strlen.o)
                0x0000000000026f9e                strlen
 .text.strncmp  0x0000000000026fac       0x28 /usr/local/gcc-arm-none-eabi-4_9-2015q3/bin/../lib/gcc/arm-none-eabi/4.9.3/../../../../arm-none-eabi/lib/armv6-m/libc_nano.a(lib_a-strncmp.o)
                0x0000000000026fac                strncmp
 .text.__ssputs_r
                0x0000000000026fd4       0xc0 /usr/local/gcc-arm-none-eabi-4_9-2015q3/bin/../lib/gcc/arm-none-eabi/4.9.3/../../../../arm-none-eabi/lib/armv6-m/libc_nano.a(lib_a-nano-svfprintf.o)
                0x0000000000026fd4                __ssputs_r
 .text._svfprintf_r
                0x0000000000027094      0x1ec /usr/local/gcc-arm-none-eabi-4_9-2015q3/bin/../lib/gcc/arm-none-eabi/4.9.3/../../../../arm-none-eabi/lib/armv6-m/libc_nano.a(lib_a-nano-svfprintf.o)
                0x0000000000027094                _svfprintf_r
                0x0000000000027094                _svfiprintf_r
 .text._sungetc_r
                0x0000000000027280       0x7a /usr/local/gcc-arm-none-eabi-4_9-2015q3/bin/../lib/gcc/arm-none-eabi/4.9.3/../../../../arm-none-eabi/lib/armv6-m/libc_nano.a(lib_a-nano-svfscanf.o)
                0x0000000000027280                _sungetc_r
 .text.__ssrefill_r
                0x00000000000272fa       0x3e /usr/local/gcc-arm-none-eabi-4_9-2015q3/bin/../lib/gcc/arm-none-eabi/4.9.3/../../../../arm-none-eabi/lib/armv6-m/libc_nano.a(lib_a-nano-svfscanf.o)
                0x00000000000272fa                __ssrefill_r
 .text.__ssvfscanf_r
                0x0000000000027338      0x2f0 /usr/local/gcc-arm-none-eabi-4_9-2015q3/bin/../lib/gcc/arm-none-eabi/4.9.3/../../../../arm-none-eabi/lib/armv6-m/libc_nano.a(lib_a-nano-svfscanf.o)
                0x0000000000027338                __ssvfscanf_r
                0x0000000000027338                __ssvfiscanf_r
 .text._printf_common
                0x0000000000027628       0xdc /usr/local/gcc-arm-none-eabi-4_9-2015q3/bin/../lib/gcc/arm-none-eabi/4.9.3/../../../../arm-none-eabi/lib/armv6-m/libc_nano.a(lib_a-nano-vfprintf_i.o)
                0x0000000000027628                _printf_common
 .text._printf_i
                0x0000000000027704      0x230 /usr/local/gcc-arm-none-eabi-4_9-2015q3/bin/../lib/gcc/arm-none-eabi/4.9.3/../../../../arm-none-eabi/lib/armv6-m/libc_nano.a(lib_a-nano-vfprintf_i.o)
                0x0000000000027704                _printf_i
 .text._scanf_chars
                0x0000000000027934       0xbc /usr/local/gcc-arm-none-eabi-4_9-2015q3/bin/../lib/gcc/arm-none-eabi/4.9.3/../../../../arm-none-eabi/lib/armv6-m/libc_nano.a(lib_a-nano-vfscanf_i.o)
                0x0000000000027934                _scanf_chars
 .text._scanf_i
                0x00000000000279f0      0x1f4 /usr/local/gcc-arm-none-eabi-4_9-2015q3/bin/../lib/gcc/arm-none-eabi/4.9.3/../../../../arm-none-eabi/lib/armv6-m/libc_nano.a(lib_a-nano-vfscanf_i.o)
                0x00000000000279f0                _scanf_i
 .text.__sccl   0x0000000000027be4       0x66 /usr/local/gcc-arm-none-eabi-4_9-2015q3/bin/../lib/gcc/arm-none-eabi/4.9.3/../../../../arm-none-eabi/lib/armv6-m/libc_nano.a(lib_a-sccl.o)
                0x0000000000027be4                __sccl
 *fill*         0x0000000000027c4a        0x2 
 .text._strtol_r
                0x0000000000027c4c      0x120 /usr/local/gcc-arm-none-eabi-4_9-2015q3/bin/../lib/gcc/arm-none-eabi/4.9.3/../../../../arm-none-eabi/lib/armv6-m/libc_nano.a(lib_a-strtol.o)
                0x0000000000027c4c                _strtol_r
 .text._strtoul_r
                0x0000000000027d6c      0x104 /usr/local/gcc-arm-none-eabi-4_9-2015q3/bin/../lib/gcc/arm-none-eabi/4.9.3/../../../../arm-none-eabi/lib/armv6-m/libc_nano.a(lib_a-strtoul.o)
                0x0000000000027d6c                _strtoul_r
 .text.__submore
                0x0000000000027e70       0x7c /usr/local/gcc-arm-none-eabi-4_9-2015q3/bin/../lib/gcc/arm-none-eabi/4.9.3/../../../../arm-none-eabi/lib/armv6-m/libc_nano.a(lib_a-ungetc.o)
                0x0000000000027e70                __submore
 .text.memchr   0x0000000000027eec       0x16 /usr/local/gcc-arm-none-eabi-4_9-2015q3/bin/../lib/gcc/arm-none-eabi/4.9.3/../../../../arm-none-eabi/lib/armv6-m/libc_nano.a(lib_a-memchr.o)
                0x0000000000027eec                memchr
 .text.memmove  0x0000000000027f02       0x28 /usr/local/gcc-arm-none-eabi-4_9-2015q3/bin/../lib/gcc/arm-none-eabi/4.9.3/../../../../arm-none-eabi/lib/armv6-m/libc_nano.a(lib_a-memmove.o)
                0x0000000000027f02                memmove
 *fill*         0x0000000000027f2a        0x2 
 .text._free_r  0x0000000000027f2c       0x8c /usr/local/gcc-arm-none-eabi-4_9-2015q3/bin/../lib/gcc/arm-none-eabi/4.9.3/../../../../arm-none-eabi/lib/armv6-m/libc_nano.a(lib_a-nano-freer.o)
                0x0000000000027f2c                _free_r
 .text._malloc_r
                0x0000000000027fb8       0xb0 /usr/local/gcc-arm-none-eabi-4_9-2015q3/bin/../lib/gcc/arm-none-eabi/4.9.3/../../../../arm-none-eabi/lib/armv6-m/libc_nano.a(lib_a-nano-mallocr.o)
                0x0000000000027fb8                _malloc_r
 .text._realloc_r
                0x0000000000028068       0x4c /usr/local/gcc-arm-none-eabi-4_9-2015q3/bin/../lib/gcc/arm-none-eabi/4.9.3/../../../../arm-none-eabi/lib/armv6-m/libc_nano.a(lib_a-nano-reallocr.o)
                0x0000000000028068                _realloc_r
 .text._sbrk_r  0x00000000000280b4       0x24 /usr/local/gcc-arm-none-eabi-4_9-2015q3/bin/../lib/gcc/arm-none-eabi/4.9.3/../../../../arm-none-eabi/lib/armv6-m/libc_nano.a(lib_a-sbrkr.o)
                0x00000000000280b4                _sbrk_r
 .text._malloc_usable_size_r
                0x00000000000280d8       0x16 /usr/local/gcc-arm-none-eabi-4_9-2015q3/bin/../lib/gcc/arm-none-eabi/4.9.3/../../../../arm-none-eabi/lib/armv6-m/libc_nano.a(lib_a-nano-msizer.o)
                0x00000000000280d8                _malloc_usable_size_r
 *fill*         0x00000000000280ee        0x2 
 .text._sbrk    0x00000000000280f0       0x1c /usr/local/gcc-arm-none-eabi-4_9-2015q3/bin/../lib/gcc/arm-none-eabi/4.9.3/../../../../arm-none-eabi/lib/armv6-m/libnosys.a(sbrk.o)
                0x00000000000280f0                _sbrk
 *(.init)
 .init          0x000000000002810c        0x4 /usr/local/gcc-arm-none-eabi-4_9-2015q3/bin/../lib/gcc/arm-none-eabi/4.9.3/armv6-m/crti.o
                0x000000000002810c                _init
 .init          0x0000000000028110        0x8 /usr/local/gcc-arm-none-eabi-4_9-2015q3/bin/../lib/gcc/arm-none-eabi/4.9.3/armv6-m/crtn.o
 *(.fini)
 .fini          0x0000000000028118        0x4 /usr/local/gcc-arm-none-eabi-4_9-2015q3/bin/../lib/gcc/arm-none-eabi/4.9.3/armv6-m/crti.o
                0x0000000000028118                _fini
 .fini          0x000000000002811c        0x8 /usr/local/gcc-arm-none-eabi-4_9-2015q3/bin/../lib/gcc/arm-none-eabi/4.9.3/armv6-m/crtn.o
 *crtbegin.o(.ctors)
 *crtbegin?.o(.ctors)
 *(EXCLUDE_FILE(*crtend.o *crtend?.o) .ctors)
 *(SORT(.ctors.*))
 *(.ctors)
 *crtbegin.o(.dtors)
 *crtbegin?.o(.dtors)
 *(EXCLUDE_FILE(*crtend.o *crtend?.o) .dtors)
 *(SORT(.dtors.*))
 *(.dtors)
 *(.rodata*)
 .rodata.str1.1
                0x0000000000028124        0x2 /usr/local/gcc-arm-none-eabi-4_9-2015q3/bin/../lib/gcc/arm-none-eabi/4.9.3/../../../../arm-none-eabi/lib/armv6-m/libc_nano.a(lib_a-impure.o)
 *fill*         0x0000000000028126        0x2 
 .rodata._global_impure_ptr
                0x0000000000028128        0x4 /usr/local/gcc-arm-none-eabi-4_9-2015q3/bin/../lib/gcc/arm-none-eabi/4.9.3/../../../../arm-none-eabi/lib/armv6-m/libc_nano.a(lib_a-impure.o)
                0x0000000000028128                _global_impure_ptr
 .rodata        0x000000000002812c        0xc _build/app_trace.o
 .rodata        0x0000000000028138        0xe _build/nrf_log.o
 *fill*         0x0000000000028146        0x2 
 .rodata        0x0000000000028148       0x20 _build/app_uart_fifo.o
 .rodata.m_default_config
                0x0000000000028168       0x20 _build/nrf_drv_uart.o
 .rodata.m_default_config
                0x0000000000028188       0x18 _build/nrf_drv_spis.o
 .rodata.swap_sub_state_sm_lut.6730
                0x00000000000281a0       0x14 _build/pstorage.o
 .rodata.swap_sub_state_sm_lut.6805
                0x00000000000281b4       0x14 _build/pstorage.o
 .rodata.m_spi_slave_1
                0x00000000000281c8        0x8 _build/main.o
 .rodata.m_timer_id
                0x00000000000281d0        0x4 _build/main.o
 .rodata.m_connection_param
                0x00000000000281d4        0x8 _build/main.o
 .rodata        0x00000000000281dc      0x8fe _build/main.o
 *fill*         0x0000000000028ada        0x2 
 .rodata.device_manager_event_handler
                0x0000000000028adc       0x4c _build/main.o
 .rodata.on_ble_evt
                0x0000000000028b28       0x40 _build/main.o
 .rodata.uart_event_handler
                0x0000000000028b68       0x14 _build/main.o
 .rodata        0x0000000000028b7c       0x17 _build/SEGGER_RTT.o
 *fill*         0x0000000000028b93        0x1 
 .rodata._aV2C.4330
                0x0000000000028b94       0x10 _build/SEGGER_RTT_printf.o
 .rodata        0x0000000000028ba4      0x13a _build/ble_bas_c.o
 *fill*         0x0000000000028cde        0x2 
 .rodata        0x0000000000028ce0      0x143 _build/ble_db_discovery.o
 *fill*         0x0000000000028e23        0x1 
 .rodata        0x0000000000028e24      0x18e _build/ble_hrs_c.o
 *fill*         0x0000000000028fb2        0x2 
 .rodata.m_service_context_store
                0x0000000000028fb4       0x10 _build/device_manager_central.o
                0x0000000000028fb4                m_service_context_store
 .rodata.m_service_context_load
                0x0000000000028fc4       0x10 _build/device_manager_central.o
                0x0000000000028fc4                m_service_context_load
 .rodata.m_service_context_apply
                0x0000000000028fd4       0x10 _build/device_manager_central.o
                0x0000000000028fd4                m_service_context_apply
 .rodata.m_context_init_len
                0x0000000000028fe4        0x4 _build/device_manager_central.o
                0x0000000000028fe4                m_context_init_len
 .rodata        0x0000000000028fe8     0x14f0 _build/device_manager_central.o
 .rodata.dm_ble_evt_handler
                0x000000000002a4d8      0x10c _build/device_manager_central.o
 .rodata        0x000000000002a5e4      0x100 _build/softdevice_handler.o
 .rodata._ctype_
                0x000000000002a6e4      0x101 /usr/local/gcc-arm-none-eabi-4_9-2015q3/bin/../lib/gcc/arm-none-eabi/4.9.3/../../../../arm-none-eabi/lib/armv6-m/libc_nano.a(lib_a-ctype_.o)
                0x000000000002a6e4                _ctype_
 .rodata.str1.1
                0x000000000002a7e5       0x11 /usr/local/gcc-arm-none-eabi-4_9-2015q3/bin/../lib/gcc/arm-none-eabi/4.9.3/../../../../arm-none-eabi/lib/armv6-m/libc_nano.a(lib_a-nano-svfprintf.o)
 .rodata.str1.1
                0x0000000000000000        0x4 /usr/local/gcc-arm-none-eabi-4_9-2015q3/bin/../lib/gcc/arm-none-eabi/4.9.3/../../../../arm-none-eabi/lib/armv6-m/libc_nano.a(lib_a-nano-svfscanf.o)
 .rodata.str1.1
                0x000000000002a7f6       0x22 /usr/local/gcc-arm-none-eabi-4_9-2015q3/bin/../lib/gcc/arm-none-eabi/4.9.3/../../../../arm-none-eabi/lib/armv6-m/libc_nano.a(lib_a-nano-vfprintf_i.o)
 .rodata        0x000000000002a818        0xc /usr/local/gcc-arm-none-eabi-4_9-2015q3/bin/../lib/gcc/arm-none-eabi/4.9.3/../../../../arm-none-eabi/lib/armv6-m/libc_nano.a(lib_a-nano-vfscanf_i.o)
 .rodata.str1.1
                0x000000000002a824       0x1b /usr/local/gcc-arm-none-eabi-4_9-2015q3/bin/../lib/gcc/arm-none-eabi/4.9.3/../../../../arm-none-eabi/lib/armv6-m/libc_nano.a(lib_a-nano-vfscanf_i.o)
 *fill*         0x000000000002a83f        0x1 
 .rodata.__sf_fake_stdin
                0x000000000002a840       0x20 /usr/local/gcc-arm-none-eabi-4_9-2015q3/bin/../lib/gcc/arm-none-eabi/4.9.3/../../../../arm-none-eabi/lib/armv6-m/libc_nano.a(lib_a-findfp.o)
                0x000000000002a840                __sf_fake_stdin
 .rodata.__sf_fake_stdout
                0x000000000002a860       0x20 /usr/local/gcc-arm-none-eabi-4_9-2015q3/bin/../lib/gcc/arm-none-eabi/4.9.3/../../../../arm-none-eabi/lib/armv6-m/libc_nano.a(lib_a-findfp.o)
                0x000000000002a860                __sf_fake_stdout
 .rodata.__sf_fake_stderr
                0x000000000002a880       0x20 /usr/local/gcc-arm-none-eabi-4_9-2015q3/bin/../lib/gcc/arm-none-eabi/4.9.3/../../../../arm-none-eabi/lib/armv6-m/libc_nano.a(lib_a-findfp.o)
                0x000000000002a880                __sf_fake_stderr
 *(.eh_frame*)
 .eh_frame      0x000000000002a8a0        0x0 /usr/local/gcc-arm-none-eabi-4_9-2015q3/bin/../lib/gcc/arm-none-eabi/4.9.3/armv6-m/crtbegin.o
 .eh_frame      0x000000000002a8a0       0x28 /usr/local/gcc-arm-none-eabi-4_9-2015q3/bin/../lib/gcc/arm-none-eabi/4.9.3/../../../../arm-none-eabi/lib/armv6-m/libc_nano.a(lib_a-strcmp.o)
 .eh_frame      0x000000000002a8c8        0x4 /usr/local/gcc-arm-none-eabi-4_9-2015q3/bin/../lib/gcc/arm-none-eabi/4.9.3/armv6-m/crtend.o

.glue_7         0x000000000002a8cc        0x0
 .glue_7        0x0000000000000000        0x0 linker stubs

.glue_7t        0x000000000002a8cc        0x0
 .glue_7t       0x0000000000000000        0x0 linker stubs

.vfp11_veneer   0x000000000002a8cc        0x0
 .vfp11_veneer  0x0000000000000000        0x0 linker stubs

.v4_bx          0x000000000002a8cc        0x0
 .v4_bx         0x0000000000000000        0x0 linker stubs

.iplt           0x000000000002a8cc        0x0
 .iplt          0x0000000000000000        0x0 /usr/local/gcc-arm-none-eabi-4_9-2015q3/bin/../lib/gcc/arm-none-eabi/4.9.3/armv6-m/crtbegin.o

.ARM.extab
 *(.ARM.extab* .gnu.linkonce.armextab.*)
                0x000000000002a8cc                __exidx_start = .

.ARM.exidx      0x000000000002a8cc        0x8
 *(.ARM.exidx* .gnu.linkonce.armexidx.*)
 .ARM.exidx     0x000000000002a8cc        0x8 /usr/local/gcc-arm-none-eabi-4_9-2015q3/bin/../lib/gcc/arm-none-eabi/4.9.3/../../../../arm-none-eabi/lib/armv6-m/crt0.o
                0x000000000002a8d4                __exidx_end = .
                0x000000000002a8d4                __etext = .

.rel.dyn        0x000000000002a8d4        0x0
 .rel.iplt      0x0000000000000000        0x0 /usr/local/gcc-arm-none-eabi-4_9-2015q3/bin/../lib/gcc/arm-none-eabi/4.9.3/armv6-m/crtbegin.o

.data           0x0000000020001eb0       0x7c load address 0x000000000002a8d4
                0x0000000020001eb0                __data_start__ = .
 *(vtable)
 *(.data*)
 .data.impure_data
                0x0000000020001eb0       0x60 /usr/local/gcc-arm-none-eabi-4_9-2015q3/bin/../lib/gcc/arm-none-eabi/4.9.3/../../../../arm-none-eabi/lib/armv6-m/libc_nano.a(lib_a-impure.o)
 .data._impure_ptr
                0x0000000020001f10        0x4 /usr/local/gcc-arm-none-eabi-4_9-2015q3/bin/../lib/gcc/arm-none-eabi/4.9.3/../../../../arm-none-eabi/lib/armv6-m/libc_nano.a(lib_a-impure.o)
                0x0000000020001f10                _impure_ptr
 .data.passkey  0x0000000020001f14        0x7 _build/main.o
 *fill*         0x0000000020001f1b        0x1 
 .data.__ctype_ptr__
                0x0000000020001f1c        0x4 /usr/local/gcc-arm-none-eabi-4_9-2015q3/bin/../lib/gcc/arm-none-eabi/4.9.3/../../../../arm-none-eabi/lib/armv6-m/libc_nano.a(lib_a-ctype_.o)
                0x0000000020001f1c                __ctype_ptr__
                0x0000000020001f20                . = ALIGN (0x4)
                0x0000000020001f20                PROVIDE (__preinit_array_start, .)
 *(.preinit_array)
                0x0000000020001f20                PROVIDE (__preinit_array_end, .)
                0x0000000020001f20                . = ALIGN (0x4)
                0x0000000020001f20                PROVIDE (__init_array_start, .)
 *(SORT(.init_array.*))
 *(.init_array)
 .init_array    0x0000000020001f20        0x4 /usr/local/gcc-arm-none-eabi-4_9-2015q3/bin/../lib/gcc/arm-none-eabi/4.9.3/armv6-m/crtbegin.o
                0x0000000020001f24                PROVIDE (__init_array_end, .)
                0x0000000020001f24                . = ALIGN (0x4)
                0x0000000020001f24                PROVIDE (__fini_array_start, .)
 *(SORT(.fini_array.*))
 *(.fini_array)
 .fini_array    0x0000000020001f24        0x4 /usr/local/gcc-arm-none-eabi-4_9-2015q3/bin/../lib/gcc/arm-none-eabi/4.9.3/armv6-m/crtbegin.o
                0x0000000020001f28                PROVIDE (__fini_array_end, .)
 *(.jcr*)
 .jcr           0x0000000020001f28        0x0 /usr/local/gcc-arm-none-eabi-4_9-2015q3/bin/../lib/gcc/arm-none-eabi/4.9.3/armv6-m/crtbegin.o
 .jcr           0x0000000020001f28        0x4 /usr/local/gcc-arm-none-eabi-4_9-2015q3/bin/../lib/gcc/arm-none-eabi/4.9.3/armv6-m/crtend.o
                0x0000000020001f2c                . = ALIGN (0x4)
                0x0000000020001f2c                __data_end__ = .
LOAD /usr/local/gcc-arm-none-eabi-4_9-2015q3/bin/../lib/gcc/arm-none-eabi/4.9.3/armv6-m/crti.o
LOAD /usr/local/gcc-arm-none-eabi-4_9-2015q3/bin/../lib/gcc/arm-none-eabi/4.9.3/armv6-m/crtbegin.o
LOAD /usr/local/gcc-arm-none-eabi-4_9-2015q3/bin/../lib/gcc/arm-none-eabi/4.9.3/../../../../arm-none-eabi/lib/armv6-m/crt0.o
LOAD /usr/local/gcc-arm-none-eabi-4_9-2015q3/bin/../lib/gcc/arm-none-eabi/4.9.3/../../../../arm-none-eabi/lib/armv6-m/libc_nano.a
LOAD /usr/local/gcc-arm-none-eabi-4_9-2015q3/bin/../lib/gcc/arm-none-eabi/4.9.3/../../../../arm-none-eabi/lib/armv6-m/libnosys.a
LOAD _build/app_button.o
LOAD _build/app_error.o
LOAD _build/app_error_weak.o
LOAD _build/app_fifo.o
LOAD _build/app_timer.o
LOAD _build/app_trace.o
LOAD _build/app_util_platform.o
LOAD _build/nrf_assert.o
LOAD _build/nrf_log.o
LOAD _build/retarget.o
LOAD _build/app_uart_fifo.o
LOAD _build/nrf_delay.o
LOAD _build/nrf_drv_common.o
LOAD _build/nrf_drv_gpiote.o
LOAD _build/nrf_drv_uart.o
LOAD _build/nrf_drv_spis.o
LOAD _build/pstorage.o
LOAD _build/bsp.o
LOAD _build/bsp_btn_ble.o
LOAD _build/main.o
LOAD _build/RTT_Syscalls_GCC.o
LOAD _build/SEGGER_RTT.o
LOAD _build/SEGGER_RTT_printf.o
LOAD _build/ble_advdata.o
LOAD _build/ble_bas_c.o
LOAD _build/ble_conn_params.o
LOAD _build/ble_db_discovery.o
LOAD _build/ble_hrs_c.o
LOAD _build/ble_srv_common.o
LOAD _build/device_manager_central.o
LOAD _build/ble_radio_notification.o
LOAD _build/system_nrf51.o
LOAD _build/softdevice_handler.o
LOAD _build/gcc_startup_nrf51.o
LOAD /usr/local/gcc-arm-none-eabi-4_9-2015q3/bin/../lib/gcc/arm-none-eabi/4.9.3/../../../../arm-none-eabi/lib/armv6-m/libm.a
START GROUP
LOAD /usr/local/gcc-arm-none-eabi-4_9-2015q3/bin/../lib/gcc/arm-none-eabi/4.9.3/armv6-m/libgcc.a
LOAD /usr/local/gcc-arm-none-eabi-4_9-2015q3/bin/../lib/gcc/arm-none-eabi/4.9.3/../../../../arm-none-eabi/lib/armv6-m/libc_nano.a
END GROUP
START GROUP
LOAD /usr/local/gcc-arm-none-eabi-4_9-2015q3/bin/../lib/gcc/arm-none-eabi/4.9.3/armv6-m/libgcc.a
LOAD /usr/local/gcc-arm-none-eabi-4_9-2015q3/bin/../lib/gcc/arm-none-eabi/4.9.3/../../../../arm-none-eabi/lib/armv6-m/libc_nano.a
END GROUP
LOAD /usr/local/gcc-arm-none-eabi-4_9-2015q3/bin/../lib/gcc/arm-none-eabi/4.9.3/armv6-m/crtend.o
LOAD /usr/local/gcc-arm-none-eabi-4_9-2015q3/bin/../lib/gcc/arm-none-eabi/4.9.3/armv6-m/crtn.o
START GROUP
LOAD /usr/local/gcc-arm-none-eabi-4_9-2015q3/bin/../lib/gcc/arm-none-eabi/4.9.3/armv6-m/libgcc.a
LOAD /usr/local/gcc-arm-none-eabi-4_9-2015q3/bin/../lib/gcc/arm-none-eabi/4.9.3/../../../../arm-none-eabi/lib/armv6-m/libc.a
LOAD /usr/local/gcc-arm-none-eabi-4_9-2015q3/bin/../lib/gcc/arm-none-eabi/4.9.3/../../../../arm-none-eabi/lib/armv6-m/libnosys.a
END GROUP

.igot.plt       0x0000000020001f2c        0x0 load address 0x000000000002a950
 .igot.plt      0x0000000000000000        0x0 /usr/local/gcc-arm-none-eabi-4_9-2015q3/bin/../lib/gcc/arm-none-eabi/4.9.3/armv6-m/crtbegin.o

.fs_data        0x0000000020001f2c        0x0
                0x0000000020001f2c                PROVIDE (__start_fs_data, .)
 *(.fs_data)
                0x0000000020001f2c                PROVIDE (__stop_fs_data, .)

.bss            0x0000000020001f2c     0x2910 load address 0x000000000002a950
                0x0000000020001f2c                . = ALIGN (0x4)
                0x0000000020001f2c                __bss_start__ = .
 *(.bss*)
 .bss           0x0000000020001f2c       0x1c /usr/local/gcc-arm-none-eabi-4_9-2015q3/bin/../lib/gcc/arm-none-eabi/4.9.3/armv6-m/crtbegin.o
 .bss.m_user_array_size
                0x0000000020001f48        0x1 _build/app_timer.o
 *fill*         0x0000000020001f49        0x3 
 .bss.mp_users  0x0000000020001f4c        0x4 _build/app_timer.o
 .bss.mp_timer_id_head
                0x0000000020001f50        0x4 _build/app_timer.o
 .bss.m_ticks_latest
                0x0000000020001f54        0x4 _build/app_timer.o
 .bss.m_ticks_elapsed
                0x0000000020001f58        0x8 _build/app_timer.o
 .bss.m_ticks_elapsed_q_read_ind
                0x0000000020001f60        0x1 _build/app_timer.o
 .bss.m_ticks_elapsed_q_write_ind
                0x0000000020001f61        0x1 _build/app_timer.o
 *fill*         0x0000000020001f62        0x2 
 .bss.m_evt_schedule_func
                0x0000000020001f64        0x4 _build/app_timer.o
 .bss.m_rtc1_running
                0x0000000020001f68        0x1 _build/app_timer.o
 .bss.m_rtc1_reset
                0x0000000020001f69        0x1 _build/app_timer.o
 *fill*         0x0000000020001f6a        0x2 
 .bss.buf_normal_up
                0x0000000020001f6c      0x400 _build/nrf_log.o
 .bss.buf_down  0x000000002000236c       0x10 _build/nrf_log.o
 .bss.initialized.5857
                0x000000002000237c        0x1 _build/nrf_log.o
 *fill*         0x000000002000237d        0x3 
 .bss.m_event_handler
                0x0000000020002380        0x4 _build/app_uart_fifo.o
 .bss.tx_buffer
                0x0000000020002384        0x1 _build/app_uart_fifo.o
 *fill*         0x0000000020002385        0x3 
 .bss.rx_buffer
                0x0000000020002388        0x1 _build/app_uart_fifo.o
 *fill*         0x0000000020002389        0x3 
 .bss.m_rx_fifo
                0x000000002000238c       0x10 _build/app_uart_fifo.o
 .bss.m_tx_fifo
                0x000000002000239c       0x10 _build/app_uart_fifo.o
 .bss.m_cb      0x00000000200023ac       0x48 _build/nrf_drv_gpiote.o
 .bss.m_cb      0x00000000200023f4       0x1c _build/nrf_drv_uart.o
 .bss.m_cb      0x0000000020002410       0x18 _build/nrf_drv_spis.o
 .bss.m_cmd_queue
                0x0000000020002428       0xcc _build/pstorage.o
 .bss.m_next_app_instance
                0x00000000200024f4        0x2 _build/pstorage.o
 *fill*         0x00000000200024f6        0x2 
 .bss.m_next_page_addr
                0x00000000200024f8        0x4 _build/pstorage.o
 .bss.m_state   0x00000000200024fc        0x1 _build/pstorage.o
 .bss.m_swap_sub_state
                0x00000000200024fd        0x1 _build/pstorage.o
 *fill*         0x00000000200024fe        0x2 
 .bss.m_head_word_size
                0x0000000020002500        0x4 _build/pstorage.o
 .bss.m_tail_word_size
                0x0000000020002504        0x4 _build/pstorage.o
 .bss.m_current_page_id
                0x0000000020002508        0x4 _build/pstorage.o
 .bss.m_num_of_command_retries
                0x000000002000250c        0x4 _build/pstorage.o
 .bss.m_app_table
                0x0000000020002510        0xc _build/pstorage.o
 .bss.m_num_of_bytes_written
                0x000000002000251c        0x4 _build/pstorage.o
 .bss.m_app_data_size
                0x0000000020002520        0x4 _build/pstorage.o
 .bss.m_flags   0x0000000020002524        0x4 _build/pstorage.o
 .bss.m_ble_db_discovery
                0x0000000020002528      0x1ac _build/main.o
 .bss.m_ble_hrs_c
                0x00000000200026d4        0xc _build/main.o
 .bss.m_ble_bas_c
                0x00000000200026e0        0xc _build/main.o
 .bss.m_scan_param
                0x00000000200026ec       0x10 _build/main.o
 .bss.m_dm_app_id
                0x00000000200026fc        0x1 _build/main.o
 *fill*         0x00000000200026fd        0x3 
 .bss.m_dm_device_handle
                0x0000000020002700        0x4 _build/main.o
 .bss.m_peer_count
                0x0000000020002704        0x1 _build/main.o
 *fill*         0x0000000020002705        0x1 
 .bss.m_conn_handle
                0x0000000020002706        0x2 _build/main.o
 .bss.m_memory_access_in_progress
                0x0000000020002708        0x1 _build/main.o
 .bss.m_hw_if   0x0000000020002709        0x1 _build/main.o
 *fill*         0x000000002000270a        0x2 
 .bss.m_device_list
                0x000000002000270c      0xfa0 _build/main.o
 .bss.m_slave_tx_buffer
                0x00000000200036ac       0x32 _build/main.o
 *fill*         0x00000000200036de        0x2 
 .bss.m_slave_rx_buffer
                0x00000000200036e0       0x32 _build/main.o
 *fill*         0x0000000020003712        0x2 
 .bss.m_tx_buffer
                0x0000000020003714      0x400 _build/main.o
 .bss.m_fifo    0x0000000020003b14       0x10 _build/main.o
 .bss.m_timer_id_data
                0x0000000020003b24       0x20 _build/main.o
 .bss.BLE_EVT_BUFFER.8923
                0x0000000020003b44       0x48 _build/main.o
 .bss.APP_TIMER_BUF.8995
                0x0000000020003b8c      0x138 _build/main.o
 .bss.index.9088
                0x0000000020003cc4        0x1 _build/main.o
 *fill*         0x0000000020003cc5        0x3 
 .bss.rx_data.9087
                0x0000000020003cc8       0x32 _build/main.o
 *fill*         0x0000000020003cfa        0x2 
 .bss.rx_buf.9101
                0x0000000020003cfc      0x100 _build/main.o
 .bss.tx_buf.9102
                0x0000000020003dfc      0x100 _build/main.o
 .bss._acUpBuffer
                0x0000000020003efc      0x400 _build/SEGGER_RTT.o
 .bss._acDownBuffer
                0x00000000200042fc       0x10 _build/SEGGER_RTT.o
 .bss.m_tx_buffer
                0x000000002000430c       0xa0 _build/ble_bas_c.o
 .bss.m_tx_insert_index
                0x00000000200043ac        0x4 _build/ble_bas_c.o
 .bss.m_tx_index
                0x00000000200043b0        0x4 _build/ble_bas_c.o
 .bss.m_registered_handlers
                0x00000000200043b4       0x18 _build/ble_db_discovery.o
 .bss.m_pending_user_evts
                0x00000000200043cc      0x1e0 _build/ble_db_discovery.o
 .bss.m_evt_handler
                0x00000000200045ac        0x4 _build/ble_db_discovery.o
 .bss.m_pending_usr_evt_index
                0x00000000200045b0        0x4 _build/ble_db_discovery.o
 .bss.m_num_of_handlers_reg
                0x00000000200045b4        0x4 _build/ble_db_discovery.o
 .bss.m_initialized
                0x00000000200045b8        0x1 _build/ble_db_discovery.o
 *fill*         0x00000000200045b9        0x3 
 .bss.m_tx_buffer
                0x00000000200045bc       0xa0 _build/ble_hrs_c.o
 .bss.m_tx_insert_index
                0x000000002000465c        0x4 _build/ble_hrs_c.o
 .bss.m_tx_index
                0x0000000020004660        0x4 _build/ble_hrs_c.o
 .bss.m_app_context_table
                0x0000000020004664       0x1c _build/device_manager_central.o
 .bss.m_peer_table
                0x0000000020004680       0xa8 _build/device_manager_central.o
 .bss.m_bond_table
                0x0000000020004728       0x1c _build/device_manager_central.o
 .bss.m_gatts_table
                0x0000000020004744        0xc _build/device_manager_central.o
 .bss.m_connection_table
                0x0000000020004750        0xc _build/device_manager_central.o
 .bss.m_application_table
                0x000000002000475c        0xc _build/device_manager_central.o
 .bss.m_storage_handle
                0x0000000020004768        0x8 _build/device_manager_central.o
 .bss.m_peer_addr_update
                0x0000000020004770        0x4 _build/device_manager_central.o
 .bss.m_local_id_info
                0x0000000020004774       0x17 _build/device_manager_central.o
 .bss.m_module_initialized
                0x000000002000478b        0x1 _build/device_manager_central.o
 .bss.m_radio_active
                0x000000002000478c        0x1 _build/ble_radio_notification.o
 *fill*         0x000000002000478d        0x3 
 .bss.m_evt_handler
                0x0000000020004790        0x4 _build/ble_radio_notification.o
 .bss.m_evt_schedule_func
                0x0000000020004794        0x4 _build/softdevice_handler.o
 .bss.m_softdevice_enabled
                0x0000000020004798        0x1 _build/softdevice_handler.o
 *fill*         0x0000000020004799        0x3 
 .bss.mp_ble_evt_buffer
                0x000000002000479c        0x4 _build/softdevice_handler.o
 .bss.m_ble_evt_buffer_size
                0x00000000200047a0        0x2 _build/softdevice_handler.o
 *fill*         0x00000000200047a2        0x2 
 .bss.m_ble_evt_handler
                0x00000000200047a4        0x4 _build/softdevice_handler.o
 .bss.m_sys_evt_handler
                0x00000000200047a8        0x4 _build/softdevice_handler.o
 .bss.__malloc_sbrk_start
                0x00000000200047ac        0x4 /usr/local/gcc-arm-none-eabi-4_9-2015q3/bin/../lib/gcc/arm-none-eabi/4.9.3/../../../../arm-none-eabi/lib/armv6-m/libc_nano.a(lib_a-nano-mallocr.o)
                0x00000000200047ac                __malloc_sbrk_start
 .bss.__malloc_free_list
                0x00000000200047b0        0x4 /usr/local/gcc-arm-none-eabi-4_9-2015q3/bin/../lib/gcc/arm-none-eabi/4.9.3/../../../../arm-none-eabi/lib/armv6-m/libc_nano.a(lib_a-nano-mallocr.o)
                0x00000000200047b0                __malloc_free_list
 .bss.heap_end.4079
                0x00000000200047b4        0x4 /usr/local/gcc-arm-none-eabi-4_9-2015q3/bin/../lib/gcc/arm-none-eabi/4.9.3/../../../../arm-none-eabi/lib/armv6-m/libnosys.a(sbrk.o)
 *(COMMON)
 COMMON         0x00000000200047b8       0x78 _build/SEGGER_RTT.o
                0x00000000200047b8                _SEGGER_RTT
 COMMON         0x0000000020004830        0x8 _build/softdevice_handler.o
                0x0000000020004830                nrf_nvic_state
 COMMON         0x0000000020004838        0x4 /usr/local/gcc-arm-none-eabi-4_9-2015q3/bin/../lib/gcc/arm-none-eabi/4.9.3/../../../../arm-none-eabi/lib/armv6-m/libc_nano.a(lib_a-reent.o)
                0x0000000020004838                errno
                0x000000002000483c                . = ALIGN (0x4)
                0x000000002000483c                __bss_end__ = .

.heap           0x0000000020004840        0x0
                0x0000000020004840                __end__ = .
                0x0000000020004840                PROVIDE (end, .)
 *(.heap*)
 .heap          0x0000000020004840        0x0 _build/gcc_startup_nrf51.o
                0x0000000020004840                __HeapLimit = .

.stack_dummy    0x0000000020004840      0x800
 *(.stack*)
 .stack         0x0000000020004840      0x800 _build/gcc_startup_nrf51.o
                0x0000000020008000                __StackTop = (ORIGIN (RAM) + 0x6150)
                0x0000000020007800                __StackLimit = (__StackTop - SIZEOF (.stack_dummy))
                0x0000000020008000                PROVIDE (__stack, __StackTop)
                0x0000000000000001                ASSERT ((__StackLimit >= __HeapLimit), region RAM overflowed with stack)
OUTPUT(_build/nrf51422_xxac_s130.out elf32-littlearm)

.ARM.attributes
                0x0000000000000000       0x28
 .ARM.attributes
                0x0000000000000000       0x1e /usr/local/gcc-arm-none-eabi-4_9-2015q3/bin/../lib/gcc/arm-none-eabi/4.9.3/armv6-m/crti.o
 .ARM.attributes
                0x000000000000001e       0x2c /usr/local/gcc-arm-none-eabi-4_9-2015q3/bin/../lib/gcc/arm-none-eabi/4.9.3/armv6-m/crtbegin.o
 .ARM.attributes
                0x000000000000004a       0x1b /usr/local/gcc-arm-none-eabi-4_9-2015q3/bin/../lib/gcc/arm-none-eabi/4.9.3/../../../../arm-none-eabi/lib/armv6-m/crt0.o
 .ARM.attributes
                0x0000000000000065       0x2c /usr/local/gcc-arm-none-eabi-4_9-2015q3/bin/../lib/gcc/arm-none-eabi/4.9.3/../../../../arm-none-eabi/lib/armv6-m/libc_nano.a(lib_a-exit.o)
 .ARM.attributes
                0x0000000000000091       0x2c /usr/local/gcc-arm-none-eabi-4_9-2015q3/bin/../lib/gcc/arm-none-eabi/4.9.3/../../../../arm-none-eabi/lib/armv6-m/libc_nano.a(lib_a-impure.o)
 .ARM.attributes
                0x00000000000000bd       0x2c /usr/local/gcc-arm-none-eabi-4_9-2015q3/bin/../lib/gcc/arm-none-eabi/4.9.3/../../../../arm-none-eabi/lib/armv6-m/libc_nano.a(lib_a-init.o)
 .ARM.attributes
                0x00000000000000e9       0x2c /usr/local/gcc-arm-none-eabi-4_9-2015q3/bin/../lib/gcc/arm-none-eabi/4.9.3/../../../../arm-none-eabi/lib/armv6-m/libc_nano.a(lib_a-memset.o)
 .ARM.attributes
                0x0000000000000115       0x2c /usr/local/gcc-arm-none-eabi-4_9-2015q3/bin/../lib/gcc/arm-none-eabi/4.9.3/../../../../arm-none-eabi/lib/armv6-m/libnosys.a(_exit.o)
 .ARM.attributes
                0x0000000000000141       0x31 _build/app_error.o
 .ARM.attributes
                0x0000000000000172       0x31 _build/app_error_weak.o
 .ARM.attributes
                0x00000000000001a3       0x31 _build/app_fifo.o
 .ARM.attributes
                0x00000000000001d4       0x31 _build/app_timer.o
 .ARM.attributes
                0x0000000000000205       0x31 _build/app_trace.o
 .ARM.attributes
                0x0000000000000236       0x31 _build/nrf_log.o
 .ARM.attributes
                0x0000000000000267       0x31 _build/app_uart_fifo.o
 .ARM.attributes
                0x0000000000000298       0x31 _build/nrf_drv_common.o
 .ARM.attributes
                0x00000000000002c9       0x31 _build/nrf_drv_gpiote.o
 .ARM.attributes
                0x00000000000002fa       0x31 _build/nrf_drv_uart.o
 .ARM.attributes
                0x000000000000032b       0x31 _build/nrf_drv_spis.o
 .ARM.attributes
                0x000000000000035c       0x31 _build/pstorage.o
 .ARM.attributes
                0x000000000000038d       0x31 _build/main.o
 .ARM.attributes
                0x00000000000003be       0x31 _build/SEGGER_RTT.o
 .ARM.attributes
                0x00000000000003ef       0x31 _build/SEGGER_RTT_printf.o
 .ARM.attributes
                0x0000000000000420       0x31 _build/ble_bas_c.o
 .ARM.attributes
                0x0000000000000451       0x31 _build/ble_db_discovery.o
 .ARM.attributes
                0x0000000000000482       0x31 _build/ble_hrs_c.o
 .ARM.attributes
                0x00000000000004b3       0x31 _build/device_manager_central.o
 .ARM.attributes
                0x00000000000004e4       0x31 _build/ble_radio_notification.o
 .ARM.attributes
                0x0000000000000515       0x31 _build/system_nrf51.o
 .ARM.attributes
                0x0000000000000546       0x31 _build/softdevice_handler.o
 .ARM.attributes
                0x0000000000000577       0x1b _build/gcc_startup_nrf51.o
 .ARM.attributes
                0x0000000000000592       0x1e /usr/local/gcc-arm-none-eabi-4_9-2015q3/bin/../lib/gcc/arm-none-eabi/4.9.3/armv6-m/libgcc.a(_udivsi3.o)
 .ARM.attributes
                0x00000000000005b0       0x1e /usr/local/gcc-arm-none-eabi-4_9-2015q3/bin/../lib/gcc/arm-none-eabi/4.9.3/armv6-m/libgcc.a(_divsi3.o)
 .ARM.attributes
                0x00000000000005ce       0x1e /usr/local/gcc-arm-none-eabi-4_9-2015q3/bin/../lib/gcc/arm-none-eabi/4.9.3/armv6-m/libgcc.a(_dvmd_tls.o)
 .ARM.attributes
                0x00000000000005ec       0x2c /usr/local/gcc-arm-none-eabi-4_9-2015q3/bin/../lib/gcc/arm-none-eabi/4.9.3/../../../../arm-none-eabi/lib/armv6-m/libc_nano.a(lib_a-ctype_.o)
 .ARM.attributes
                0x0000000000000618       0x2c /usr/local/gcc-arm-none-eabi-4_9-2015q3/bin/../lib/gcc/arm-none-eabi/4.9.3/../../../../arm-none-eabi/lib/armv6-m/libc_nano.a(lib_a-memcmp.o)
 .ARM.attributes
                0x0000000000000644       0x2c /usr/local/gcc-arm-none-eabi-4_9-2015q3/bin/../lib/gcc/arm-none-eabi/4.9.3/../../../../arm-none-eabi/lib/armv6-m/libc_nano.a(lib_a-memcpy.o)
 .ARM.attributes
                0x0000000000000670       0x2c /usr/local/gcc-arm-none-eabi-4_9-2015q3/bin/../lib/gcc/arm-none-eabi/4.9.3/../../../../arm-none-eabi/lib/armv6-m/libc_nano.a(lib_a-sprintf.o)
 .ARM.attributes
                0x000000000000069c       0x2c /usr/local/gcc-arm-none-eabi-4_9-2015q3/bin/../lib/gcc/arm-none-eabi/4.9.3/../../../../arm-none-eabi/lib/armv6-m/libc_nano.a(lib_a-sscanf.o)
 .ARM.attributes
                0x00000000000006c8       0x2c /usr/local/gcc-arm-none-eabi-4_9-2015q3/bin/../lib/gcc/arm-none-eabi/4.9.3/../../../../arm-none-eabi/lib/armv6-m/libc_nano.a(lib_a-stdio.o)
 .ARM.attributes
                0x00000000000006f4       0x2c /usr/local/gcc-arm-none-eabi-4_9-2015q3/bin/../lib/gcc/arm-none-eabi/4.9.3/../../../../arm-none-eabi/lib/armv6-m/libc_nano.a(lib_a-strcat.o)
 .ARM.attributes
                0x0000000000000720       0x1c /usr/local/gcc-arm-none-eabi-4_9-2015q3/bin/../lib/gcc/arm-none-eabi/4.9.3/../../../../arm-none-eabi/lib/armv6-m/libc_nano.a(lib_a-strcmp.o)
 .ARM.attributes
                0x000000000000073c       0x2c /usr/local/gcc-arm-none-eabi-4_9-2015q3/bin/../lib/gcc/arm-none-eabi/4.9.3/../../../../arm-none-eabi/lib/armv6-m/libc_nano.a(lib_a-strcpy.o)
 .ARM.attributes
                0x0000000000000768       0x2c /usr/local/gcc-arm-none-eabi-4_9-2015q3/bin/../lib/gcc/arm-none-eabi/4.9.3/../../../../arm-none-eabi/lib/armv6-m/libc_nano.a(lib_a-strlen.o)
 .ARM.attributes
                0x0000000000000794       0x2c /usr/local/gcc-arm-none-eabi-4_9-2015q3/bin/../lib/gcc/arm-none-eabi/4.9.3/../../../../arm-none-eabi/lib/armv6-m/libc_nano.a(lib_a-strncmp.o)
 .ARM.attributes
                0x00000000000007c0       0x2c /usr/local/gcc-arm-none-eabi-4_9-2015q3/bin/../lib/gcc/arm-none-eabi/4.9.3/../../../../arm-none-eabi/lib/armv6-m/libc_nano.a(lib_a-nano-svfprintf.o)
 .ARM.attributes
                0x00000000000007ec       0x2c /usr/local/gcc-arm-none-eabi-4_9-2015q3/bin/../lib/gcc/arm-none-eabi/4.9.3/../../../../arm-none-eabi/lib/armv6-m/libc_nano.a(lib_a-nano-svfscanf.o)
 .ARM.attributes
                0x0000000000000818       0x2c /usr/local/gcc-arm-none-eabi-4_9-2015q3/bin/../lib/gcc/arm-none-eabi/4.9.3/../../../../arm-none-eabi/lib/armv6-m/libc_nano.a(lib_a-nano-vfprintf_i.o)
 .ARM.attributes
                0x0000000000000844       0x2c /usr/local/gcc-arm-none-eabi-4_9-2015q3/bin/../lib/gcc/arm-none-eabi/4.9.3/../../../../arm-none-eabi/lib/armv6-m/libc_nano.a(lib_a-nano-vfscanf_i.o)
 .ARM.attributes
                0x0000000000000870       0x2c /usr/local/gcc-arm-none-eabi-4_9-2015q3/bin/../lib/gcc/arm-none-eabi/4.9.3/../../../../arm-none-eabi/lib/armv6-m/libc_nano.a(lib_a-reent.o)
 .ARM.attributes
                0x000000000000089c       0x2c /usr/local/gcc-arm-none-eabi-4_9-2015q3/bin/../lib/gcc/arm-none-eabi/4.9.3/../../../../arm-none-eabi/lib/armv6-m/libc_nano.a(lib_a-sccl.o)
 .ARM.attributes
                0x00000000000008c8       0x2c /usr/local/gcc-arm-none-eabi-4_9-2015q3/bin/../lib/gcc/arm-none-eabi/4.9.3/../../../../arm-none-eabi/lib/armv6-m/libc_nano.a(lib_a-strtol.o)
 .ARM.attributes
                0x00000000000008f4       0x2c /usr/local/gcc-arm-none-eabi-4_9-2015q3/bin/../lib/gcc/arm-none-eabi/4.9.3/../../../../arm-none-eabi/lib/armv6-m/libc_nano.a(lib_a-strtoul.o)
 .ARM.attributes
                0x0000000000000920       0x2c /usr/local/gcc-arm-none-eabi-4_9-2015q3/bin/../lib/gcc/arm-none-eabi/4.9.3/../../../../arm-none-eabi/lib/armv6-m/libc_nano.a(lib_a-ungetc.o)
 .ARM.attributes
                0x000000000000094c       0x2c /usr/local/gcc-arm-none-eabi-4_9-2015q3/bin/../lib/gcc/arm-none-eabi/4.9.3/../../../../arm-none-eabi/lib/armv6-m/libc_nano.a(lib_a-findfp.o)
 .ARM.attributes
                0x0000000000000978       0x2c /usr/local/gcc-arm-none-eabi-4_9-2015q3/bin/../lib/gcc/arm-none-eabi/4.9.3/../../../../arm-none-eabi/lib/armv6-m/libc_nano.a(lib_a-memchr.o)
 .ARM.attributes
                0x00000000000009a4       0x2c /usr/local/gcc-arm-none-eabi-4_9-2015q3/bin/../lib/gcc/arm-none-eabi/4.9.3/../../../../arm-none-eabi/lib/armv6-m/libc_nano.a(lib_a-memmove.o)
 .ARM.attributes
                0x00000000000009d0       0x2c /usr/local/gcc-arm-none-eabi-4_9-2015q3/bin/../lib/gcc/arm-none-eabi/4.9.3/../../../../arm-none-eabi/lib/armv6-m/libc_nano.a(lib_a-nano-freer.o)
 .ARM.attributes
                0x00000000000009fc       0x2c /usr/local/gcc-arm-none-eabi-4_9-2015q3/bin/../lib/gcc/arm-none-eabi/4.9.3/../../../../arm-none-eabi/lib/armv6-m/libc_nano.a(lib_a-nano-mallocr.o)
 .ARM.attributes
                0x0000000000000a28       0x2c /usr/local/gcc-arm-none-eabi-4_9-2015q3/bin/../lib/gcc/arm-none-eabi/4.9.3/../../../../arm-none-eabi/lib/armv6-m/libc_nano.a(lib_a-nano-reallocr.o)
 .ARM.attributes
                0x0000000000000a54       0x2c /usr/local/gcc-arm-none-eabi-4_9-2015q3/bin/../lib/gcc/arm-none-eabi/4.9.3/../../../../arm-none-eabi/lib/armv6-m/libc_nano.a(lib_a-sbrkr.o)
 .ARM.attributes
                0x0000000000000a80       0x2c /usr/local/gcc-arm-none-eabi-4_9-2015q3/bin/../lib/gcc/arm-none-eabi/4.9.3/../../../../arm-none-eabi/lib/armv6-m/libc_nano.a(lib_a-nano-msizer.o)
 .ARM.attributes
                0x0000000000000aac       0x2c /usr/local/gcc-arm-none-eabi-4_9-2015q3/bin/../lib/gcc/arm-none-eabi/4.9.3/armv6-m/crtend.o
 .ARM.attributes
                0x0000000000000ad8       0x1e /usr/local/gcc-arm-none-eabi-4_9-2015q3/bin/../lib/gcc/arm-none-eabi/4.9.3/armv6-m/crtn.o
 .ARM.attributes
                0x0000000000000af6       0x2c /usr/local/gcc-arm-none-eabi-4_9-2015q3/bin/../lib/gcc/arm-none-eabi/4.9.3/../../../../arm-none-eabi/lib/armv6-m/libnosys.a(sbrk.o)

.comment        0x0000000000000000       0x70
 .comment       0x0000000000000000       0x70 _build/app_error.o
                                         0x71 (size before relaxing)
 .comment       0x0000000000000000       0x71 _build/app_error_weak.o
 .comment       0x0000000000000000       0x71 _build/app_fifo.o
 .comment       0x0000000000000000       0x71 _build/app_timer.o
 .comment       0x0000000000000000       0x71 _build/app_trace.o
 .comment       0x0000000000000000       0x71 _build/nrf_log.o
 .comment       0x0000000000000000       0x71 _build/app_uart_fifo.o
 .comment       0x0000000000000000       0x71 _build/nrf_drv_common.o
 .comment       0x0000000000000000       0x71 _build/nrf_drv_gpiote.o
 .comment       0x0000000000000000       0x71 _build/nrf_drv_uart.o
 .comment       0x0000000000000000       0x71 _build/nrf_drv_spis.o
 .comment       0x0000000000000000       0x71 _build/pstorage.o
 .comment       0x0000000000000000       0x71 _build/main.o
 .comment       0x0000000000000000       0x71 _build/SEGGER_RTT.o
 .comment       0x0000000000000000       0x71 _build/SEGGER_RTT_printf.o
 .comment       0x0000000000000000       0x71 _build/ble_bas_c.o
 .comment       0x0000000000000000       0x71 _build/ble_db_discovery.o
 .comment       0x0000000000000000       0x71 _build/ble_hrs_c.o
 .comment       0x0000000000000000       0x71 _build/device_manager_central.o
 .comment       0x0000000000000000       0x71 _build/ble_radio_notification.o
 .comment       0x0000000000000000       0x71 _build/system_nrf51.o
 .comment       0x0000000000000000       0x71 _build/softdevice_handler.o

.debug_frame    0x0000000000000000     0x789c
 .debug_frame   0x0000000000000000       0x28 /usr/local/gcc-arm-none-eabi-4_9-2015q3/bin/../lib/gcc/arm-none-eabi/4.9.3/../../../../arm-none-eabi/lib/armv6-m/libc_nano.a(lib_a-exit.o)
 .debug_frame   0x0000000000000028       0x2c /usr/local/gcc-arm-none-eabi-4_9-2015q3/bin/../lib/gcc/arm-none-eabi/4.9.3/../../../../arm-none-eabi/lib/armv6-m/libc_nano.a(lib_a-init.o)
 .debug_frame   0x0000000000000054       0x20 /usr/local/gcc-arm-none-eabi-4_9-2015q3/bin/../lib/gcc/arm-none-eabi/4.9.3/../../../../arm-none-eabi/lib/armv6-m/libc_nano.a(lib_a-memset.o)
 .debug_frame   0x0000000000000074       0x20 /usr/local/gcc-arm-none-eabi-4_9-2015q3/bin/../lib/gcc/arm-none-eabi/4.9.3/../../../../arm-none-eabi/lib/armv6-m/libnosys.a(_exit.o)
 .debug_frame   0x0000000000000094       0x70 _build/app_error.o
 .debug_frame   0x0000000000000104       0x4c _build/app_error_weak.o
 .debug_frame   0x0000000000000150      0x170 _build/app_fifo.o
 .debug_frame   0x00000000000002c0      0x7bc _build/app_timer.o
 .debug_frame   0x0000000000000a7c       0x4c _build/app_trace.o
 .debug_frame   0x0000000000000ac8      0x12c _build/nrf_log.o
 .debug_frame   0x0000000000000bf4      0x38c _build/app_uart_fifo.o
 .debug_frame   0x0000000000000f80      0x334 _build/nrf_drv_common.o
 .debug_frame   0x00000000000012b4      0xa88 _build/nrf_drv_gpiote.o
 .debug_frame   0x0000000000001d3c      0x924 _build/nrf_drv_uart.o
 .debug_frame   0x0000000000002660      0x60c _build/nrf_drv_spis.o
 .debug_frame   0x0000000000002c6c      0x9b4 _build/pstorage.o
 .debug_frame   0x0000000000003620      0xc80 _build/main.o
 .debug_frame   0x00000000000042a0      0x2cc _build/SEGGER_RTT.o
 .debug_frame   0x000000000000456c       0xb4 _build/SEGGER_RTT_printf.o
 .debug_frame   0x0000000000004620      0x5c0 _build/ble_bas_c.o
 .debug_frame   0x0000000000004be0      0x69c _build/ble_db_discovery.o
 .debug_frame   0x000000000000527c      0x5a0 _build/ble_hrs_c.o
 .debug_frame   0x000000000000581c      0xa7c _build/device_manager_central.o
 .debug_frame   0x0000000000006298      0x410 _build/ble_radio_notification.o
 .debug_frame   0x00000000000066a8       0x9c _build/system_nrf51.o
 .debug_frame   0x0000000000006744      0x97c _build/softdevice_handler.o
 .debug_frame   0x00000000000070c0       0x20 /usr/local/gcc-arm-none-eabi-4_9-2015q3/bin/../lib/gcc/arm-none-eabi/4.9.3/armv6-m/libgcc.a(_udivsi3.o)
 .debug_frame   0x00000000000070e0       0x20 /usr/local/gcc-arm-none-eabi-4_9-2015q3/bin/../lib/gcc/arm-none-eabi/4.9.3/armv6-m/libgcc.a(_divsi3.o)
 .debug_frame   0x0000000000007100       0x2c /usr/local/gcc-arm-none-eabi-4_9-2015q3/bin/../lib/gcc/arm-none-eabi/4.9.3/../../../../arm-none-eabi/lib/armv6-m/libc_nano.a(lib_a-memcmp.o)
 .debug_frame   0x000000000000712c       0x28 /usr/local/gcc-arm-none-eabi-4_9-2015q3/bin/../lib/gcc/arm-none-eabi/4.9.3/../../../../arm-none-eabi/lib/armv6-m/libc_nano.a(lib_a-memcpy.o)
 .debug_frame   0x0000000000007154       0x50 /usr/local/gcc-arm-none-eabi-4_9-2015q3/bin/../lib/gcc/arm-none-eabi/4.9.3/../../../../arm-none-eabi/lib/armv6-m/libc_nano.a(lib_a-sprintf.o)
 .debug_frame   0x00000000000071a4       0x58 /usr/local/gcc-arm-none-eabi-4_9-2015q3/bin/../lib/gcc/arm-none-eabi/4.9.3/../../../../arm-none-eabi/lib/armv6-m/libc_nano.a(lib_a-sscanf.o)
 .debug_frame   0x00000000000071fc       0x90 /usr/local/gcc-arm-none-eabi-4_9-2015q3/bin/../lib/gcc/arm-none-eabi/4.9.3/../../../../arm-none-eabi/lib/armv6-m/libc_nano.a(lib_a-stdio.o)
 .debug_frame   0x000000000000728c       0x28 /usr/local/gcc-arm-none-eabi-4_9-2015q3/bin/../lib/gcc/arm-none-eabi/4.9.3/../../../../arm-none-eabi/lib/armv6-m/libc_nano.a(lib_a-strcat.o)
 .debug_frame   0x00000000000072b4       0x20 /usr/local/gcc-arm-none-eabi-4_9-2015q3/bin/../lib/gcc/arm-none-eabi/4.9.3/../../../../arm-none-eabi/lib/armv6-m/libc_nano.a(lib_a-strcpy.o)
 .debug_frame   0x00000000000072d4       0x20 /usr/local/gcc-arm-none-eabi-4_9-2015q3/bin/../lib/gcc/arm-none-eabi/4.9.3/../../../../arm-none-eabi/lib/armv6-m/libc_nano.a(lib_a-strlen.o)
 .debug_frame   0x00000000000072f4       0x2c /usr/local/gcc-arm-none-eabi-4_9-2015q3/bin/../lib/gcc/arm-none-eabi/4.9.3/../../../../arm-none-eabi/lib/armv6-m/libc_nano.a(lib_a-strncmp.o)
 .debug_frame   0x0000000000007320       0x74 /usr/local/gcc-arm-none-eabi-4_9-2015q3/bin/../lib/gcc/arm-none-eabi/4.9.3/../../../../arm-none-eabi/lib/armv6-m/libc_nano.a(lib_a-nano-svfprintf.o)
 .debug_frame   0x0000000000007394       0x68 /usr/local/gcc-arm-none-eabi-4_9-2015q3/bin/../lib/gcc/arm-none-eabi/4.9.3/../../../../arm-none-eabi/lib/armv6-m/libc_nano.a(lib_a-nano-svfscanf.o)